--------- beginning of main
01-17 15:25:39.070  1290  1290 W auditd  : type=2000 audit(0.0:1): initialized
01-17 15:25:39.700  1290  1290 I auditd  : type=1403 audit(0.0:2): policy loaded auid=4294967295 ses=4294967295
01-17 15:25:39.700  1290  1290 W auditd  : type=1404 audit(0.0:3): enforcing=1 old_enforcing=0 auid=4294967295 ses=4294967295
01-17 15:25:40.414  1299  1299 I         : debuggerd: starting
--------- beginning of system
01-17 15:25:40.435  1300  1300 I vold    : Vold 3.0 (the awakening) firing up
01-17 15:25:40.436  1300  1300 V vold    : Detected support for: ext4 vfat
01-17 15:25:40.436  1298  1298 I         : debuggerd: starting
01-17 15:25:40.694  1300  1304 D vold    : Recognized experimental block major ID 253 as virtio-blk (emulator's virtual SD card device)
01-17 15:25:40.694  1300  1304 V vold    : /system/bin/sgdisk
01-17 15:25:40.694  1300  1304 V vold    :     --android-dump
01-17 15:25:40.694  1300  1304 V vold    :     /dev/block/vold/disk:253,64
01-17 15:25:40.705  1300  1304 V vold    : DISK mbr
01-17 15:25:40.706  1300  1304 V vold    : 
01-17 15:25:40.706  1300  1304 W vold    : disk:253,64 has unknown partition table; trying entire device
01-17 15:25:40.706  1300  1304 V vold    : /system/bin/blkid
01-17 15:25:40.706  1300  1304 V vold    :     -c
01-17 15:25:40.706  1300  1304 V vold    :     /dev/null
01-17 15:25:40.706  1300  1304 V vold    :     -s
01-17 15:25:40.706  1300  1304 V vold    :     TYPE
01-17 15:25:40.706  1300  1304 V vold    :     -s
01-17 15:25:40.706  1300  1304 V vold    :     UUID
01-17 15:25:40.706  1300  1304 V vold    :     -s
01-17 15:25:40.706  1300  1304 V vold    :     LABEL
01-17 15:25:40.706  1300  1304 V vold    :     /dev/block/vold/disk:253,64
01-17 15:25:40.713  1300  1337 D vold    : e4crypt_init_user0
01-17 15:25:40.713  1300  1337 D vold    : e4crypt_prepare_user_storage for volume null, user 0, serial 0, flags 1
01-17 15:25:40.713  1300  1337 D vold    : Preparing: /data/system/users/0
01-17 15:25:40.713  1300  1337 D vold    : Preparing: /data/misc/profiles/cur/0
01-17 15:25:40.713  1300  1337 D vold    : Preparing: /data/misc/profiles/cur/0/foreign-dex
01-17 15:25:40.713  1300  1337 D vold    : Preparing: /data/system_de/0
01-17 15:25:40.713  1300  1337 D vold    : Preparing: /data/misc_de/0
01-17 15:25:40.713  1300  1337 D vold    : Preparing: /data/user_de/0
01-17 15:25:40.714  1300  1337 D vold    : e4crypt_unlock_user_key 0 serial=0 token_present=0
01-17 15:25:40.714  1300  1337 E vold    : Failed to chmod /data/system_ce/0: No such file or directory
01-17 15:25:40.714  1300  1337 E vold    : Failed to chmod /data/misc_ce/0: No such file or directory
01-17 15:25:40.714  1300  1337 E vold    : Failed to chmod /data/media/0: No such file or directory
01-17 15:25:40.714  1300  1304 V vold    : /dev/block/vold/disk:253,64: LABEL="SDCARD" UUID="0000-0000" TYPE="vfat" 
01-17 15:25:40.714  1300  1304 V vold    : 
01-17 15:25:40.714     1     1 I vdc     : 200 1301 Command succeeded
01-17 15:25:40.720  1338  1338 I /system/bin/tzdatacheck: tzdata file /data/misc/zoneinfo/current/tzdata does not exist. No action required.
01-17 15:25:40.733  1342  1342 I qemu-props: connected to 'boot-properties' qemud service.
01-17 15:25:40.733  1342  1342 I qemu-props: receiving..
01-17 15:25:40.733  1342  1342 I qemu-props: received: qemu.cmdline=androidboot.logcat=*:V androidboot.consolepipe=qemu_pipe,pipe:logcat
01-17 15:25:40.739  1342  1342 I qemu-props: receiving..
01-17 15:25:40.739  1342  1342 I qemu-props: received: qemu.logcat=start
01-17 15:25:40.739  1342  1342 I qemu-props: receiving..
01-17 15:25:40.739  1342  1342 I qemu-props: received: ro.opengles.version=131072
01-17 15:25:40.740  1342  1342 I qemu-props: receiving..
01-17 15:25:40.740  1342  1342 I qemu-props: received: qemu.sf.fake_camera=front
01-17 15:25:40.740  1342  1342 I qemu-props: receiving..
01-17 15:25:40.741  1342  1342 I qemu-props: received: dalvik.vm.heapsize=384m
01-17 15:25:40.741  1342  1342 I qemu-props: receiving..
01-17 15:25:40.741  1342  1342 I qemu-props: received: qemu.hw.mainkeys=0
01-17 15:25:40.741  1342  1342 I qemu-props: receiving..
01-17 15:25:40.741  1342  1342 I qemu-props: received: qemu.sf.lcd_density=420
01-17 15:25:40.741  1342  1342 I qemu-props: receiving..
01-17 15:25:40.741  1342  1342 I qemu-props: received: monodroid.avdname=pixel_7_-_api_24
01-17 15:25:40.741  1342  1342 I qemu-props: receiving..
01-17 15:25:40.741  1342  1342 I qemu-props: received: qemu.timezone=Africa/Casablanca
01-17 15:25:40.741  1342  1342 I qemu-props: receiving..
01-17 15:25:40.741  1342  1342 I qemu-props: exiting (9 properties set).
01-17 15:25:40.743  1343  1343 I lowmemorykiller: Using in-kernel low memory killer interface
01-17 15:25:40.744  1300  1337 D VoldCryptCmdListener: cryptfs mountdefaultencrypted
01-17 15:25:40.787  1300  1351 I Cryptfs : cryptfs_check_passwd
01-17 15:25:40.789  1300  1351 D Cryptfs : crypt_ftr->fs_size = 12582912
01-17 15:25:40.791  1300  1351 I Cryptfs : Using scrypt for cryptfs KDF
01-17 15:25:40.842  1346  1346 I SurfaceFlinger: SurfaceFlinger is starting
01-17 15:25:40.843  1346  1346 I SurfaceFlinger: SurfaceFlinger's main thread ready to run. Initializing graphics H/W...
01-17 15:25:40.843  1346  1346 D libEGL  : Emulator has host GPU support, qemu.gles is set to 1.
01-17 15:25:40.845  1346  1346 E libEGL  : load_driver(/system/lib64/egl/libGLES_emulation.so): dlopen failed: library "/system/lib64/egl/libGLES_emulation.so" not found
01-17 15:25:40.853  1346  1346 D libEGL  : loaded /system/lib64/egl/libEGL_emulation.so
01-17 15:25:40.855  1346  1346 D libEGL  : loaded /system/lib64/egl/libGLESv1_CM_emulation.so
01-17 15:25:40.859  1346  1346 D libEGL  : loaded /system/lib64/egl/libGLESv2_emulation.so
01-17 15:25:40.864  1346  1346 D         : HostConnection::get() New Host Connection established 0x73398982d540, tid 1346
01-17 15:25:40.872  1346  1346 E SurfaceFlinger: hwcomposer module not found
01-17 15:25:40.872  1346  1346 I SurfaceFlinger: EGL information:
01-17 15:25:40.872  1346  1346 I SurfaceFlinger: vendor    : Android
01-17 15:25:40.872  1346  1346 I SurfaceFlinger: version   : 1.4 Android META-EGL
01-17 15:25:40.873  1346  1346 I SurfaceFlinger: extensions: EGL_KHR_get_all_proc_addresses EGL_ANDROID_presentation_time EGL_KHR_swap_buffers_with_damage EGL_ANDROID_create_native_client_buffer EGL_ANDROID_front_buffer_auto_refresh EGL_KHR_image EGL_KHR_image_base EGL_KHR_gl_texture_2D_image EGL_KHR_fence_sync EGL_ANDROID_image_native_buffer EGL_ANDROID_recordable 
01-17 15:25:40.873  1346  1346 I SurfaceFlinger: Client API: OpenGL_ES
01-17 15:25:40.873  1346  1346 I SurfaceFlinger: EGLSurface: 8-8-8-8, config=0x1
01-17 15:25:40.887  1346  1346 D EGL_emulation: eglCreateContext: 0x733989842140: maj 2 min 0 rcv 2
01-17 15:25:40.892  1346  1346 D EGL_emulation: eglMakeCurrent: 0x733989842140: ver 2 0 (tinfo 0x73398982bea0)
01-17 15:25:40.895  1346  1346 I SurfaceFlinger: OpenGL ES informations:
01-17 15:25:40.895  1346  1346 I SurfaceFlinger: vendor    : Google (ATI Technologies Inc.)
01-17 15:25:40.895  1346  1346 I SurfaceFlinger: renderer  : Android Emulator OpenGL ES Translator (AMD Radeon(TM) Graphics)
01-17 15:25:40.895  1346  1346 I SurfaceFlinger: version   : OpenGL ES 2.0 (4.5.0 Core Profile Context 23.19.12.03.240603)
01-17 15:25:40.895  1346  1346 I SurfaceFlinger: extensions: GL_EXT_debug_marker GL_EXT_robustness GL_OES_EGL_sync GL_OES_EGL_image GL_OES_EGL_image_external GL_OES_depth24 GL_OES_depth32 GL_OES_element_index_uint GL_OES_texture_float GL_OES_texture_float_linear GL_OES_compressed_ETC1_RGB8_texture GL_OES_depth_texture GL_OES_texture_half_float GL_OES_texture_half_float_linear GL_OES_packed_depth_stencil GL_OES_texture_npot GL_OES_rgb8_rgba8 GL_OVR_multiview2 GL_EXT_color_buffer_half_float GL_EXT_texture_format_BGRA8888 ANDROID_EMU_CHECKSUM_HELPER_v1 ANDROID_EMU_native_sync_v2 ANDROID_EMU_native_sync_v3 ANDROID_EMU_native_sync_v4 ANDROID_EMU_dma_v1 ANDROID_EMU_sync_buffer_data GL_OES_vertex_array_object GL_KHR_texture_compression_astc_ldr ANDROID_EMU_host_side_tracing ANDROID_EMU_gles_max_version_2 
01-17 15:25:40.895  1346  1346 I SurfaceFlinger: GL_MAX_TEXTURE_SIZE = 16384
01-17 15:25:40.895  1346  1346 I SurfaceFlinger: GL_MAX_VIEWPORT_DIMS = 16384
01-17 15:25:40.897  1346  1346 D gralloc_ranchu: gralloc_alloc: Creating ashmem region of size 4096
01-17 15:25:40.900  1346  1346 D EGL_emulation: eglMakeCurrent: 0x733989842140: ver 2 0 (tinfo 0x73398982bea0)
01-17 15:25:40.905  1346  1346 D SurfaceFlinger: Set power mode=2, type=0 flinger=0x733989847040
01-17 15:25:41.018  1346  1361 E SurfaceFlinger: ro.sf.lcd_density must be defined as a build property
01-17 15:25:41.050  1346  1346 D SurfaceFlinger: shader cache generated - 24 shaders in 132.681595 ms
01-17 15:25:41.054  1300  1351 I Cryptfs : Enabling support for allow_discards in dmcrypt.
01-17 15:25:41.058  1346  1346 D gralloc_ranchu: gralloc_alloc: Creating ashmem region of size 4096
01-17 15:25:41.060  1300  1304 D vold    : Disk at 252:0 changed
01-17 15:25:41.067  1370  1373 D libEGL  : Emulator has host GPU support, qemu.gles is set to 1.
01-17 15:25:41.068  1370  1373 E libEGL  : load_driver(/system/lib64/egl/libGLES_emulation.so): dlopen failed: library "/system/lib64/egl/libGLES_emulation.so" not found
01-17 15:25:41.068  1370  1373 D libEGL  : loaded /system/lib64/egl/libEGL_emulation.so
01-17 15:25:41.069  1370  1373 D libEGL  : loaded /system/lib64/egl/libGLESv1_CM_emulation.so
01-17 15:25:41.071  1370  1373 D libEGL  : loaded /system/lib64/egl/libGLESv2_emulation.so
01-17 15:25:41.073  1370  1373 D         : HostConnection::get() New Host Connection established 0x744940c1d860, tid 1373
01-17 15:25:41.076  1346  1361 D         : HostConnection::get() New Host Connection established 0x73398941b300, tid 1361
01-17 15:25:41.095  1370  1373 D EGL_emulation: eglCreateContext: 0x744940c13640: maj 1 min 0 rcv 1
01-17 15:25:41.108  1370  1373 D EGL_emulation: eglMakeCurrent: 0x744940c13640: ver 1 0 (tinfo 0x744940c18140)
01-17 15:25:41.136  1346  1363 D         : HostConnection::get() New Host Connection established 0x73398982fbe0, tid 1363
01-17 15:25:41.176  1300  1351 I Cryptfs : Password matches
01-17 15:25:41.177  1300  1351 D Cryptfs : test_mount_encrypted_fs(): Master key saved
01-17 15:25:41.178  1300  1351 I Cryptfs : keymaster module name is Keymaster OpenSSL HAL
01-17 15:25:41.178  1300  1351 I Cryptfs : keymaster version is 2
01-17 15:25:41.178  1300  1351 I Cryptfs : Found keymaster0 module, using keymaster0 API.
01-17 15:25:41.178  1300  1351 D Cryptfs : Password is default - restarting filesystem
01-17 15:25:41.178  1300  1351 D Cryptfs : unmounting /data succeeded
01-17 15:25:41.504  1300  1351 D Cryptfs : Just triggered post_fs_data
01-17 15:25:41.537  1300  1337 D vold    : e4crypt_init_user0
01-17 15:25:41.537  1300  1337 D vold    : e4crypt_prepare_user_storage for volume null, user 0, serial 0, flags 1
01-17 15:25:41.537  1300  1337 D vold    : Preparing: /data/system/users/0
01-17 15:25:41.538  1300  1337 D vold    : Preparing: /data/misc/profiles/cur/0
01-17 15:25:41.540  1300  1337 D vold    : Preparing: /data/misc/profiles/cur/0/foreign-dex
01-17 15:25:41.540  1300  1337 D vold    : Preparing: /data/system_de/0
01-17 15:25:41.541  1300  1337 D vold    : Preparing: /data/misc_de/0
01-17 15:25:41.542  1300  1337 D vold    : Preparing: /data/user_de/0
01-17 15:25:41.542  1300  1337 D vold    : e4crypt_unlock_user_key 0 serial=0 token_present=0
01-17 15:25:41.544     1     1 I vdc     : 200 1397 Command succeeded
01-17 15:25:41.549  1398  1398 I /system/bin/tzdatacheck: tzdata file /data/misc/zoneinfo/current/tzdata does not exist. No action required.
01-17 15:25:41.555  1300  1351 D Cryptfs : post_fs_data done
01-17 15:25:41.555  1300  1351 D Cryptfs : Just triggered restart_framework
01-17 15:25:41.558  1399  1399 I bootstat: Service started: /system/bin/bootstat -r post_decrypt_time_elapsed 
01-17 15:25:41.782  1407  1407 I mediacodec: @@@ mediacodecservice starting
01-17 15:25:41.782  1407  1407 W         : No seccomp filter defined for this architecture.
01-17 15:25:41.782  1403  1403 I cameraserver: ServiceManager: 0xf589af80
01-17 15:25:41.793  1403  1403 I CameraService: CameraService started (pid=1403)
01-17 15:25:41.793  1402  1402 I         : sMaxFastTracks = 8
01-17 15:25:41.793  1403  1403 I CameraService: CameraService process starting
01-17 15:25:41.794  1403  1403 W BatteryNotifier: batterystats service unavailable!
01-17 15:25:41.794  1403  1403 W BatteryNotifier: batterystats service unavailable!
01-17 15:25:41.794  1402  1402 I audioserver: ServiceManager: 0xf381af80
01-17 15:25:41.794  1402  1402 W BatteryNotifier: batterystats service unavailable!
01-17 15:25:41.794  1402  1402 I AudioFlinger: Using default 3000 mSec as standby time.
01-17 15:25:41.795  1408  1408 I mediaserver: ServiceManager: 0xe9cbc000
01-17 15:25:41.796  1410  1410 I mediaserver: ServiceManager: 0xe9e3c000
01-17 15:25:41.796  1402  1402 I AudioPolicyService: AudioPolicyService CSTOR in new mode
01-17 15:25:41.799  1402  1402 I APM::ConfigParsingUtils: loadAudioPolicyConfig() loaded /system/etc/audio_policy.conf
01-17 15:25:41.799  1403  1403 D EmulatedCamera_QemuClient: Emulated camera list: name=virtualscene channel=0 pix=876758866 dir=back framedims=640x480,352x288,320x240,176x144,1280x720,1280x960
01-17 15:25:41.800  1403  1403 V EmulatedCamera_QemuCamera: Initialize:
01-17 15:25:41.800  1403  1403 V EmulatedCamera_QemuCamera:    Name=virtualscene
01-17 15:25:41.800  1403  1403 V EmulatedCamera_QemuCamera:    Facing 'back'
01-17 15:25:41.800  1403  1403 V EmulatedCamera_QemuCamera:    Dimensions=640x480,352x288,320x240,176x144,1280x720,1280x960
01-17 15:25:41.800  1403  1403 V EmulatedCamera_QemuDevice: Initialize: Connected to the emulated camera service 'virtualscene'
01-17 15:25:41.800  1403  1403 V EmulatedCamera_Device: initializeWhiteBalanceModes with auto, 1.000000, 1.000000
01-17 15:25:41.800  1403  1403 V EmulatedCamera_Device: initializeWhiteBalanceModes with incandescent, 1.380000, 0.600000
01-17 15:25:41.800  1403  1403 V EmulatedCamera_Device: initializeWhiteBalanceModes with daylight, 1.090000, 0.920000
01-17 15:25:41.801  1403  1403 V EmulatedCamera_Device: initializeWhiteBalanceModes with twilight, 0.920000, 1.220000
01-17 15:25:41.801  1403  1403 V EmulatedCamera_Device: setWhiteBalanceMode with white balance auto
01-17 15:25:41.801  1403  1403 I EmulatedCamera_QemuCamera: Initialize: 640x480
01-17 15:25:41.801  1403  1403 I EmulatedCamera_QemuCamera: Initialize: 352x288
01-17 15:25:41.801  1403  1403 I EmulatedCamera_QemuCamera: Initialize: 320x240
01-17 15:25:41.801  1403  1403 I EmulatedCamera_QemuCamera: Initialize: 176x144
01-17 15:25:41.801  1403  1403 I EmulatedCamera_QemuCamera: Initialize: 1280x720
01-17 15:25:41.801  1403  1403 I EmulatedCamera_QemuCamera: Initialize: 1280x960
01-17 15:25:41.801  1403  1403 V EmulatedCamera_QemuCamera: Initialize: Qemu camera virtualscene is initialized. Current frame is 640x480
01-17 15:25:41.801  1403  1403 D EmulatedCamera_FakeCamera: Initialize: Fake camera is facing front
01-17 15:25:41.801  1403  1403 V EmulatedCamera_Device: initializeWhiteBalanceModes with auto, 1.000000, 1.000000
01-17 15:25:41.801  1403  1403 V EmulatedCamera_Device: initializeWhiteBalanceModes with incandescent, 1.380000, 0.600000
01-17 15:25:41.801  1403  1403 V EmulatedCamera_Device: initializeWhiteBalanceModes with daylight, 1.090000, 0.920000
01-17 15:25:41.801  1403  1403 V EmulatedCamera_Device: initializeWhiteBalanceModes with twilight, 0.920000, 1.220000
01-17 15:25:41.801  1403  1403 V EmulatedCamera_Device: setWhiteBalanceMode with white balance auto
01-17 15:25:41.801  1403  1403 E EmulatedCamera_Factory: 2 cameras are being emulated. 0 of them are fake cameras.
01-17 15:25:41.801  1402  1402 D audio_hw_generic: Emulator host-side ALSA audio emulation detected.
01-17 15:25:41.801  1403  1403 E EmulatedCamera_HotplugThread: createFileIfNotExists: Could not create file '/data/misc/media/emulator.camera.hotplug.0', error: 'Permission denied' (13)
01-17 15:25:41.801  1402  1402 D audio_hw_generic: mixer 0 name Master Playback Volume
01-17 15:25:41.801  1403  1403 E EmulatedCamera_HotplugThread: createFileIfNotExists: Could not create file '/data/misc/media/emulator.camera.hotplug.1', error: 'Permission denied' (13)
01-17 15:25:41.801  1402  1402 D audio_hw_generic: set ctl 0 to 100
01-17 15:25:41.802  1402  1402 D audio_hw_generic: set ctl 1 to 100
01-17 15:25:41.802  1403  1403 I CameraService: Loaded "Emulated Camera Module" camera module
01-17 15:25:41.802  1403  1403 E CameraService: setUpVendorTags: Vendor tag operations not fully defined. Ignoring definitions.
01-17 15:25:41.802  1402  1402 D audio_hw_generic: mixer 1 name Master Playback Switch
01-17 15:25:41.802  1402  1402 D audio_hw_generic: set ctl 0 to 1
01-17 15:25:41.802  1403  1403 V EmulatedCamera_Camera: getCameraInfo
01-17 15:25:41.802  1403  1403 V EmulatedCamera_BaseCamera: getCameraInfo
01-17 15:25:41.802  1402  1402 D audio_hw_generic: set ctl 1 to 1
01-17 15:25:41.802  1403  1403 I CameraFlashlight: Opening camera 0
01-17 15:25:41.802  1403  1403 V EmulatedCamera_Camera: getCameraInfo
01-17 15:25:41.802  1403  1403 V EmulatedCamera_BaseCamera: getCameraInfo
01-17 15:25:41.802  1403  1403 V EmulatedCamera_Camera: connectCamera
01-17 15:25:41.802  1403  1403 V EmulatedCamera_QemuDevice: connectDevice
01-17 15:25:41.802  1402  1402 D audio_hw_generic: mixer 2 name Capture Volume
01-17 15:25:41.802  1403  1403 V EmulatedCamera_QemuDevice: connectDevice: Connected to device 'virtualscene'
01-17 15:25:41.802  1403  1403 V EmulatedCamera_CallbackNotifier: setCallbacks: 0xf60b1d30, 0xf60b1d80, 0xf60b1ea0, 0xf60b1fc0 (0xf58c30a0)
01-17 15:25:41.802  1402  1402 D audio_hw_generic: set ctl 0 to 100
01-17 15:25:41.802  1402  1402 D audio_hw_generic: set ctl 1 to 100
01-17 15:25:41.803  1402  1402 D audio_hw_generic: mixer 3 name Capture Switch
01-17 15:25:41.803  1402  1402 D audio_hw_generic: set ctl 0 to 1
01-17 15:25:41.803  1402  1402 D audio_hw_generic: set ctl 1 to 1
01-17 15:25:41.803  1403  1403 V EmulatedCamera_Preview: setPreviewWindow: current: 0x0 -> new: 0xf58c30b0
01-17 15:25:41.803  1403  1403 V EmulatedCamera_Preview: setPreviewWindow: current: 0xf58c30b0 -> new: 0x0
01-17 15:25:41.803  1403  1403 V EmulatedCamera_Camera: doStopPreview
01-17 15:25:41.803  1403  1403 V EmulatedCamera_Preview: setPreviewWindow: current: 0x0 -> new: 0x0
01-17 15:25:41.803  1402  1402 D audio_hw_generic: mixer 4 name Line Phantom Jack
01-17 15:25:41.803  1403  1403 V EmulatedCamera_Camera: releaseCamera
01-17 15:25:41.803  1402  1402 D audio_hw_generic: mixer 5 name Line Out Phantom Jack
01-17 15:25:41.803  1403  1403 V EmulatedCamera_Camera: doStopPreview
01-17 15:25:41.803  1402  1402 D audio_hw_generic: mixer 6 name Playback Channel Map
01-17 15:25:41.803  1403  1403 V EmulatedCamera_QemuDevice: disconnectDevice
01-17 15:25:41.803  1402  1402 D audio_hw_generic: mixer 7 name Capture Channel Map
01-17 15:25:41.803  1402  1402 I AudioFlinger: loadHwModule() Loaded primary audio interface from Generic audio HW HAL (audio) handle 10
01-17 15:25:41.803  1402  1402 I AudioFlinger: openOutput(), module 10 Device 2, SamplingRate 48000, Format 0x000001, Channels 3, flags 2
01-17 15:25:41.803  1403  1403 V EmulatedCamera_QemuDevice: disconnectDevice: Disonnected from device 'virtualscene'
01-17 15:25:41.803  1403  1403 V EmulatedCamera_Device: initializeWhiteBalanceModes with auto, 1.000000, 1.000000
01-17 15:25:41.803  1403  1403 V EmulatedCamera_Device: initializeWhiteBalanceModes with incandescent, 1.380000, 0.600000
01-17 15:25:41.803  1403  1403 V EmulatedCamera_Device: initializeWhiteBalanceModes with daylight, 1.090000, 0.920000
01-17 15:25:41.803  1403  1403 V EmulatedCamera_Device: initializeWhiteBalanceModes with twilight, 0.920000, 1.220000
01-17 15:25:41.803  1403  1403 V EmulatedCamera_Device: setWhiteBalanceMode with white balance auto
01-17 15:25:41.803  1403  1403 I CameraFlashlight: Destroying camera 0
01-17 15:25:41.803  1403  1403 V EmulatedCamera_Camera: closeCamera
01-17 15:25:41.803  1403  1403 V EmulatedCamera_Camera: doStopPreview
01-17 15:25:41.803  1403  1403 V EmulatedCamera_Device: initializeWhiteBalanceModes with auto, 1.000000, 1.000000
01-17 15:25:41.803  1410  1410 W BatteryNotifier: batterystats service unavailable!
01-17 15:25:41.803  1403  1403 V EmulatedCamera_Device: initializeWhiteBalanceModes with incandescent, 1.380000, 0.600000
01-17 15:25:41.804  1403  1403 V EmulatedCamera_Device: initializeWhiteBalanceModes with daylight, 1.090000, 0.920000
01-17 15:25:41.804  1403  1403 V EmulatedCamera_Device: initializeWhiteBalanceModes with twilight, 0.920000, 1.220000
01-17 15:25:41.804  1403  1403 V EmulatedCamera_Device: setWhiteBalanceMode with white balance auto
01-17 15:25:41.804  1403  1403 V EmulatedCamera_Camera: getCameraInfo
01-17 15:25:41.804  1403  1403 V EmulatedCamera_BaseCamera: getCameraInfo
01-17 15:25:41.804  1403  1403 I CameraFlashlight: Opening camera 1
01-17 15:25:41.804  1403  1403 V EmulatedCamera_Camera: getCameraInfo
01-17 15:25:41.804  1403  1403 V EmulatedCamera_BaseCamera: getCameraInfo
01-17 15:25:41.804  1403  1403 V EmulatedCamera_Camera: connectCamera
01-17 15:25:41.804  1403  1403 V EmulatedCamera_FakeDevice: connectDevice
01-17 15:25:41.804  1403  1403 V EmulatedCamera_CallbackNotifier: setCallbacks: 0xf60b1d30, 0xf60b1d80, 0xf60b1ea0, 0xf60b1fc0 (0xf58c30a0)
01-17 15:25:41.804  1403  1403 V EmulatedCamera_Preview: setPreviewWindow: current: 0x0 -> new: 0xf58c30b0
01-17 15:25:41.804  1403  1403 V EmulatedCamera_Preview: setPreviewWindow: current: 0xf58c30b0 -> new: 0x0
01-17 15:25:41.804  1403  1403 V EmulatedCamera_Camera: doStopPreview
01-17 15:25:41.804  1403  1403 V EmulatedCamera_Preview: setPreviewWindow: current: 0x0 -> new: 0x0
01-17 15:25:41.804  1403  1403 V EmulatedCamera_Camera: releaseCamera
01-17 15:25:41.804  1403  1403 V EmulatedCamera_Camera: doStopPreview
01-17 15:25:41.805  1403  1403 V EmulatedCamera_FakeDevice: disconnectDevice
01-17 15:25:41.805  1403  1403 W EmulatedCamera_Device: Initialize: Emulated camera device is already initialized: mState = 1
01-17 15:25:41.805  1403  1403 D EmulatedCamera_FakeCamera: Initialize: Fake camera is facing front
01-17 15:25:41.805  1403  1403 V EmulatedCamera_Device: initializeWhiteBalanceModes with auto, 1.000000, 1.000000
01-17 15:25:41.805  1403  1403 V EmulatedCamera_Device: initializeWhiteBalanceModes with incandescent, 1.380000, 0.600000
01-17 15:25:41.805  1403  1403 V EmulatedCamera_Device: initializeWhiteBalanceModes with daylight, 1.090000, 0.920000
01-17 15:25:41.805  1403  1403 V EmulatedCamera_Device: initializeWhiteBalanceModes with twilight, 0.920000, 1.220000
01-17 15:25:41.805  1403  1403 V EmulatedCamera_Device: setWhiteBalanceMode with white balance auto
01-17 15:25:41.805  1403  1403 I CameraFlashlight: Destroying camera 1
01-17 15:25:41.805  1403  1403 V EmulatedCamera_Camera: closeCamera
01-17 15:25:41.805  1403  1403 V EmulatedCamera_Camera: doStopPreview
01-17 15:25:41.805  1403  1403 W EmulatedCamera_Device: Initialize: Emulated camera device is already initialized: mState = 1
01-17 15:25:41.805  1403  1403 D EmulatedCamera_FakeCamera: Initialize: Fake camera is facing front
01-17 15:25:41.805  1403  1403 V EmulatedCamera_Device: initializeWhiteBalanceModes with auto, 1.000000, 1.000000
01-17 15:25:41.805  1403  1403 V EmulatedCamera_Device: initializeWhiteBalanceModes with incandescent, 1.380000, 0.600000
01-17 15:25:41.805  1403  1403 V EmulatedCamera_Device: initializeWhiteBalanceModes with daylight, 1.090000, 0.920000
01-17 15:25:41.805  1403  1403 V EmulatedCamera_Device: initializeWhiteBalanceModes with twilight, 0.920000, 1.220000
01-17 15:25:41.805  1403  1403 V EmulatedCamera_Device: setWhiteBalanceMode with white balance auto
01-17 15:25:41.805  1403  1403 V EmulatedCamera_Camera: getCameraInfo
01-17 15:25:41.805  1403  1403 V EmulatedCamera_BaseCamera: getCameraInfo
01-17 15:25:41.805  1403  1403 V EmulatedCamera_Camera: getCameraInfo
01-17 15:25:41.805  1403  1403 V EmulatedCamera_BaseCamera: getCameraInfo
01-17 15:25:41.805  1403  1403 I ServiceManager: Waiting for service media.camera.proxy...
01-17 15:25:41.805  1402  1402 I AudioFlinger: HAL output buffer size 720 frames, normal sink buffer size 1152 frames
01-17 15:25:41.809  1402  1402 I BufferProvider: found effect "Multichannel Downmix To Stereo" from The Android Open Source Project
01-17 15:25:41.810  1402  1402 I AudioFlinger: Using module 10 has the primary audio interface
01-17 15:25:41.810  1402  1426 I AudioFlinger: AudioFlinger's thread 0xf3283a00 ready to run
01-17 15:25:41.810  1402  1426 W BatteryNotifier: batterystats service unavailable!
01-17 15:25:41.810  1402  1426 W BatteryNotifier: batterystats service unavailable!
01-17 15:25:41.812  1409  1409 V MediaUtils: physMem: 1570570240
01-17 15:25:41.812  1402  1426 W BatteryNotifier: batterystats service unavailable!
01-17 15:25:41.812  1409  1409 V MediaUtils: requested limit: 314114040
01-17 15:25:41.812  1409  1409 V MediaUtils: actual limit: 314114040
01-17 15:25:41.812  1409  1409 V MediaUtils: original limits: 4294967295/4294967295
01-17 15:25:41.812  1409  1409 V MediaUtils: new limits: 314114040/4294967295
01-17 15:25:41.812  1409  1409 W /system/bin/mediaextractor: libminijail: allowing syscall: socketcall
01-17 15:25:41.812  1402  1426 W AudioFlinger: no wake lock to update, system not ready yet
01-17 15:25:41.812  1409  1409 W /system/bin/mediaextractor: libminijail: allowing syscall: writev
01-17 15:25:41.812  1409  1409 W /system/bin/mediaextractor: libminijail: allowing syscall: fcntl64
01-17 15:25:41.812  1409  1409 W /system/bin/mediaextractor: libminijail: allowing syscall: clock_gettime
01-17 15:25:41.812  1409  1409 W /system/bin/mediaextractor: libminijail: logging seccomp filter failures
01-17 15:25:41.825  1402  1430 I AudioFlinger: AudioFlinger's thread 0xf2d83ac0 ready to run
01-17 15:25:41.826  1402  1402 I r_submix: adev_open(name=audio_hw_if)
01-17 15:25:41.826  1402  1402 I r_submix: adev_init_check()
01-17 15:25:41.826  1402  1402 I AudioFlinger: loadHwModule() Loaded r_submix audio interface from Wifi Display audio HAL (audio) handle 18
01-17 15:25:41.826  1402  1402 D r_submix: adev_open_input_stream(addr=0)
01-17 15:25:41.826  1402  1402 D r_submix: submix_audio_device_create_pipe_l(addr=0, idx=9)
01-17 15:25:41.826  1402  1402 D r_submix:   now using address 0 for route 9
01-17 15:25:41.827  1402  1431 I AudioFlinger: AudioFlinger's thread 0xf2e83080 ready to run
01-17 15:25:41.827  1402  1402 D r_submix: adev_close_input_stream()
01-17 15:25:41.827  1402  1402 D r_submix: submix_audio_device_release_pipe_l(idx=9) addr=0
01-17 15:25:41.827  1402  1402 D r_submix: submix_audio_device_destroy_pipe_l(): pipe destroyed
01-17 15:25:41.828  1402  1402 I RadioService: RadioService
01-17 15:25:41.828  1402  1402 I RadioService: onFirstRef
01-17 15:25:41.828  1402  1402 E RadioService: couldn't load radio module radio.primary (No such file or directory)
01-17 15:25:41.828  1402  1402 E SoundTriggerHwService: couldn't load sound trigger module sound_trigger.primary (No such file or directory)
01-17 15:25:41.837  1406  1406 I keystore: Found keymaster0 module Keymaster OpenSSL HAL, version 2
01-17 15:25:41.838  1406  1406 I SoftKeymaster: system/keymaster/soft_keymaster_device.cpp, Line 131: Creating device
01-17 15:25:41.838  1406  1406 D SoftKeymaster: system/keymaster/soft_keymaster_device.cpp, Line 132: Device address: 0x763393e3d000
01-17 15:25:41.838  1406  1406 I keystore: Keymaster0 module is software-only.  Using SoftKeymasterDevice instead.
01-17 15:25:41.838  1406  1406 I SoftKeymaster: system/keymaster/soft_keymaster_device.cpp, Line 131: Creating device
01-17 15:25:41.838  1406  1406 D SoftKeymaster: system/keymaster/soft_keymaster_device.cpp, Line 132: Device address: 0x763393e3d400
01-17 15:25:41.847  1405  1405 I         : installd firing up
01-17 15:25:41.852  1414  1414 I fingerprintd: Starting fingerprintd
01-17 15:25:41.854  1415  1415 I gatekeeperd: Starting gatekeeperd...
01-17 15:25:41.854  1415  1415 W gatekeeperd: falling back to software GateKeeper
01-17 15:25:41.856  1411  1411 I Netd    : Netd 1.0 starting
01-17 15:25:41.857  1411  1411 D TetherController: Setting IP forward enable = 0
01-17 15:25:41.894  1437  1437 I perfprofd: starting Android Wide Profiling daemon
01-17 15:25:41.896  1437  1437 E perfprofd: unable to open configuration file /data/data/com.google.android.gms/files/perfprofd.conf
01-17 15:25:41.896  1437  1437 I perfprofd: random seed set to 1981245598
01-17 15:25:42.188  1401  1401 D AndroidRuntime: >>>>>> START com.android.internal.os.ZygoteInit uid 0 <<<<<<
01-17 15:25:42.201  1401  1401 D AndroidRuntime: CheckJNI is OFF
01-17 15:25:42.204  1401  1401 I art     : option[0]=-Xzygote
01-17 15:25:42.204  1401  1401 I art     : option[1]=-Xstacktracefile:/data/anr/traces.txt
01-17 15:25:42.204  1401  1401 I art     : option[2]=exit
01-17 15:25:42.204  1401  1401 I art     : option[3]=vfprintf
01-17 15:25:42.204  1401  1401 I art     : option[4]=sensitiveThread
01-17 15:25:42.204  1401  1401 I art     : option[5]=-verbose:gc
01-17 15:25:42.205  1401  1401 I art     : option[6]=-Xms4m
01-17 15:25:42.205  1401  1401 I art     : option[7]=-Xmx384m
01-17 15:25:42.205  1401  1401 I art     : option[8]=-Xusejit:true
01-17 15:25:42.205  1401  1401 I art     : option[9]=-Xjitsaveprofilinginfo
01-17 15:25:42.205  1401  1401 I art     : option[10]=-agentlib:jdwp=transport=dt_android_adb,suspend=n,server=y
01-17 15:25:42.205  1401  1401 I art     : option[11]=-Xlockprofthreshold:500
01-17 15:25:42.205  1401  1401 I art     : option[12]=-Ximage-compiler-option
01-17 15:25:42.205  1401  1401 I art     : option[13]=--runtime-arg
01-17 15:25:42.205  1401  1401 I art     : option[14]=-Ximage-compiler-option
01-17 15:25:42.205  1401  1401 I art     : option[15]=-Xms64m
01-17 15:25:42.205  1401  1401 I art     : option[16]=-Ximage-compiler-option
01-17 15:25:42.206  1401  1401 I art     : option[17]=--runtime-arg
01-17 15:25:42.206  1401  1401 I art     : option[18]=-Ximage-compiler-option
01-17 15:25:42.206  1401  1401 I art     : option[19]=-Xmx64m
01-17 15:25:42.206  1401  1401 I art     : option[20]=-Ximage-compiler-option
01-17 15:25:42.206  1401  1401 I art     : option[21]=--image-classes=/system/etc/preloaded-classes
01-17 15:25:42.206  1401  1401 I art     : option[22]=-Ximage-compiler-option
01-17 15:25:42.206  1401  1401 I art     : option[23]=--compiled-classes=/system/etc/compiled-classes
01-17 15:25:42.206  1401  1401 I art     : option[24]=-Xcompiler-option
01-17 15:25:42.206  1401  1401 I art     : option[25]=--runtime-arg
01-17 15:25:42.206  1401  1401 I art     : option[26]=-Xcompiler-option
01-17 15:25:42.206  1401  1401 I art     : option[27]=-Xms64m
01-17 15:25:42.207  1401  1401 I art     : option[28]=-Xcompiler-option
01-17 15:25:42.207  1401  1401 I art     : option[29]=--runtime-arg
01-17 15:25:42.207  1401  1401 I art     : option[30]=-Xcompiler-option
01-17 15:25:42.207  1401  1401 I art     : option[31]=-Xmx512m
01-17 15:25:42.207  1401  1401 I art     : option[32]=-Ximage-compiler-option
01-17 15:25:42.207  1401  1401 I art     : option[33]=--instruction-set-variant=x86
01-17 15:25:42.207  1401  1401 I art     : option[34]=-Xcompiler-option
01-17 15:25:42.207  1401  1401 I art     : option[35]=--instruction-set-variant=x86
01-17 15:25:42.207  1401  1401 I art     : option[36]=-Ximage-compiler-option
01-17 15:25:42.207  1401  1401 I art     : option[37]=--instruction-set-features=default
01-17 15:25:42.207  1401  1401 I art     : option[38]=-Xcompiler-option
01-17 15:25:42.207  1401  1401 I art     : option[39]=--instruction-set-features=default
01-17 15:25:42.207  1401  1401 I art     : option[40]=-Duser.locale=en-US
01-17 15:25:42.207  1401  1401 I art     : option[41]=--cpu-abilist=x86
01-17 15:25:42.207  1401  1401 I art     : option[42]=-Xfingerprint:Android/sdk_google_phone_x86_64/generic_x86_64:7.0/NYC/6696031:userdebug/dev-keys
01-17 15:25:42.231  1400  1400 D AndroidRuntime: >>>>>> START com.android.internal.os.ZygoteInit uid 0 <<<<<<
01-17 15:25:42.250  1400  1400 D AndroidRuntime: CheckJNI is OFF
01-17 15:25:42.255  1400  1400 I art     : option[0]=-Xzygote
01-17 15:25:42.255  1400  1400 I art     : option[1]=-Xstacktracefile:/data/anr/traces.txt
01-17 15:25:42.255  1400  1400 I art     : option[2]=exit
01-17 15:25:42.255  1400  1400 I art     : option[3]=vfprintf
01-17 15:25:42.255  1400  1400 I art     : option[4]=sensitiveThread
01-17 15:25:42.255  1400  1400 I art     : option[5]=-verbose:gc
01-17 15:25:42.255  1400  1400 I art     : option[6]=-Xms4m
01-17 15:25:42.255  1400  1400 I art     : option[7]=-Xmx384m
01-17 15:25:42.255  1400  1400 I art     : option[8]=-Xusejit:true
01-17 15:25:42.255  1400  1400 I art     : option[9]=-Xjitsaveprofilinginfo
01-17 15:25:42.255  1400  1400 I art     : option[10]=-agentlib:jdwp=transport=dt_android_adb,suspend=n,server=y
01-17 15:25:42.255  1400  1400 I art     : option[11]=-Xlockprofthreshold:500
01-17 15:25:42.255  1400  1400 I art     : option[12]=-Ximage-compiler-option
01-17 15:25:42.255  1400  1400 I art     : option[13]=--runtime-arg
01-17 15:25:42.255  1400  1400 I art     : option[14]=-Ximage-compiler-option
01-17 15:25:42.255  1400  1400 I art     : option[15]=-Xms64m
01-17 15:25:42.255  1400  1400 I art     : option[16]=-Ximage-compiler-option
01-17 15:25:42.255  1400  1400 I art     : option[17]=--runtime-arg
01-17 15:25:42.255  1400  1400 I art     : option[18]=-Ximage-compiler-option
01-17 15:25:42.255  1400  1400 I art     : option[19]=-Xmx64m
01-17 15:25:42.255  1400  1400 I art     : option[20]=-Ximage-compiler-option
01-17 15:25:42.255  1400  1400 I art     : option[21]=--image-classes=/system/etc/preloaded-classes
01-17 15:25:42.255  1400  1400 I art     : option[22]=-Ximage-compiler-option
01-17 15:25:42.256  1400  1400 I art     : option[23]=--compiled-classes=/system/etc/compiled-classes
01-17 15:25:42.256  1400  1400 I art     : option[24]=-Xcompiler-option
01-17 15:25:42.256  1400  1400 I art     : option[25]=--runtime-arg
01-17 15:25:42.256  1400  1400 I art     : option[26]=-Xcompiler-option
01-17 15:25:42.256  1400  1400 I art     : option[27]=-Xms64m
01-17 15:25:42.256  1400  1400 I art     : option[28]=-Xcompiler-option
01-17 15:25:42.256  1400  1400 I art     : option[29]=--runtime-arg
01-17 15:25:42.256  1400  1400 I art     : option[30]=-Xcompiler-option
01-17 15:25:42.256  1400  1400 I art     : option[31]=-Xmx512m
01-17 15:25:42.256  1400  1400 I art     : option[32]=-Ximage-compiler-option
01-17 15:25:42.256  1400  1400 I art     : option[33]=--instruction-set-variant=x86_64
01-17 15:25:42.256  1400  1400 I art     : option[34]=-Xcompiler-option
01-17 15:25:42.256  1400  1400 I art     : option[35]=--instruction-set-variant=x86_64
01-17 15:25:42.256  1400  1400 I art     : option[36]=-Ximage-compiler-option
01-17 15:25:42.256  1400  1400 I art     : option[37]=--instruction-set-features=default
01-17 15:25:42.256  1400  1400 I art     : option[38]=-Xcompiler-option
01-17 15:25:42.256  1400  1400 I art     : option[39]=--instruction-set-features=default
01-17 15:25:42.256  1400  1400 I art     : option[40]=-Duser.locale=en-US
01-17 15:25:42.256  1400  1400 I art     : option[41]=--cpu-abilist=x86_64
01-17 15:25:42.256  1400  1400 I art     : option[42]=-Xfingerprint:Android/sdk_google_phone_x86_64/generic_x86_64:7.0/NYC/6696031:userdebug/dev-keys
01-17 15:25:42.414  1411  1411 I iptables: iptables v1.4.20: Couldn't find target `fw_dozable'
01-17 15:25:42.414  1411  1411 I iptables: 
01-17 15:25:42.414  1411  1411 I iptables: Try `iptables -h' or 'iptables --help' for more information.
01-17 15:25:42.414  1411  1411 I iptables: iptables terminated by exit(2)
01-17 15:25:42.414  1411  1411 E Netd    : exec() res=0, status=512 for /system/bin/iptables -w -t filter -D fw_INPUT -j fw_dozable 
01-17 15:25:42.418  1411  1411 I ip6tables: ip6tables v1.4.20: Couldn't find target `fw_dozable'
01-17 15:25:42.418  1411  1411 I ip6tables: 
01-17 15:25:42.418  1411  1411 I ip6tables: Try `ip6tables -h' or 'ip6tables --help' for more information.
01-17 15:25:42.419  1411  1411 I ip6tables: ip6tables terminated by exit(2)
01-17 15:25:42.419  1411  1411 E Netd    : exec() res=0, status=512 for /system/bin/ip6tables -w -t filter -D fw_INPUT -j fw_dozable 
01-17 15:25:42.441  1411  1411 I iptables: iptables v1.4.20: Couldn't find target `fw_standby'
01-17 15:25:42.442  1411  1411 I iptables: 
01-17 15:25:42.442  1411  1411 I iptables: Try `iptables -h' or 'iptables --help' for more information.
01-17 15:25:42.442  1411  1411 I iptables: iptables terminated by exit(2)
01-17 15:25:42.442  1411  1411 E Netd    : exec() res=0, status=512 for /system/bin/iptables -w -t filter -D fw_INPUT -j fw_standby 
01-17 15:25:42.446  1411  1411 I ip6tables: ip6tables v1.4.20: Couldn't find target `fw_standby'
01-17 15:25:42.446  1411  1411 I ip6tables: 
01-17 15:25:42.446  1411  1411 I ip6tables: Try `ip6tables -h' or 'ip6tables --help' for more information.
01-17 15:25:42.446  1411  1411 I ip6tables: ip6tables terminated by exit(2)
01-17 15:25:42.446  1411  1411 E Netd    : exec() res=0, status=512 for /system/bin/ip6tables -w -t filter -D fw_INPUT -j fw_standby 
01-17 15:25:42.454  1411  1411 I iptables: iptables v1.4.20: Couldn't find target `fw_powersave'
01-17 15:25:42.454  1411  1411 I iptables: 
01-17 15:25:42.454  1411  1411 I iptables: Try `iptables -h' or 'iptables --help' for more information.
01-17 15:25:42.454  1411  1411 I iptables: iptables terminated by exit(2)
01-17 15:25:42.455  1411  1411 E Netd    : exec() res=0, status=512 for /system/bin/iptables -w -t filter -D fw_INPUT -j fw_powersave 
01-17 15:25:42.459  1411  1411 I ip6tables: ip6tables v1.4.20: Couldn't find target `fw_powersave'
01-17 15:25:42.459  1411  1411 I ip6tables: 
01-17 15:25:42.459  1411  1411 I ip6tables: Try `ip6tables -h' or 'ip6tables --help' for more information.
01-17 15:25:42.459  1411  1411 I ip6tables: ip6tables terminated by exit(2)
01-17 15:25:42.459  1411  1411 E Netd    : exec() res=0, status=512 for /system/bin/ip6tables -w -t filter -D fw_INPUT -j fw_powersave 
01-17 15:25:42.475  1411  1411 V NatController: runCmd(/system/bin/iptables -w -F natctrl_FORWARD) res=0
01-17 15:25:42.481  1411  1411 V NatController: runCmd(/system/bin/iptables -w -A natctrl_FORWARD -j DROP) res=0
01-17 15:25:42.485  1411  1411 V NatController: runCmd(/system/bin/iptables -w -t nat -F natctrl_nat_POSTROUTING) res=0
01-17 15:25:42.486  1401  1401 D ICU     : No timezone override file found: /data/misc/zoneinfo/current/icu/icu_tzdata.dat
01-17 15:25:42.489  1411  1411 V NatController: runCmd(/system/bin/iptables -w -F natctrl_tether_counters) res=1
01-17 15:25:42.494  1411  1411 V NatController: runCmd(/system/bin/iptables -w -X natctrl_tether_counters) res=1
01-17 15:25:42.497  1411  1411 V NatController: runCmd(/system/bin/iptables -w -N natctrl_tether_counters) res=0
01-17 15:25:42.501  1411  1411 V NatController: runCmd(/system/bin/iptables -w -t mangle -A natctrl_mangle_FORWARD -p tcp --tcp-flags SYN SYN -j TCPMSS --clamp-mss-to-pmtu) res=0
01-17 15:25:42.534  1400  1400 D ICU     : No timezone override file found: /data/misc/zoneinfo/current/icu/icu_tzdata.dat
01-17 15:25:42.581  1411  1411 E Netd    : cannot find interface dummy0
01-17 15:25:42.591  1411  1411 D MDnsDS  : MDnsSdListener::Hander starting up
01-17 15:25:42.595  1411  1632 D MDnsDS  : MDnsSdListener starting to monitor
01-17 15:25:42.595  1411  1632 D MDnsDS  : Going to poll with pollCount 1
01-17 15:25:42.659  1401  1401 E memtrack: Couldn't load memtrack module (No such file or directory)
01-17 15:25:42.659  1401  1401 E android.os.Debug: failed to load memtrack module: -2
01-17 15:25:42.663  1401  1401 I Radio-JNI: register_android_hardware_Radio DONE
01-17 15:25:42.679  1401  1401 I SamplingProfilerIntegration: Profiling disabled.
01-17 15:25:42.681  1401  1401 D Zygote  : begin preload
01-17 15:25:42.681  1401  1401 I Zygote  : Installing ICU cache reference pinning...
01-17 15:25:42.682  1401  1401 I Zygote  : Preloading ICU data...
01-17 15:25:42.732  1400  1400 E memtrack: Couldn't load memtrack module (No such file or directory)
01-17 15:25:42.732  1400  1400 E android.os.Debug: failed to load memtrack module: -2
01-17 15:25:42.734  1401  1401 I Zygote  : Preloading classes...
01-17 15:25:42.737  1400  1400 I Radio-JNI: register_android_hardware_Radio DONE
01-17 15:25:42.759  1400  1400 I SamplingProfilerIntegration: Profiling disabled.
01-17 15:25:42.760  1400  1400 D Zygote  : begin preload
01-17 15:25:42.760  1400  1400 I Zygote  : Installing ICU cache reference pinning...
01-17 15:25:42.761  1400  1400 I Zygote  : Preloading ICU data...
01-17 15:25:42.795  1400  1400 I Zygote  : Preloading classes...
01-17 15:25:42.806  1403  1403 I ServiceManager: Waiting for service media.camera.proxy...
01-17 15:25:42.929  1401  1401 E Typeface: Error mapping font file /system/fonts/DroidSansFallback.ttf
01-17 15:25:42.930  1400  1400 E Typeface: Error mapping font file /system/fonts/DroidSansFallback.ttf
01-17 15:25:43.049  1401  1401 I art     : Thread[1,tid=1401,Native,Thread*=0xeba0b400,peer=0x12c060d0,"main"] recursive attempt to load library "/system/lib/libmedia_jni.so"
01-17 15:25:43.049  1401  1401 D MtpDeviceJNI: register_android_mtp_MtpDevice
01-17 15:25:43.050  1401  1401 I art     : Thread[1,tid=1401,Native,Thread*=0xeba0b400,peer=0x12c060d0,"main"] recursive attempt to load library "/system/lib/libmedia_jni.so"
01-17 15:25:43.050  1401  1401 I art     : Thread[1,tid=1401,Native,Thread*=0xeba0b400,peer=0x12c060d0,"main"] recursive attempt to load library "/system/lib/libmedia_jni.so"
01-17 15:25:43.063  1400  1400 I art     : Thread[1,tid=1400,Native,Thread*=0x7daadc495a00,peer=0x12c060d0,"main"] recursive attempt to load library "/system/lib64/libmedia_jni.so"
01-17 15:25:43.064  1400  1400 D MtpDeviceJNI: register_android_mtp_MtpDevice
01-17 15:25:43.064  1400  1400 I art     : Thread[1,tid=1400,Native,Thread*=0x7daadc495a00,peer=0x12c060d0,"main"] recursive attempt to load library "/system/lib64/libmedia_jni.so"
01-17 15:25:43.064  1400  1400 I art     : Thread[1,tid=1400,Native,Thread*=0x7daadc495a00,peer=0x12c060d0,"main"] recursive attempt to load library "/system/lib64/libmedia_jni.so"
01-17 15:25:43.160  1400  1400 I System  : Loaded time zone names for "" in 14ms (13ms in ICU)
01-17 15:25:43.160  1401  1401 I System  : Loaded time zone names for "" in 21ms (21ms in ICU)
01-17 15:25:43.173  1401  1401 I System  : Loaded time zone names for "en_US" in 12ms (11ms in ICU)
01-17 15:25:43.177  1400  1400 I System  : Loaded time zone names for "en_US" in 16ms (14ms in ICU)
01-17 15:25:43.188  1401  1401 I Zygote  : ...preloaded 4161 classes in 454ms.
01-17 15:25:43.188  1401  1401 I art     : VMRuntime.preloadDexCaches starting
01-17 15:25:43.192  1400  1400 I Zygote  : ...preloaded 4161 classes in 397ms.
01-17 15:25:43.193  1400  1400 I art     : VMRuntime.preloadDexCaches starting
01-17 15:25:43.219  1401  1401 I art     : VMRuntime.preloadDexCaches strings total=282311 before=39273 after=39273
01-17 15:25:43.219  1401  1401 I art     : VMRuntime.preloadDexCaches types total=23484 before=7830 after=7857
01-17 15:25:43.219  1401  1401 I art     : VMRuntime.preloadDexCaches fields total=111410 before=40627 after=40841
01-17 15:25:43.219  1401  1401 I art     : VMRuntime.preloadDexCaches methods total=196737 before=82128 after=82688
01-17 15:25:43.219  1401  1401 I art     : VMRuntime.preloadDexCaches finished
01-17 15:25:43.231  1400  1400 I art     : VMRuntime.preloadDexCaches strings total=282311 before=39273 after=39273
01-17 15:25:43.231  1400  1400 I art     : VMRuntime.preloadDexCaches types total=23484 before=7830 after=7857
01-17 15:25:43.231  1400  1400 I art     : VMRuntime.preloadDexCaches fields total=111410 before=40627 after=40841
01-17 15:25:43.231  1400  1400 I art     : VMRuntime.preloadDexCaches methods total=196737 before=82128 after=82688
01-17 15:25:43.231  1400  1400 I art     : VMRuntime.preloadDexCaches finished
01-17 15:25:43.273  1401  1401 I Zygote  : Preloading resources...
01-17 15:25:43.273  1400  1400 I Zygote  : Preloading resources...
01-17 15:25:43.298  1401  1401 W Resources: Preloaded drawable resource #0x1080298 (android:drawable/editbox_dropdown_background_dark) that varies with configuration!!
01-17 15:25:43.298  1400  1400 W Resources: Preloaded drawable resource #0x1080298 (android:drawable/editbox_dropdown_background_dark) that varies with configuration!!
01-17 15:25:43.322  1401  1401 W Resources: Preloaded drawable resource #0x108030b (android:drawable/ic_clear_disabled) that varies with configuration!!
01-17 15:25:43.322  1401  1401 W Resources: Preloaded drawable resource #0x1080310 (android:drawable/ic_clear_normal) that varies with configuration!!
01-17 15:25:43.324  1401  1401 W Resources: Preloaded drawable resource #0x1080345 (android:drawable/ic_go) that varies with configuration!!
01-17 15:25:43.326  1400  1400 W Resources: Preloaded drawable resource #0x108030b (android:drawable/ic_clear_disabled) that varies with configuration!!
01-17 15:25:43.326  1400  1400 W Resources: Preloaded drawable resource #0x1080310 (android:drawable/ic_clear_normal) that varies with configuration!!
01-17 15:25:43.329  1401  1401 W Resources: Preloaded drawable resource #0x1080038 (android:drawable/ic_menu_close_clear_cancel) that varies with configuration!!
01-17 15:25:43.330  1400  1400 W Resources: Preloaded drawable resource #0x1080345 (android:drawable/ic_go) that varies with configuration!!
01-17 15:25:43.332  1401  1401 W Resources: Preloaded drawable resource #0x1080045 (android:drawable/ic_menu_more) that varies with configuration!!
01-17 15:25:43.335  1400  1400 W Resources: Preloaded drawable resource #0x1080038 (android:drawable/ic_menu_close_clear_cancel) that varies with configuration!!
01-17 15:25:43.336  1400  1400 W Resources: Preloaded drawable resource #0x1080045 (android:drawable/ic_menu_more) that varies with configuration!!
01-17 15:25:43.340  1400  1400 W Resources: Preloaded drawable resource #0x10804d3 (android:drawable/menu_background_fill_parent_width) that varies with configuration!!
01-17 15:25:43.340  1401  1401 W Resources: Preloaded drawable resource #0x10804d3 (android:drawable/menu_background_fill_parent_width) that varies with configuration!!
01-17 15:25:43.377  1401  1401 W Resources: Preloaded drawable resource #0x1080766 (android:drawable/text_edit_paste_window) that varies with configuration!!
01-17 15:25:43.378  1400  1400 W Resources: Preloaded drawable resource #0x1080766 (android:drawable/text_edit_paste_window) that varies with configuration!!
01-17 15:25:43.381  1400  1400 W Resources: Preloaded drawable resource #0x1080096 (android:drawable/toast_frame) that varies with configuration!!
01-17 15:25:43.381  1400  1400 I Zygote  : ...preloaded 114 resources in 108ms.
01-17 15:25:43.381  1401  1401 W Resources: Preloaded drawable resource #0x1080096 (android:drawable/toast_frame) that varies with configuration!!
01-17 15:25:43.381  1401  1401 I Zygote  : ...preloaded 114 resources in 108ms.
01-17 15:25:43.382  1400  1400 I Zygote  : ...preloaded 41 resources in 1ms.
01-17 15:25:43.382  1400  1400 D libEGL  : Emulator has host GPU support, qemu.gles is set to 1.
01-17 15:25:43.382  1401  1401 I Zygote  : ...preloaded 41 resources in 1ms.
01-17 15:25:43.382  1400  1400 E libEGL  : load_driver(/system/lib64/egl/libGLES_emulation.so): dlopen failed: library "/system/lib64/egl/libGLES_emulation.so" not found
01-17 15:25:43.382  1401  1401 D libEGL  : Emulator has host GPU support, qemu.gles is set to 1.
01-17 15:25:43.383  1400  1400 D libEGL  : loaded /system/lib64/egl/libEGL_emulation.so
01-17 15:25:43.383  1401  1401 E libEGL  : load_driver(/system/lib/egl/libGLES_emulation.so): dlopen failed: library "/system/lib/egl/libGLES_emulation.so" not found
01-17 15:25:43.384  1400  1400 D libEGL  : loaded /system/lib64/egl/libGLESv1_CM_emulation.so
01-17 15:25:43.387  1400  1400 D libEGL  : loaded /system/lib64/egl/libGLESv2_emulation.so
01-17 15:25:43.389  1400  1400 I Zygote  : Preloading shared libraries...
01-17 15:25:43.392  1401  1401 D libEGL  : loaded /system/lib/egl/libEGL_emulation.so
01-17 15:25:43.394  1401  1401 D libEGL  : loaded /system/lib/egl/libGLESv1_CM_emulation.so
01-17 15:25:43.394  1400  1400 E Hyphenator: error loading hyphenation /system/usr/hyphen-data/hyph-as.hyb
01-17 15:25:43.394  1400  1400 E Hyphenator: java.io.FileNotFoundException: /system/usr/hyphen-data/hyph-as.hyb: open failed: ENOENT (No such file or directory)
01-17 15:25:43.394  1400  1400 E Hyphenator: 	at libcore.io.IoBridge.open(IoBridge.java:455)
01-17 15:25:43.394  1400  1400 E Hyphenator: 	at java.io.RandomAccessFile.<init>(RandomAccessFile.java:247)
01-17 15:25:43.394  1400  1400 E Hyphenator: 	at android.text.Hyphenator.loadHyphenator(Hyphenator.java:118)
01-17 15:25:43.394  1400  1400 E Hyphenator: 	at android.text.Hyphenator.init(Hyphenator.java:224)
01-17 15:25:43.394  1400  1400 E Hyphenator: 	at com.android.internal.os.ZygoteInit.preloadTextResources(ZygoteInit.java:252)
01-17 15:25:43.394  1400  1400 E Hyphenator: 	at com.android.internal.os.ZygoteInit.preload(ZygoteInit.java:206)
01-17 15:25:43.394  1400  1400 E Hyphenator: 	at com.android.internal.os.ZygoteInit.main(ZygoteInit.java:723)
01-17 15:25:43.394  1400  1400 E Hyphenator: Caused by: android.system.ErrnoException: open failed: ENOENT (No such file or directory)
01-17 15:25:43.394  1400  1400 E Hyphenator: 	at libcore.io.Posix.open(Native Method)
