01-17 15:25:50.769  1646  2151 I Telecom : PhoneAccountRegistrar: [ComponentInfo{com.android.phone/com.android.services.telephony.TelephonyConnectionService}, [e2f7d48dd2b5ca523e7313cf4ba0f6ea830b6281], UserHandle{0}(icon: Icon(typ=BITMAP size=50x63) -> Icon(typ=BITMAP size=50x63))]: TSI.rPA@ADY
01-17 15:25:50.772  1646  2151 I Telecom : : Sending phone-account registered intent as user: TSI.rPA@ADY
01-17 15:25:50.777  2113  2113 W KeyphraseEnrollmentInfo: No Enrollment application supports the given keyphrase/locale
01-17 15:25:50.781  1884  1884 D TelephonyProvider: subIdString = 1 subId = 1
01-17 15:25:50.809  1646  1646 V BackupManagerService: Connected to transport ComponentInfo{com.google.android.gms/com.google.android.gms.backup.BackupTransportService}
01-17 15:25:50.809  1646  1646 V BackupManagerService: Registering transport com.google.android.gms/.backup.BackupTransportService::com.google.android.gms/.backup.BackupTransportService = com.android.internal.backup.IBackupTransport$Stub$Proxy@ce577d8
01-17 15:25:50.836  1646  1746 D ConnectivityService: registerNetworkAgent NetworkAgentInfo{ ni{[type: MOBILE[LTE], state: CONNECTED/CONNECTED, reason: connected, extra: epc.tmobile.com, failover: false, available: true, roaming: false, metered: false]}  network{100}  nethandle{429513165534}  lp{{InterfaceName: eth0 LinkAddresses: [10.0.2.15/24,]  Routes: [0.0.0.0/0 -> 10.0.2.2 eth0,] DnsAddresses: [10.0.2.3,] Domains: null MTU: 1500 TcpBufferSizes: 524288,1048576,2097152,262144,524288,1048576}}  nc{[ Transports: CELLULAR Capabilities: MMS&SUPL&FOTA&IMS&CBS&IA&INTERNET&NOT_RESTRICTED&TRUSTED&NOT_VPN LinkUpBandwidth>=51200Kbps LinkDnBandwidth>=102400Kbps Specifier: <1>]}  Score{10}  everValidated{false}  lastValidated{false}  created{false} lingering{false} explicitlySelected{false} acceptUnvalidated{false} everCaptivePortalDetected{false} lastCaptivePortalDetected{false} }
01-17 15:25:50.837  1646  1698 D ConnectivityService: NetworkAgentInfo [MOBILE (LTE) - 100] EVENT_NETWORK_INFO_CHANGED, going from null to CONNECTED
01-17 15:25:50.839  1729  1729 W KeyguardUpdateMonitor: invalid subId in handleSimStateChange()
01-17 15:25:50.840  1646  1698 D ConnectivityService: Adding iface eth0 to network 100
01-17 15:25:50.854  1884  1898 I art     : Background partial concurrent mark sweep GC freed 29601(3MB) AllocSpace objects, 47(764KB) LOS objects, 39% free, 5MB/8MB, paused 17.977ms total 60.904ms
01-17 15:25:50.865  1729  1999 D EGL_emulation: eglMakeCurrent: 0x7daad08a5200: ver 2 0 (tinfo 0x7daad0844400)
01-17 15:25:50.875  1646  1698 D ConnectivityService: Setting DNS servers for network 100 to [/10.0.2.3]
01-17 15:25:50.916  1646  1698 D ConnectivityService: Switching to new default network: NetworkAgentInfo{ ni{[type: MOBILE[LTE], state: CONNECTED/CONNECTED, reason: connected, extra: epc.tmobile.com, failover: false, available: true, roaming: false, metered: false]}  network{100}  nethandle{429513165534}  lp{{InterfaceName: eth0 LinkAddresses: [10.0.2.15/24,]  Routes: [0.0.0.0/0 -> 10.0.2.2 eth0,] DnsAddresses: [10.0.2.3,] Domains: null MTU: 1500 TcpBufferSizes: 524288,1048576,2097152,262144,524288,1048576}}  nc{[ Transports: CELLULAR Capabilities: MMS&SUPL&FOTA&IMS&CBS&IA&INTERNET&NOT_RESTRICTED&TRUSTED&NOT_VPN LinkUpBandwidth>=51200Kbps LinkDnBandwidth>=102400Kbps Specifier: <1>]}  Score{10}  everValidated{false}  lastValidated{false}  created{true} lingering{false} explicitlySelected{false} acceptUnvalidated{false} everCaptivePortalDetected{false} lastCaptivePortalDetected{false} }
01-17 15:25:50.940  1411  1636 V IdletimerController: runCmd(/system/bin/ip6tables -w -t raw -A idletimer_raw_PREROUTING -i eth0 -j IDLETIMER --timeout 10 --label 0 --send_nl_msg 1) res_ipv4=0, res_ipv6=0
01-17 15:25:50.942  2260  2260 W art     : Unexpected CPU variant for X86 using defaults: x86_64
01-17 15:25:50.945  1646  2152 I ActivityManager: Start proc 2260:com.google.android.partnersetup/u0a19 for content provider com.google.android.partnersetup/.RlzAppProvider
01-17 15:25:50.948  1901  1901 I art     : Starting a blocking GC Explicit
01-17 15:25:50.961  1729  1729 D PhoneStatusBar: disable: < expand* icons alerts system_info back* home* recent* clock search* quick_settings >
01-17 15:25:50.970  1411  1636 V IdletimerController: runCmd(/system/bin/ip6tables -w -t mangle -A idletimer_mangle_POSTROUTING -o eth0 -j IDLETIMER --timeout 10 --label 0 --send_nl_msg 1) res_ipv4=0, res_ipv6=0
01-17 15:25:50.977  1646  1711 I GnssLocationProvider: WakeLock acquired by sendMessage(5, 0, null)
01-17 15:25:50.977  1646  1711 I GnssLocationProvider: WakeLock acquired by sendMessage(6, 0, null)
01-17 15:25:50.978  1646  1659 I GnssLocationProvider: WakeLock acquired by handleInjectNtpTime()
01-17 15:25:50.978  1646  1698 D ConnectivityService: Sending CONNECTED broadcast for type 0 NetworkAgentInfo [MOBILE (LTE) - 100] isDefaultNetwork=true
01-17 15:25:50.978  1646  1659 I GnssLocationProvider: WakeLock released by handleMessage(5, 0, null)
01-17 15:25:50.978  1646  1659 I GnssLocationProvider: WakeLock released by handleMessage(6, 0, null)
01-17 15:25:50.996  1901  1901 I art     : Explicit concurrent mark sweep GC freed 3351(293KB) AllocSpace objects, 0(0B) LOS objects, 24% free, 4MB/5MB, paused 1.008ms total 46.471ms
01-17 15:25:50.997  2260  2260 W System  : ClassLoader referenced unknown path: /system/priv-app/GooglePartnerSetup/lib/x86_64
01-17 15:25:51.026  1901  1901 I art     : Starting a blocking GC Explicit
01-17 15:25:51.034  1729  1999 D EGL_emulation: eglMakeCurrent: 0x7daad08a5200: ver 2 0 (tinfo 0x7daad0844400)
01-17 15:25:51.045  1901  1901 I art     : Explicit concurrent mark sweep GC freed 703(34KB) AllocSpace objects, 0(0B) LOS objects, 24% free, 4MB/5MB, paused 830us total 18.288ms
01-17 15:25:51.046  1729  1999 D EGL_emulation: eglMakeCurrent: 0x7daad08a5200: ver 2 0 (tinfo 0x7daad0844400)
01-17 15:25:51.107  2154  2165 I art     : Background sticky concurrent mark sweep GC freed 18161(1707KB) AllocSpace objects, 6(116KB) LOS objects, 26% free, 6MB/9MB, paused 12.002ms total 34.940ms
01-17 15:25:51.162  1646  1691 D SntpClient: round trip: 15ms, clock offset: 539ms
01-17 15:25:51.162  1646  1944 D SntpClient: round trip: 15ms, clock offset: 539ms
01-17 15:25:51.162  1646  1944 I GnssLocationProvider: WakeLock acquired by sendMessage(10, 0, null)
01-17 15:25:51.162  1646  1659 I GnssLocationProvider: WakeLock released by handleMessage(10, 0, null)
01-17 15:25:51.164  1646  1944 I GnssLocationProvider: WakeLock released by handleInjectNtpTime()
01-17 15:25:51.256  1646  1698 D ConnectivityService: NetworkAgentInfo [MOBILE (LTE) - 100] validation passed
01-17 15:25:51.261  2192  2239 I GrammarCompilationSvcCt: Grammar compilation alarm set for interval 604800000
01-17 15:25:51.304  1646  1742 W ActivityManager: Unable to start service Intent { act=com.google.android.gms.nearby.discovery:ACTION_PERMISSION_CHANGE cmp=com.google.android.gms/.nearby.discovery.service.DiscoveryService } U=0: not found
01-17 15:25:51.323  1858  1858 W ModuleManager: Unable to get current module's fulfilled APIs in ModuleManager created with non-module Context
01-17 15:25:51.369  1858  1858 D Backup  : [BackupScheduler] Setting backup scheduler enabled=true due to desired state 1
01-17 15:25:51.370  1858  1858 V Backup  : [BackupTransportCS] no backup now
01-17 15:25:51.370  1858  1858 V Backup  : [BackupTransportCS] Accounts changed
01-17 15:25:51.374  1858  1858 I Backup  : [GmsBackupAccountManager] Backup account not found in gmscore.
01-17 15:25:51.379  1858  1858 D Backup  : [BackupScheduler] Setting backup scheduler enabled=true due to desired state 1
01-17 15:25:51.379  1858  1858 V Backup  : [BackupTransportCS] no backup now
01-17 15:25:51.486  1715  1715 I LatinIME: Timeout waiting for dictionary load
01-17 15:25:51.697  1858  1858 W Settings: Setting airplane_mode_on has moved from android.provider.Settings.System to android.provider.Settings.Global, returning read-only value.
01-17 15:25:51.722  2327  2327 W art     : Unexpected CPU variant for X86 using defaults: x86_64
01-17 15:25:51.726  1646  1881 I ActivityManager: Start proc 2327:com.google.android.gms/u0a14 for service com.google.android.gms/.chimera.GmsIntentOperationService
01-17 15:25:51.735  2340  2340 W art     : Unexpected CPU variant for X86 using defaults: x86_64
01-17 15:25:51.739  1646  2059 I ActivityManager: Start proc 2340:com.android.cellbroadcastreceiver/u0a4 for broadcast com.android.cellbroadcastreceiver/.CellBroadcastReceiver
01-17 15:25:51.754  2327  2327 W System  : ClassLoader referenced unknown path: /system/priv-app/PrebuiltGmsCore/lib/x86_64
01-17 15:25:51.761  2340  2340 W System  : ClassLoader referenced unknown path: /system/priv-app/CellBroadcastReceiver/lib/x86_64
01-17 15:25:51.800  1858  2317 V Backup  : [BackupAccountNotifier] Handling new intent. Show notification: true
01-17 15:25:51.810  2340  2340 D CellBroadcastReceiver: Service state changed! 3 Full: 3 3 voice home data home null null null null null null  Unknown Unknown CSS not supported -1 -1 RoamInd=-1 DefRoamInd=-1 EmergOnly=false IsDataRoamingFromRegistration=false Current state=-1
01-17 15:25:51.822  1858  2358 W System  : ClassLoader referenced unknown path: /system/priv-app/PrebuiltGmsCore/lib/x86_64
01-17 15:25:51.824  1858  2358 W System  : ClassLoader referenced unknown path: /system/priv-app/PrebuiltGmsCore/lib/x86_64
01-17 15:25:51.837  1858  2323 I GeofencerStateMachine: Network location disabled.
01-17 15:25:51.897  2327  2327 W DynamiteModule: Local module descriptor class for providerinstaller not found.
01-17 15:25:51.904  2327  2327 W ProviderHelper: Unknown dynamite feature providerinstaller
01-17 15:25:51.910  2327  2327 I DynamiteModule: Considering local module providerinstaller:0 and remote module providerinstaller:0
01-17 15:25:51.910  2327  2327 W ProviderInstaller: Failed to load providerinstaller module: No acceptable module found. Local version is 0 and remote version is 0.
01-17 15:25:51.912  2327  2327 W System  : ClassLoader referenced unknown path: /system/priv-app/PrebuiltGmsCore/lib/x86_64
01-17 15:25:51.913  2327  2327 W System  : ClassLoader referenced unknown path: /system/priv-app/PrebuiltGmsCore/lib/x86_64
01-17 15:25:51.914  1858  2360 E BluetoothAdapter: Bluetooth binder is null
01-17 15:25:51.914  2327  2327 V NativeCrypto: Registering com/google/android/gms/org/conscrypt/NativeCrypto's 286 native methods...
01-17 15:25:51.927  1646  1667 W WindowManager: App freeze timeout expired.
01-17 15:25:51.929  2327  2327 D NetworkSecurityConfig: Using Network Security Config from resource network_security_config debugBuild: false
01-17 15:25:51.931  2327  2327 I ProviderInstaller: Installed default security provider GmsCore_OpenSSL
01-17 15:25:51.932  2327  2327 I Safeboot: Checking safeboot...
01-17 15:25:51.932  2327  2327 I Safeboot: Not entering safeboot; wrong process.
01-17 15:25:51.942  2368  2368 W art     : Unexpected CPU variant for X86 using defaults: x86_64
01-17 15:25:51.946  1646  1657 I ActivityManager: Start proc 2368:com.google.android.deskclock/u0a64 for broadcast com.google.android.deskclock/com.android.deskclock.AlarmInitReceiver
01-17 15:25:51.988  2368  2368 W System  : ClassLoader referenced unknown path: /system/app/PrebuiltDeskClockGoogle/lib/x86_64
01-17 15:25:52.017  2327  2327 I Watchcat: Started
01-17 15:25:52.023  2327  2327 I bezb    : Primes not initialized, returning default (no-op) Primes instance which will ignore all calls. Please call Primes.initialize(...) before using any Primes API.
01-17 15:25:52.098  2368  2368 I GAv4    : Google Analytics 8.4.87 is starting up. To enable debug logging on a device run:
01-17 15:25:52.098  2368  2368 I GAv4    :   adb shell setprop log.tag.GAv4 DEBUG
01-17 15:25:52.098  2368  2368 I GAv4    :   adb logcat -s GAv4
01-17 15:25:52.123  1858  2358 I GCoreUlr: WorldUpdater received intent Intent { act=com.google.android.location.reporting.ACTION_UPDATE_WORLD cmp=com.google.android.gms/com.google.android.location.reporting.service.DispatchingService (has extras) } with receiverAction android.location.PROVIDERS_CHANGED
01-17 15:25:52.132  2327  2405 I constellation: [sim_state_checker] Handling intent Intent { act=android.intent.action.SIM_STATE_CHANGED flg=0x4000010 cmp=com.google.android.gms/.chimera.GmsIntentOperationService (has extras) }
01-17 15:25:52.164  2368  2368 W GAv4    : AnalyticsReceiver is not registered or is disabled. Register the receiver for reliable dispatching on non-Google Play devices. See http://goo.gl/8Rd3yj for instructions.
01-17 15:25:52.169  2368  2368 W GAv4    : CampaignTrackingReceiver is not registered, not exported or is disabled. Installation campaign tracking is not possible. See http://goo.gl/8Rd3yj for instructions.
01-17 15:25:52.175  2368  2411 W GAv4    : AnalyticsService not registered in the app manifest. Hits might not be delivered reliably. See http://goo.gl/8Rd3yj for instructions.
01-17 15:25:52.181  2368  2368 I AlarmClock: AlarmInitReceiver android.intent.action.TIME_SET
01-17 15:25:52.201  1858  2358 I GCoreUlr: WorldUpdater:android.location.PROVIDERS_CHANGED: Ensuring that reporting is stopped because of reasons: (no Google accounts)
01-17 15:25:52.210  1858  2358 I GCoreUlr: Unbound from all signal providers.
01-17 15:25:52.251  1858  1858 I GCoreUlr: Unbound from all signal providers.
01-17 15:25:52.252  1858  1858 I GCoreUlr: Stopping handler for UlrDispSvcFast
01-17 15:25:52.254  2368  2415 V AlarmClock: AlarmInitReceiver finished
01-17 15:25:52.257  2327  2327 W ModuleManager: Unable to get current module's fulfilled APIs in ModuleManager created with non-module Context
01-17 15:25:52.268  2340  2340 D CellBroadcastReceiver: Service state changed! 0 Full: 0 0 voice home data home Android Android 310260 Android Android 310260  Unknown LTE CSS not supported -1 -1 RoamInd=-1 DefRoamInd=-1 EmergOnly=false IsDataRoamingFromRegistration=false Current state=3
01-17 15:25:52.269  2340  2340 D CellBroadcastReceiver: Start Cell Broadcast configuration.
01-17 15:25:52.274  2340  2417 D CellBroadcastConfigService: Enable CellBroadcast on sub 1
01-17 15:25:52.282  2327  2327 V MediaRouter: Adding route: RouteInfo{ name=Phone, description=null, status=null, category=RouteCategory{ name=null types=ROUTE_TYPE_LIVE_AUDIO ROUTE_TYPE_LIVE_VIDEO  groupable=false }, supportedTypes=ROUTE_TYPE_LIVE_AUDIO ROUTE_TYPE_LIVE_VIDEO , presentationDisplay=null }
01-17 15:25:52.285  2368  2368 I AlarmClock: AlarmInitReceiver android.intent.action.LOCKED_BOOT_COMPLETED
01-17 15:25:52.287  2327  2327 V MediaRouter: Updating audio routes: AudioRoutesInfo{ type=SPEAKER }
01-17 15:25:52.289  2327  2327 V MediaRouter: Selecting route: RouteInfo{ name=Phone, description=null, status=null, category=RouteCategory{ name=null types=ROUTE_TYPE_LIVE_AUDIO ROUTE_TYPE_LIVE_VIDEO  groupable=false }, supportedTypes=ROUTE_TYPE_LIVE_AUDIO ROUTE_TYPE_LIVE_VIDEO , presentationDisplay=null }
01-17 15:25:52.291  2327  2327 I MediaRouter: Found default route: MediaRouter.RouteInfo{ uniqueId=android/apq:DEFAULT_ROUTE, name=Phone, description=null, iconUri=null, enabled=true, connectionState=0, canDisconnect=false, playbackType=0, playbackStream=3, deviceType=0, volumeHandling=1, volume=11, volumeMax=15, presentationDisplayId=-1, extras=null, settingsIntent=null, providerPackageName=android }
01-17 15:25:52.291  2327  2327 I MediaRouter: Unselecting the current route because it is no longer selectable: null
01-17 15:25:52.299  1884  1900 D IccSmsInterfaceManager: [IccSmsInterfaceManager] Calling setCdmaBroadcastConfig with 1 configurations
01-17 15:25:52.301  2368  2368 D Events  : [Stopwatch] [Reset] [Reboot]
01-17 15:25:52.301  1884  1900 D IccSmsInterfaceManager: [IccSmsInterfaceManager] Failed to add cdma broadcast subscription for MID range 4096 to 4096 from client com.android.cellbroadcastreceiver
01-17 15:25:52.305  1884  1899 D IccSmsInterfaceManager: [IccSmsInterfaceManager] Calling setCdmaBroadcastConfig with 1 configurations
01-17 15:25:52.307  1884  1899 D IccSmsInterfaceManager: [IccSmsInterfaceManager] Failed to add cdma broadcast subscription for MID range 4097 to 4097 from client com.android.cellbroadcastreceiver
01-17 15:25:52.311  1884  1900 D IccSmsInterfaceManager: [IccSmsInterfaceManager] Calling setCdmaBroadcastConfig with 1 configurations
01-17 15:25:52.313  1884  1900 D IccSmsInterfaceManager: [IccSmsInterfaceManager] Failed to add cdma broadcast subscription for MID range 4098 to 4098 from client com.android.cellbroadcastreceiver
01-17 15:25:52.317  1884  1899 D IccSmsInterfaceManager: [IccSmsInterfaceManager] Calling setCdmaBroadcastConfig with 1 configurations
01-17 15:25:52.318  1884  1899 D IccSmsInterfaceManager: [IccSmsInterfaceManager] Failed to add cdma broadcast subscription for MID range 4099 to 4099 from client com.android.cellbroadcastreceiver
01-17 15:25:52.319  2368  2415 V AlarmClock: AlarmInitReceiver finished
01-17 15:25:52.332  1884  2068 D IccSmsInterfaceManager: [IccSmsInterfaceManager] Failed to remove cdma broadcast subscription for MID range 4100 to 4100 from client com.android.cellbroadcastreceiver
01-17 15:25:52.337  1884  1900 D IccSmsInterfaceManager: [IccSmsInterfaceManager] Calling setGsmBroadcastConfig with 1 configurations
01-17 15:25:52.337  2327  2327 V MediaRouter: Selecting route: RouteInfo{ name=Phone, description=null, status=null, category=RouteCategory{ name=null types=ROUTE_TYPE_LIVE_AUDIO ROUTE_TYPE_LIVE_VIDEO  groupable=false }, supportedTypes=ROUTE_TYPE_LIVE_AUDIO ROUTE_TYPE_LIVE_VIDEO , presentationDisplay=null }
01-17 15:25:52.340  1884  1900 D IccSmsInterfaceManager: [IccSmsInterfaceManager] Failed to add GSM cell broadcast subscription for MID range 4352 to 4354 from client com.android.cellbroadcastreceiver
01-17 15:25:52.346  1884  2068 D IccSmsInterfaceManager: [IccSmsInterfaceManager] Calling setGsmBroadcastConfig with 1 configurations
01-17 15:25:52.349  1884  2068 D IccSmsInterfaceManager: [IccSmsInterfaceManager] Failed to add GSM cell broadcast subscription for MID range 4356 to 4356 from client com.android.cellbroadcastreceiver
01-17 15:25:52.351  1858  2360 W Settings: Setting airplane_mode_on has moved from android.provider.Settings.System to android.provider.Settings.Global, returning read-only value.
01-17 15:25:52.353  1884  1900 D IccSmsInterfaceManager: [IccSmsInterfaceManager] Failed to remove GSM cell broadcast subscription for MID range 4355 to 4355 from client com.android.cellbroadcastreceiver
01-17 15:25:52.356  1884  2068 D IccSmsInterfaceManager: [IccSmsInterfaceManager] Calling setGsmBroadcastConfig with 1 configurations
01-17 15:25:52.358  1884  2068 D IccSmsInterfaceManager: [IccSmsInterfaceManager] Failed to add GSM cell broadcast subscription for MID range 4370 to 4370 from client com.android.cellbroadcastreceiver
01-17 15:25:52.363  1884  1900 D IccSmsInterfaceManager: [IccSmsInterfaceManager] Calling setGsmBroadcastConfig with 1 configurations
01-17 15:25:52.365  1884  1900 D IccSmsInterfaceManager: [IccSmsInterfaceManager] Failed to add GSM cell broadcast subscription for MID range 4371 to 4372 from client com.android.cellbroadcastreceiver
01-17 15:25:52.371  2422  2422 W art     : Unexpected CPU variant for X86 using defaults: x86_64
01-17 15:25:52.377  1646  2151 I ActivityManager: Start proc 2422:android.process.media/u0a11 for broadcast com.android.providers.downloads/.DownloadReceiver
01-17 15:25:52.383  1884  2068 D IccSmsInterfaceManager: [IccSmsInterfaceManager] Calling setGsmBroadcastConfig with 1 configurations
01-17 15:25:52.383  1858  2209 I NetworkScheduler: Using standalone scheduling engine [CONTEXT service_id=218 ]
01-17 15:25:52.385  1884  2068 D IccSmsInterfaceManager: [IccSmsInterfaceManager] Failed to add GSM cell broadcast subscription for MID range 4373 to 4378 from client com.android.cellbroadcastreceiver
01-17 15:25:52.391  1884  1900 D IccSmsInterfaceManager: [IccSmsInterfaceManager] Calling setGsmBroadcastConfig with 1 configurations
01-17 15:25:52.392  1884  1900 D IccSmsInterfaceManager: [IccSmsInterfaceManager] Failed to add GSM cell broadcast subscription for MID range 4379 to 4379 from client com.android.cellbroadcastreceiver
01-17 15:25:52.396  1884  2068 D IccSmsInterfaceManager: [IccSmsInterfaceManager] Failed to remove GSM cell broadcast subscription for MID range 4380 to 4382 from client com.android.cellbroadcastreceiver
01-17 15:25:52.401  1884  1900 D IccSmsInterfaceManager: [IccSmsInterfaceManager] Calling setGsmBroadcastConfig with 1 configurations
01-17 15:25:52.403  1884  1900 D IccSmsInterfaceManager: [IccSmsInterfaceManager] Failed to add GSM cell broadcast subscription for MID range 4383 to 4383 from client com.android.cellbroadcastreceiver
01-17 15:25:52.409  1884  2068 D IccSmsInterfaceManager: [IccSmsInterfaceManager] Calling setGsmBroadcastConfig with 1 configurations
01-17 15:25:52.411  1884  2068 D IccSmsInterfaceManager: [IccSmsInterfaceManager] Failed to add GSM cell broadcast subscription for MID range 4384 to 4385 from client com.android.cellbroadcastreceiver
01-17 15:25:52.415  2422  2422 W System  : ClassLoader referenced unknown path: /system/priv-app/DownloadProvider/lib/x86_64
01-17 15:25:52.417  1884  1900 D IccSmsInterfaceManager: [IccSmsInterfaceManager] Calling setGsmBroadcastConfig with 1 configurations
01-17 15:25:52.419  1884  1900 D IccSmsInterfaceManager: [IccSmsInterfaceManager] Failed to add GSM cell broadcast subscription for MID range 4386 to 4391 from client com.android.cellbroadcastreceiver
01-17 15:25:52.420  2327  2438 I constellation: [sim_state_checker] Handling intent Intent { act=android.intent.action.SIM_STATE_CHANGED flg=0x4000010 cmp=com.google.android.gms/.chimera.GmsIntentOperationService (has extras) }
01-17 15:25:52.426  1884  2068 D IccSmsInterfaceManager: [IccSmsInterfaceManager] Calling setGsmBroadcastConfig with 1 configurations
01-17 15:25:52.427  2327  2440 I SystemUpdate: [Installation,ReceiverIntentOperation] Received intent: Intent { act=android.intent.action.TIME_SET flg=0x24000010 cmp=com.google.android.gms/.chimera.GmsIntentOperationService$PersistentTrustedReceiver }.
01-17 15:25:52.428  1884  2068 D IccSmsInterfaceManager: [IccSmsInterfaceManager] Failed to add GSM cell broadcast subscription for MID range 4392 to 4392 from client com.android.cellbroadcastreceiver
01-17 15:25:52.438  1884  1900 D IccSmsInterfaceManager: [IccSmsInterfaceManager] Failed to remove GSM cell broadcast subscription for MID range 4393 to 4395 from client com.android.cellbroadcastreceiver
01-17 15:25:52.442  1884  2068 D IccSmsInterfaceManager: [IccSmsInterfaceManager] Failed to remove GSM cell broadcast subscription for MID range 50 to 50 from client com.android.cellbroadcastreceiver
01-17 15:25:52.458  2422  2422 W System  : ClassLoader referenced unknown path: /system/priv-app/MediaProvider/lib/x86_64
01-17 15:25:52.478  2327  2327 I GAv4-SVC: Google Analytics 202.4.14 is starting up.
01-17 15:25:52.492  2327  2449 I CastDatabase: Opening the database
01-17 15:25:52.514  2327  2406 I GmsModuleFndr: Beginning GMS chimera module scan
01-17 15:25:52.542  2327  2406 I ModuleSetMgr: Computing pending module set with APKs: [[AdsFdrDynamite.integ:21460000000], [Cronetdynamite:202414040800], [Dynamiteloader:202414040800], [Dynamitemodulesa:202414040000], [Dynamitemodulesc:202414040000], [Googlecertificates:202414040000], [Mapsdynamite:202414040000], [Measurementdynamite:202414040000]]
01-17 15:25:52.545  1858  2358 W NetworkScheduler.Filter: Ignored malformed rule: 
01-17 15:25:52.561  2327  2406 I ModuleSetMgr: Pending container module APKs: []
01-17 15:25:52.561  2327  2406 I ModuleSetMgr: Pending non-container module APKs: []
01-17 15:25:52.574  2327  2441 I constellation: [sim_state_checker] Handling intent Intent { act=android.intent.action.SIM_STATE_CHANGED flg=0x4000010 cmp=com.google.android.gms/.chimera.GmsIntentOperationService (has extras) }
01-17 15:25:52.591  2327  2438 I SystemUpdate: [Execution,InstallationEventIntentOperation] Handling event of type 6.
01-17 15:25:52.595  2327  2449 I SQLiteCastStore: 0 CastNetworkInfo instances loaded, 0 CastDeviceInfo instances loaded, 0 paired guest mode devices loaded.
01-17 15:25:52.598  2422  2422 D MediaScannerReceiver: action: android.intent.action.MEDIA_MOUNTED path: /storage/0000-0000
01-17 15:25:52.602  2327  2439 I DynamiteModule: Considering local module com.google.android.gms.googlecertificates:4 and remote module com.google.android.gms.googlecertificates:4
01-17 15:25:52.602  2327  2439 I DynamiteModule: Selected local version of com.google.android.gms.googlecertificates
01-17 15:25:52.610  2456  2456 W art     : Unexpected CPU variant for X86 using defaults: x86_64
01-17 15:25:52.613  1646  1657 I ActivityManager: Start proc 2456:com.google.android.music:main/u0a57 for broadcast com.google.android.music/.store.MediaStoreImportService$Receiver
01-17 15:25:52.622  2327  2405 I SystemUpdate: [Execution,InstallationIntentOperation] Received intent: Intent { act=com.google.android.gms.update.INSTALL_UPDATE cat=[targeted_intent_op_prefix:.update.execution.InstallationIntentOperation] cmp=com.google.android.gms/.chimera.GmsIntentOperationService }.
01-17 15:25:52.642  2456  2456 W System  : ClassLoader referenced unknown path: /system/app/Music2/lib/x86_64
01-17 15:25:52.648  2327  2405 I SystemUpdate: [Execution,ExecutionManager] Action finished-execution executed for 0.01 seconds.
01-17 15:25:52.691  2456  2456 I MultiDex: VM with version 2.1.0 has multidex support
01-17 15:25:52.691  2456  2456 I MultiDex: install
01-17 15:25:52.691  2456  2456 I MultiDex: VM has multidex support, MultiDex support library is disabled.
01-17 15:25:52.696  1646  1694 D WIFI    : Registering NetworkFactory
01-17 15:25:52.696  1646  1694 D WIFI_UT : Registering NetworkFactory
01-17 15:25:52.696  1646  1698 D ConnectivityService: Got NetworkFactory Messenger for WIFI
01-17 15:25:52.697  1646  1698 D ConnectivityService: Got NetworkFactory Messenger for WIFI_UT
01-17 15:25:52.698  1646  1694 D WIFI    : got request NetworkRequest [ id=1, legacyType=-1, [ Capabilities: INTERNET&NOT_RESTRICTED&TRUSTED&NOT_VPN] ] with score 50
01-17 15:25:52.698  1646  1694 D WIFI_UT : got request NetworkRequest [ id=1, legacyType=-1, [ Capabilities: INTERNET&NOT_RESTRICTED&TRUSTED&NOT_VPN] ] with score 50
01-17 15:25:52.740  2327  2409 I CastSocket: 24 >= 18. Adding new CastClientAuthKeyManager. [CONTEXT service_id=161 ]
01-17 15:25:52.752  2327  2473 I GmsModuleFndr: Beginning GMS chimera module scan
01-17 15:25:52.760  2327  2473 I ModuleSetMgr: Computing pending module set with APKs: [[AdsFdrDynamite.integ:21460000000], [Cronetdynamite:202414040800], [Dynamiteloader:202414040800], [Dynamitemodulesa:202414040000], [Dynamitemodulesc:202414040000], [Googlecertificates:202414040000], [Mapsdynamite:202414040000], [Measurementdynamite:202414040000]]
01-17 15:25:52.760  2327  2473 I ModuleSetMgr: Pending container module APKs: []
01-17 15:25:52.761  2327  2473 I ModuleSetMgr: Pending non-container module APKs: []
01-17 15:25:52.808  2327  2473 W DynamiteModule: Local module descriptor class for providerinstaller not found.
01-17 15:25:52.809  2327  2473 W ProviderHelper: Unknown dynamite feature providerinstaller
01-17 15:25:52.809  2327  2473 I DynamiteModule: Considering local module providerinstaller:0 and remote module providerinstaller:0
01-17 15:25:52.809  2327  2473 W ProviderInstaller: Failed to load providerinstaller module: No acceptable module found. Local version is 0 and remote version is 0.
01-17 15:25:52.814  2327  2409 I DiscoveryManager: WifiGuestModeDeviceScanner enabled.
01-17 15:25:52.815  2327  2409 E BluetoothAdapter: Bluetooth binder is null
01-17 15:25:52.826  2456  2456 I BaseStore: ConfigStore database version: 1
01-17 15:25:52.851  2327  2473 W DynamiteModule: Local module descriptor class for providerinstaller not found.
01-17 15:25:52.851  2327  2473 I DynamiteModule: Considering local module providerinstaller:0 and remote module providerinstaller:0
01-17 15:25:52.851  2327  2473 W ProviderInstaller: Failed to load providerinstaller module: No acceptable module found. Local version is 0 and remote version is 0.
01-17 15:25:52.859  2327  2473 W DynamiteModule: Local module descriptor class for providerinstaller not found.
01-17 15:25:52.859  2327  2473 I DynamiteModule: Considering local module providerinstaller:0 and remote module providerinstaller:0
01-17 15:25:52.859  2327  2473 W ProviderInstaller: Failed to load providerinstaller module: No acceptable module found. Local version is 0 and remote version is 0.
01-17 15:25:52.873  2327  2473 W DynamiteModule: Local module descriptor class for providerinstaller not found.
01-17 15:25:52.873  2327  2473 I DynamiteModule: Considering local module providerinstaller:0 and remote module providerinstaller:0
01-17 15:25:52.874  2327  2473 W ProviderInstaller: Failed to load providerinstaller module: No acceptable module found. Local version is 0 and remote version is 0.
01-17 15:25:52.896  2327  2473 W DynamiteModule: Local module descriptor class for providerinstaller not found.
01-17 15:25:52.897  2327  2473 I DynamiteModule: Considering local module providerinstaller:0 and remote module providerinstaller:0
01-17 15:25:52.897  2327  2473 W ProviderInstaller: Failed to load providerinstaller module: No acceptable module found. Local version is 0 and remote version is 0.
01-17 15:25:52.904  2456  2456 I BaseStore: Store database version: 135
01-17 15:25:52.918  2327  2473 W DynamiteModule: Local module descriptor class for providerinstaller not found.
01-17 15:25:52.918  2327  2473 I DynamiteModule: Considering local module providerinstaller:0 and remote module providerinstaller:0
01-17 15:25:52.918  2327  2473 W ProviderInstaller: Failed to load providerinstaller module: No acceptable module found. Local version is 0 and remote version is 0.
01-17 15:25:52.925  2327  2473 W DynamiteModule: Local module descriptor class for providerinstaller not found.
01-17 15:25:52.925  2327  2473 I DynamiteModule: Considering local module providerinstaller:0 and remote module providerinstaller:0
01-17 15:25:52.925  2327  2473 W ProviderInstaller: Failed to load providerinstaller module: No acceptable module found. Local version is 0 and remote version is 0.
01-17 15:25:52.931  2327  2473 W DynamiteModule: Local module descriptor class for providerinstaller not found.
01-17 15:25:52.931  2327  2473 I DynamiteModule: Considering local module providerinstaller:0 and remote module providerinstaller:0
01-17 15:25:52.931  2327  2473 W ProviderInstaller: Failed to load providerinstaller module: No acceptable module found. Local version is 0 and remote version is 0.
01-17 15:25:52.977  2327  2473 I GmsModuleFndr: Beginning GMS chimera module scan
01-17 15:25:52.979  2327  2473 I ModuleSetMgr: Computing pending module set with APKs: [[AdsFdrDynamite.integ:21460000000], [Cronetdynamite:202414040800], [Dynamiteloader:202414040800], [Dynamitemodulesa:202414040000], [Dynamitemodulesc:202414040000], [Googlecertificates:202414040000], [Mapsdynamite:202414040000], [Measurementdynamite:202414040000]]
01-17 15:25:52.979  2327  2473 I ModuleSetMgr: Pending container module APKs: []
01-17 15:25:52.979  2327  2473 I ModuleSetMgr: Pending non-container module APKs: []
01-17 15:25:53.004  1858  2483 W ProviderHelper: Unknown dynamite feature providerinstaller
01-17 15:25:53.004  1858  2483 I DynamiteModule: Considering local module providerinstaller:0 and remote module providerinstaller:0
01-17 15:25:53.004  1858  2483 I DynamiteModule: Considering local module providerinstaller:0 and remote module providerinstaller:0
01-17 15:25:53.009  2422  2470 V MediaScanner: pruneDeadThumbnailFiles... android.content.ContentProviderClient$CursorWrapperInner@9cf0e00
01-17 15:25:53.022  1858  2483 I qtaguid : Tagging socket -1 with tag 3000040700000000(805307399) for uid -1 failed errno=-9
01-17 15:25:53.022  1858  2483 I NetworkManagementSocketTagger: tagSocketFd(-1, 805307399, -1) failed with errno-9
01-17 15:25:53.023  2422  2470 V MediaScanner: /pruneDeadThumbnailFiles... android.content.ContentProviderClient$CursorWrapperInner@9cf0e00
01-17 15:25:53.029  2456  2456 I GoogleURLConnFactory: Using platform SSLCertificateSocketFactory
01-17 15:25:53.029  2456  2456 I GoogleHttpClient: Using GMS GoogleHttpClient
01-17 15:25:53.030  2456  2456 D NetworkSecurityConfig: No Network Security Config specified, using platform default
01-17 15:25:53.034  2456  2456 I GHttpClientFactory: Using our fixed implementation of GMSCore's GoogleHttpClient
01-17 15:25:53.034  2456  2456 I GoogleURLConnFactory: Using platform SSLCertificateSocketFactory
01-17 15:25:53.074  2456  2456 D MusicLifecycle: com.google.android.music.MusicApplication generated event: Application created
01-17 15:25:53.085  2456  2456 W System  : ClassLoader referenced unknown path: /system/priv-app/PrebuiltGmsCore/lib/x86_64
01-17 15:25:53.098  2456  2456 W System  : ClassLoader referenced unknown path: /system/priv-app/PrebuiltGmsCore/lib/x86_64
01-17 15:25:53.099  2456  2456 W System  : ClassLoader referenced unknown path: /system/priv-app/PrebuiltGmsCore/lib/x86_64
01-17 15:25:53.101  2456  2456 V NativeCrypto: Registering com/google/android/gms/org/conscrypt/NativeCrypto's 286 native methods...
01-17 15:25:53.130  2456  2456 I ProviderInstaller: Installed default security provider GmsCore_OpenSSL
01-17 15:25:53.130  2456  2456 D AndroidMusic: GMSCore installation verified
01-17 15:25:53.215  2456  2456 V MediaRouter: Adding route: RouteInfo{ name=Phone, description=null, status=null, category=RouteCategory{ name=null types=ROUTE_TYPE_LIVE_AUDIO ROUTE_TYPE_LIVE_VIDEO  groupable=false }, supportedTypes=ROUTE_TYPE_LIVE_AUDIO ROUTE_TYPE_LIVE_VIDEO , presentationDisplay=null }
01-17 15:25:53.219  2456  2456 V MediaRouter: Updating audio routes: AudioRoutesInfo{ type=SPEAKER }
01-17 15:25:53.220  2456  2456 V MediaRouter: Selecting route: RouteInfo{ name=Phone, description=null, status=null, category=RouteCategory{ name=null types=ROUTE_TYPE_LIVE_AUDIO ROUTE_TYPE_LIVE_VIDEO  groupable=false }, supportedTypes=ROUTE_TYPE_LIVE_AUDIO ROUTE_TYPE_LIVE_VIDEO , presentationDisplay=null }
01-17 15:25:53.224  2456  2456 I MediaRouter: Found default route: MediaRouter.RouteInfo{ uniqueId=android/.support.v7.media.SystemMediaRouteProvider:DEFAULT_ROUTE, name=Phone, description=null, iconUri=null, enabled=true, connecting=false, connectionState=0, canDisconnect=false, playbackType=0, playbackStream=3, deviceType=0, volumeHandling=1, volume=11, volumeMax=15, presentationDisplayId=-1, extras=null, settingsIntent=null, providerPackageName=android }
01-17 15:25:53.264  2456  2456 D MusicLifecycle: com.google.android.music.store.MediaStoreImportService$Receiver generated event: Broadcast received with context android.app.ReceiverRestrictedContext@9aa3e47 and intent Intent { act=android.intent.action.MEDIA_MOUNTED dat=file:///storage/0000-0000 flg=0x4000010 cmp=com.google.android.music/.store.MediaStoreImportService$Receiver (has extras) }
01-17 15:25:53.269  2456  2456 D MusicLifecycle: com.google.android.music.net.NetworkMonitor generated event: Service created
01-17 15:25:53.270  2456  2456 I NetworkMonitor: type=MOBILE subType=LTE reason=connected isConnected=true
01-17 15:25:53.276  2422  2422 D MediaScannerReceiver: action: android.intent.action.MEDIA_MOUNTED path: /storage/emulated/0
01-17 15:25:53.299  2456  2456 D MusicLifecycle: com.google.android.music.preferences.MusicPreferenceService$MusicPreferenceServiceBinder generated event: Service created
01-17 15:25:53.304  2456  2456 D MusicLifecycle: com.google.android.music.preferences.MusicPreferenceService$MusicPreferenceServiceBinder generated event: Service destroyed
01-17 15:25:53.304  2456  2456 D MusicLifecycle: com.google.android.music.preferences.MusicPreferenceService$MusicPreferenceServiceBinder generated event: Service created
01-17 15:25:53.307  2456  2456 D MusicLifecycle: com.google.android.music.preferences.MusicPreferenceService$MusicPreferenceServiceBinder generated event: Service destroyed
01-17 15:25:53.307  2456  2456 D MusicLifecycle: com.google.android.music.download.cache.StorageMigrationService generated event: Service created
01-17 15:25:53.311  1646  1660 V ActivityManager: Attempted to start a foreground service (ComponentInfo{com.google.android.music/com.google.android.music.download.cache.StorageMigrationService}) with a broken notification (no icon: Notification(pri=0 contentView=null vibrate=null sound=null defaults=0x0 flags=0x40 color=0x00000000 vis=PRIVATE))
01-17 15:25:53.316  2456  2456 D MusicLifecycle: com.google.android.music.download.artwork.ArtDownloadService generated event: Service created
01-17 15:25:53.343  2456  2456 V MediaRouter: Selecting route: RouteInfo{ name=Phone, description=null, status=null, category=RouteCategory{ name=null types=ROUTE_TYPE_LIVE_AUDIO ROUTE_TYPE_LIVE_VIDEO  groupable=false }, supportedTypes=ROUTE_TYPE_LIVE_AUDIO ROUTE_TYPE_LIVE_VIDEO , presentationDisplay=null }
01-17 15:25:53.346  2456  2456 D MusicLifecycle: com.google.android.music.store.MediaStoreImportService generated event: Service created
01-17 15:25:53.347  2456  2456 D MusicLifecycle: com.google.android.music.preferences.MusicPreferenceService$MusicPreferenceServiceBinder generated event: Service created
01-17 15:25:53.349  2456  2456 D MusicLifecycle: com.google.android.music.store.MediaStoreImportService$Receiver generated event: Broadcast received with context android.app.ReceiverRestrictedContext@9aa3e47 and intent Intent { act=android.intent.action.MEDIA_MOUNTED dat=file:///storage/emulated/0 flg=0x4000010 cmp=com.google.android.music/.store.MediaStoreImportService$Receiver (has extras) }
01-17 15:25:53.352  2456  2456 D MusicLifecycle: com.google.android.music.net.NetworkMonitor$2 generated event: Broadcast received with context com.google.android.music.net.NetworkMonitor@49aaf3f and intent Intent { act=android.net.conn.CONNECTIVITY_CHANGE flg=0x4000010 (has extras) }
01-17 15:25:53.352  2456  2456 I NetworkMonitor: type=MOBILE subType=LTE reason=connected isConnected=true
01-17 15:25:53.360  2456  2456 D MusicLifecycle: com.google.android.music.store.MediaStoreImportService generated event: Service destroyed
01-17 15:25:53.374  2456  2456 D MusicLifecycle: com.google.android.music.store.MediaStoreImportService generated event: Service created
01-17 15:25:53.374  2456  2456 D MusicLifecycle: com.google.android.music.download.cache.StorageMigrationService generated event: Service destroyed
01-17 15:25:53.382  2456  2456 D MusicLifecycle: com.google.android.music.store.MediaStoreImportService generated event: Service destroyed
01-17 15:25:53.423  1858  1871 I art     : Background sticky concurrent mark sweep GC freed 22751(1427KB) AllocSpace objects, 4(76KB) LOS objects, 14% free, 10MB/12MB, paused 6.066ms total 23.714ms
01-17 15:25:53.475  1646  2516 I RecoverySystem: No recovery log file
01-17 15:25:53.484  2517  2517 W art     : Unexpected CPU variant for X86 using defaults: x86_64
01-17 15:25:53.487  1646  1746 I ActivityManager: Start proc 2517:com.android.dialer/u0a9 for broadcast com.android.dialer/.calllog.CallLogReceiver
01-17 15:25:53.487  1646  2516 I BootReceiver: Copying audit failures to DropBox
01-17 15:25:53.488  1646  2516 I BootReceiver: Checking for fsck errors
01-17 15:25:53.513  2517  2517 W System  : ClassLoader referenced unknown path: /system/priv-app/Dialer/lib/x86_64
01-17 15:25:53.555  2517  2517 D ExtensionsFactory: No custom extensions.
01-17 15:25:53.563  2517  2517 D BlockedNumbersAuto: Not attempting auto-migrate: already checked once.
01-17 15:25:53.579  1884  1884 V OtaStartupReceiver: onOtaspChanged: mOtaspMode=3
01-17 15:25:53.580  1884  1884 D CarrierConfigLoader: mHandler: 13 phoneId: 0
01-17 15:25:53.581  1884  1884 D CarrierConfigLoader: mHandler: 7 phoneId: 0
01-17 15:25:53.583  1715  1715 I SystemBroadcastReceiver: Boot has been completed
01-17 15:25:53.583  1715  1715 I SystemBroadcastReceiver: toggleAppIcon() : FLAG_SYSTEM = true
01-17 15:25:53.583  1884  1884 D CarrierConfigLoader: Loaded config from XML. package=com.android.carrierconfig phoneId=0
01-17 15:25:53.584  1884  1884 D CarrierConfigLoader: mHandler: 5 phoneId: 0
01-17 15:25:53.587  2517  2537 W CountryDetector: No location permissions, not registering for location updates.
01-17 15:25:53.588  1646  1646 I Telecom : PhoneAccountRegistrar: SimCallManager queried, returning: null: TSI.gSCMFU@ADo
01-17 15:25:53.597  2538  2538 W art     : Unexpected CPU variant for X86 using defaults: x86_64
01-17 15:25:53.603  1646  2059 I ActivityManager: Start proc 2538:com.android.managedprovisioning/u0a21 for broadcast com.android.managedprovisioning/.BootReminder
01-17 15:25:53.606  2422  2497 V MediaScanner: pruneDeadThumbnailFiles... android.content.ContentProviderClient$CursorWrapperInner@e09da3a
01-17 15:25:53.606  2422  2497 V MediaScanner: /pruneDeadThumbnailFiles... android.content.ContentProviderClient$CursorWrapperInner@e09da3a
01-17 15:25:53.627  2538  2538 W System  : ClassLoader referenced unknown path: /system/priv-app/ManagedProvisioning/lib/x86_64
01-17 15:25:53.647  1884  1884 V OmtpBootCompletedRcvr: processing deferred subId list
01-17 15:25:53.658  2552  2552 W art     : Unexpected CPU variant for X86 using defaults: x86_64
01-17 15:25:53.662  1646  2153 I ActivityManager: Start proc 2552:com.android.providers.calendar/u0a2 for broadcast com.android.providers.calendar/.CalendarReceiver
01-17 15:25:53.687  2552  2552 W System  : ClassLoader referenced unknown path: /system/priv-app/CalendarProvider/lib/x86_64
01-17 15:25:53.710  2552  2552 I CalendarProvider2: Created com.android.providers.calendar.CalendarAlarmManager@9afd885(com.android.providers.calendar.CalendarProvider2@fb5e6da)
01-17 15:25:53.878  1646  2153 W BroadcastQueue: Permission Denial: receiving Intent { act=android.intent.action.BOOT_COMPLETED flg=0x9000010 (has extras) } to com.google.android.apps.docs/.notification.common.NotificationChannelReceiver requires android.permission.RECEIVE_BOOT_COMPLETED due to sender null (uid 1000)
01-17 15:25:53.889  2569  2569 W art     : Unexpected CPU variant for X86 using defaults: x86_64
01-17 15:25:53.893  1646  1660 I ActivityManager: Start proc 2569:com.google.android.apps.maps/u0a56 for broadcast com.google.android.apps.maps/com.google.android.apps.gmm.navigation.service.detection.StartDetectionReceiver
01-17 15:25:53.919  2569  2569 W System  : ClassLoader referenced unknown path: /system/app/Maps/lib/x86_64
01-17 15:25:54.053  2422  2568 W MediaScanner: Error opening directory '/oem/media/', skipping: No such file or directory.
01-17 15:25:54.270  2422  2568 V MediaScanner: pruneDeadThumbnailFiles... android.content.ContentProviderClient$CursorWrapperInner@2a1741d
01-17 15:25:54.270  2422  2568 V MediaScanner: /pruneDeadThumbnailFiles... android.content.ContentProviderClient$CursorWrapperInner@2a1741d
01-17 15:25:54.330  2596  2596 W art     : Unexpected CPU variant for X86 using defaults: x86
01-17 15:25:54.336  1646  1657 I ActivityManager: Start proc 2596:com.google.android.apps.messaging/u0a63 for broadcast com.google.android.apps.messaging/.shared.receiver.BootAndPackageReplacedReceiver
01-17 15:25:54.361  2596  2596 W System  : ClassLoader referenced unknown path: /system/app/PrebuiltBugle/lib/x86
01-17 15:25:54.409  2569  2585 W com.google.a.a.b.d.a: Application name is not set. Call Builder#setApplicationName.
01-17 15:25:54.559  2617  2617 W art     : Unexpected CPU variant for X86 using defaults: x86
01-17 15:25:54.564  1646  1657 I ActivityManager: Start proc 2617:com.google.android.apps.photos/u0a62 for broadcast com.google.android.apps.photos/.camerashortcut.CameraShortcutBroadcastReceiver
01-17 15:25:54.587  2596  2596 I Bugle   : Carrier config changed. Reloading MMS config.
01-17 15:25:54.593  2617  2617 W System  : ClassLoader referenced unknown path: /system/app/Photos/lib/x86
01-17 15:25:54.597  2596  2616 I Bugle   : ApnsOta: OTA version -1
01-17 15:25:54.627  2596  2634 W Bugle   : canonicalizeMccMnc: invalid mccmnc:null ,null
01-17 15:25:54.634  1646  1658 D MmsServiceBroker: getCarrierConfigValues() by com.google.android.apps.messaging
01-17 15:25:54.634  1646  1658 W MmsServiceBroker: MmsService not connected. Try connecting...
01-17 15:25:54.634  1646  1646 I MmsServiceBroker: Connecting to MmsService
01-17 15:25:54.634  1646  1646 W ContextImpl: Calling a method in the system process without a qualified user: android.app.ContextImpl.bindService:1449 com.android.server.MmsServiceBroker.tryConnecting:241 com.android.server.MmsServiceBroker.-wrap3:-1 com.android.server.MmsServiceBroker$1.handleMessage:83 android.os.Handler.dispatchMessage:102 
01-17 15:25:54.639  1884  1884 W System  : ClassLoader referenced unknown path: /system/priv-app/MmsService/lib/x86_64
01-17 15:25:54.644  1884  1884 D MmsService: onCreate
01-17 15:25:54.649  1646  1646 I MmsServiceBroker: MmsService connected
01-17 15:25:54.649  1884  1900 D MmsService: getCarrierConfigValues
01-17 15:25:54.649  1884  1884 I MmsService: MmsConfigManager receiver action: android.intent.action.SIM_STATE_CHANGED
01-17 15:25:54.649  1884  1900 I MmsService: mms config for sub 1: null
01-17 15:25:54.649  2596  2634 I Bugle   : Carrier configs loaded: Bundle[{spamForwardingNumber=7726, maxImageHeight=1944, maxMessageSize=1048576, maxImageWidth=2592}] from resources+system for subId=1
01-17 15:25:54.650  1884  1884 I MmsService: MmsConfigManager receiver action: android.telephony.action.CARRIER_CONFIG_CHANGED
01-17 15:25:54.650  1884  2636 I MmsService: MmsConfigManager loads in background mcc/mnc: 310/260
01-17 15:25:54.652  1884  2637 I MmsService: MmsConfigManager loads in background mcc/mnc: 310/260
01-17 15:25:54.653  1884  2638 I MmsService: MmsConfigManager loads in background mcc/mnc: 310/260
01-17 15:25:54.672  2596  2634 W Bugle   : canonicalizeMccMnc: invalid mccmnc:null ,null
01-17 15:25:54.680  1646  2153 D MmsServiceBroker: getCarrierConfigValues() by com.google.android.apps.messaging
01-17 15:25:54.680  1884  1900 D MmsService: getCarrierConfigValues
01-17 15:25:54.680  1884  1900 I MmsService: mms config for sub 1: Bundle[{httpSocketTimeout=60000, aliasMinChars=2, smsToMmsTextThreshold=-1, enableSMSDeliveryReports=true, maxMessageTextSize=-1, supportMmsContentDisposition=true, enabledTransID=false, aliasEnabled=false, supportHttpCharsetHeader=false, allowAttachAudio=true, smsToMmsTextLengthThreshold=-1, recipientLimit=2147483647, uaProfTagName=x-wap-profile, aliasMaxChars=48, maxImageHeight=1944, enableMMSDeliveryReports=false, userAgent=, config_cellBroadcastAppLinks=true, maxSubjectLength=40, httpParams=, enableGroupMms=true, emailGatewayNumber=, maxMessageSize=1048576, naiSuffix=, enableMMSReadReports=false, maxImageWidth=2592, uaProfUrl=, enabledMMS=false, enabledNotifyWapMMSC=false, sendMultipartSmsAsSeparateMessages=false, enableMultipartSMS=true}]
01-17 15:25:54.681  2596  2634 I Bugle   : Carrier configs loaded: Bundle[{httpSocketTimeout=60000, aliasMinChars=2, smsToMmsTextThreshold=-1, enableSMSDeliveryReports=true, maxMessageTextSize=-1, supportMmsContentDisposition=true, enabledTransID=false, aliasEnabled=false, supportHttpCharsetHeader=false, allowAttachAudio=true, spamForwardingNumber=7726, smsToMmsTextLengthThreshold=-1, recipientLimit=2147483647, uaProfTagName=x-wap-profile, aliasMaxChars=48, maxImageHeight=1944, enableMMSDeliveryReports=false, userAgent=, config_cellBroadcastAppLinks=true, maxSubjectLength=40, httpParams=, enableGroupMms=true, emailGatewayNumber=, maxMessageSize=1048576, naiSuffix=, enableMMSReadReports=false, maxImageWidth=2592, uaProfUrl=, enabledMMS=false, enabledNotifyWapMMSC=false, sendMultipartSmsAsSeparateMessages=false, enableMultipartSMS=true}] from resources+system for subId=1
01-17 15:25:54.708  2596  2616 W Bugle   : canonicalizeMccMnc: invalid mccmnc:null ,null
01-17 15:25:54.719  2327  2642 I Icing   : IndexChimeraService.getServiceInterface callingPackage=com.google.android.apps.messaging componentName=null serviceId=32
01-17 15:25:54.719  2327  2643 I Icing   : IndexChimeraService.getServiceInterface callingPackage=com.google.android.apps.messaging componentName=null serviceId=36
01-17 15:25:54.726  1646  2153 D MmsServiceBroker: getCarrierConfigValues() by com.google.android.apps.messaging
01-17 15:25:54.726  1884  1900 D MmsService: getCarrierConfigValues
01-17 15:25:54.726  1884  1900 I MmsService: mms config for sub 1: Bundle[{httpSocketTimeout=60000, aliasMinChars=2, smsToMmsTextThreshold=-1, enableSMSDeliveryReports=true, maxMessageTextSize=-1, supportMmsContentDisposition=true, enabledTransID=false, aliasEnabled=false, supportHttpCharsetHeader=false, allowAttachAudio=true, smsToMmsTextLengthThreshold=-1, recipientLimit=2147483647, uaProfTagName=x-wap-profile, aliasMaxChars=48, maxImageHeight=1944, enableMMSDeliveryReports=false, userAgent=, config_cellBroadcastAppLinks=true, maxSubjectLength=40, httpParams=, enableGroupMms=true, emailGatewayNumber=, maxMessageSize=1048576, naiSuffix=, enableMMSReadReports=false, maxImageWidth=2592, uaProfUrl=, enabledMMS=false, enabledNotifyWapMMSC=false, sendMultipartSmsAsSeparateMessages=false, enableMultipartSMS=true}]
