01-17 15:25:54.728  2596  2616 I Bugle   : Carrier configs loaded: Bundle[{httpSocketTimeout=60000, aliasMinChars=2, smsToMmsTextThreshold=-1, enableSMSDeliveryReports=true, maxMessageTextSize=-1, supportMmsContentDisposition=true, enabledTransID=false, aliasEnabled=false, supportHttpCharsetHeader=false, allowAttachAudio=true, spamForwardingNumber=7726, smsToMmsTextLengthThreshold=-1, recipientLimit=2147483647, uaProfTagName=x-wap-profile, aliasMaxChars=48, maxImageHeight=1944, enableMMSDeliveryReports=false, userAgent=, config_cellBroadcastAppLinks=true, maxSubjectLength=40, httpParams=, enableGroupMms=true, emailGatewayNumber=, maxMessageSize=1048576, naiSuffix=, enableMMSReadReports=false, maxImageWidth=2592, uaProfUrl=, enabledMMS=false, enabledNotifyWapMMSC=false, sendMultipartSmsAsSeparateMessages=false, enableMultipartSMS=true}] from resources+system for subId=1
01-17 15:25:54.729  2327  2473 I Icing   : IndexChimeraService.getServiceInterface callingPackage=com.google.android.gms componentName=null serviceId=36
01-17 15:25:54.732  2596  2631 I BugleDataModel: Fixup: Send failed - 0 Download failed - 0
01-17 15:25:54.755  2552  2552 I CalendarProvider2: Sending notification intent: Intent { act=android.intent.action.PROVIDER_CHANGED dat=content://com.android.calendar flg=0x20000000 }
01-17 15:25:54.755  2552  2552 W ContentResolver: Failed to get type for: content://com.android.calendar (Unknown URL content://com.android.calendar)
01-17 15:25:54.849  2327  2453 I Icing   : Storage manager: low false usage 1.73MB avail 5.48GB capacity 5.81GB
01-17 15:25:54.882  2596  2647 I BugleDataModel: ExpireWapPushSiMessageAction
01-17 15:25:54.884  2596  2647 V BugleDataModel: getOrCreateThreadId uri: content://mms-sms/threadID?recipient=%CA%BCWAP_PUSH_SI!%CA%BC
01-17 15:25:54.963  2596  2647 W BugleDataModel: ExpireWapPushSiMessageAction: no WAP Push SI messages
01-17 15:25:54.974  2327  2453 W native  : model-utils.cc:23 No CRC32, most likely an old model; skip CRC32 check
01-17 15:25:54.977  2327  2453 I native  : permission-checker.cc:74 Creating PermissionChecker based on ACL with config_version 1 having 10 permissions defined.
01-17 15:25:54.977  2327  2453 W native  : words-map.cc:30 INVALID_ARGUMENT: Empty URI
01-17 15:25:54.977  2327  2453 W native  : words-map.cc:34 WordsMap was not properly initialized
01-17 15:25:55.089  2617  2617 W TrustedPartners: no provider found for com.motorola.camera.provider.bestshotprovider.BestShotProvider; do not trust
01-17 15:25:55.089  2617  2617 W TrustedPartners: no provider found for com.google.android.apps.photos.api.SpecialTypesProvider; do not trust
01-17 15:25:55.090  2617  2617 W TrustedPartners: no provider found for com.lge.photos.specialtypeprovider; do not trust
01-17 15:25:55.100  2663  2663 W art     : Unexpected CPU variant for X86 using defaults: x86
01-17 15:25:55.106  1646  1881 I ActivityManager: Start proc 2663:com.google.android.apps.photos:CameraShortcut/u0a62 for service com.google.android.apps.photos/.camerashortcut.CameraShortcutServiceImpl
01-17 15:25:55.115  1646  2152 D CountryDetector: The first listener is added
01-17 15:25:55.136  2327  2453 I Icing   : updateResources: need to parse acek{com.google.android.gms}
01-17 15:25:55.136  2663  2663 W System  : ClassLoader referenced unknown path: /system/app/Photos/lib/x86
01-17 15:25:55.181  2680  2680 W art     : Unexpected CPU variant for X86 using defaults: x86_64
01-17 15:25:55.186  1646  1657 I ActivityManager: Start proc 2680:com.google.android.calendar/u0a33 for broadcast com.google.android.calendar/com.android.calendar.alerts.AlertReceiver
01-17 15:25:55.224  2680  2680 W System  : ClassLoader referenced unknown path: /system/app/CalendarGooglePrebuilt/lib/x86_64
01-17 15:25:55.240  2663  2663 W TrustedPartners: no provider found for com.motorola.camera.provider.bestshotprovider.BestShotProvider; do not trust
01-17 15:25:55.240  2663  2663 W TrustedPartners: no provider found for com.google.android.apps.photos.api.SpecialTypesProvider; do not trust
01-17 15:25:55.240  2663  2663 W TrustedPartners: no provider found for com.lge.photos.specialtypeprovider; do not trust
01-17 15:25:55.268  2327  2453 I Icing   : Internal init done: storage state 0
01-17 15:25:55.283  2327  2488 I Icing   : IndexChimeraService.getServiceInterface callingPackage=com.google.android.gms componentName=null serviceId=30
01-17 15:25:55.285  2327  2642 I Icing   : IndexChimeraService.getServiceInterface callingPackage=com.google.android.apps.messaging componentName=null serviceId=36
01-17 15:25:55.286  2327  2473 I Icing   : IndexChimeraService.getServiceInterface callingPackage=com.google.android.gms componentName=AppsCorpus serviceId=36
01-17 15:25:55.287  2327  2488 I Icing   : IndexChimeraService.getServiceInterface callingPackage=com.google.android.gms componentName=AppsCorpus serviceId=32
01-17 15:25:55.321  2327  2453 I Icing   : Post-init done
01-17 15:25:55.325  2327  2473 I Icing   : IndexChimeraService.getServiceInterface callingPackage=com.google.android.apps.messaging componentName=null serviceId=36
01-17 15:25:55.342  2327  2473 I Icing   : IndexChimeraService.getServiceInterface callingPackage=com.google.android.apps.messaging componentName=null serviceId=36
01-17 15:25:55.372  2327  2453 I Icing   : Using regular flags by method 2
01-17 15:25:55.401  2327  2453 I Icing   : Usage reports ok 1, Failed Usage reports 0, indexed 0, rejected 0
01-17 15:25:55.413  2327  2453 I Icing   : Usage reports ok 0, Failed Usage reports 0, indexed 0, rejected 0
01-17 15:25:55.421  2327  2453 I Icing   : Usage reports ok 0, Failed Usage reports 0, indexed 0, rejected 0
01-17 15:25:55.428  2327  2453 I Icing   : Usage reports ok 0, Failed Usage reports 0, indexed 0, rejected 0
01-17 15:25:55.434  2327  2453 I Icing   : Usage reports ok 0, Failed Usage reports 0, indexed 0, rejected 0
01-17 15:25:55.441  2327  2453 I Icing   : Usage reports ok 0, Failed Usage reports 0, indexed 0, rejected 0
01-17 15:25:55.444  1646  1746 W ActivityManager: Unable to start service Intent { act=com.google.android.gms.playlog.service.START pkg=com.google.android.gms } U=0: not found
01-17 15:25:55.444  1646  1657 W ActivityManager: Unbind failed: could not find connection for android.os.BinderProxy@c1f92c7
01-17 15:25:55.445  2680  2680 E GmsClient: unable to connect to service: com.google.android.gms.playlog.service.START
01-17 15:25:55.454  2327  2453 I Icing   : Usage reports ok 0, Failed Usage reports 0, indexed 0, rejected 0
01-17 15:25:55.457  2680  2680 E TimelyPrefService: Primary account is null
01-17 15:25:55.462  2327  2453 I Icing   : Usage reports ok 0, Failed Usage reports 0, indexed 0, rejected 0
01-17 15:25:55.470  2327  2453 I Icing   : Usage reports ok 0, Failed Usage reports 0, indexed 0, rejected 0
01-17 15:25:55.513  2680  2680 W AnalyticsLogBase: PlayLogger.onLoggerFailedConnection
01-17 15:25:55.531  2726  2726 W art     : Unexpected CPU variant for X86 using defaults: x86_64
01-17 15:25:55.536  1646  2152 I ActivityManager: Start proc 2726:com.google.android.configupdater/u0a5 for broadcast com.google.android.configupdater/.CertPin.CertPinUpdateRequestReceiver
01-17 15:25:55.555  2726  2726 W System  : ClassLoader referenced unknown path: /system/priv-app/ConfigUpdater/lib/x86_64
01-17 15:25:55.594  2726  2726 E ConfigUpdater: ignoring update request
01-17 15:25:55.603  2726  2726 E ConfigUpdater: ignoring update request
01-17 15:25:55.610  2726  2726 E ConfigUpdater: ignoring update request
01-17 15:25:55.616  2726  2726 E ConfigUpdater: ignoring update request
01-17 15:25:55.622  2726  2726 E ConfigUpdater: ignoring update request
01-17 15:25:55.628  2726  2726 E ConfigUpdater: ignoring update request
01-17 15:25:55.634  2726  2726 E ConfigUpdater: ignoring update request
01-17 15:25:55.636  2368  2368 I AlarmClock: AlarmInitReceiver android.intent.action.BOOT_COMPLETED
01-17 15:25:55.650  2368  2415 V AlarmClock: AlarmInitReceiver finished
01-17 15:25:55.656  2755  2755 W art     : Unexpected CPU variant for X86 using defaults: x86_64
01-17 15:25:55.662  1646  2059 I ActivityManager: Start proc 2755:com.google.android.gm/u0a65 for broadcast com.google.android.gm/.GoogleMailDeviceStartupReceiver
01-17 15:25:55.689  2755  2755 W System  : ClassLoader referenced unknown path: /system/app/PrebuiltGmail/lib/x86_64
01-17 15:25:55.760  2755  2755 W EasBundling: in EasBundling.init, isBundlingEnabled=true
01-17 15:25:55.770  2755  2771 I Gmail   : getAccountsCursor
01-17 15:25:55.771  2755  2772 D ActivityThread: Loading provider com.google.android.gmail.provider;com.android.mail.notifier;com.google.android.gm.email.provider;com.google.android.gm.email.notifier: com.android.email.provider.EmailProvider
01-17 15:25:55.855  2755  2772 I Gmail   : Initiated Service map for: [gPop3, gLegacyImap, gEas, gmail]
01-17 15:25:55.862  1858  1858 E GmsRequestQueue: Tried to stop global GMSCore RequestQueue. This is likely unintended, so ignoring.
01-17 15:25:55.872  2755  2755 W GAV2    : Thread[main,5,main]: Need to call initialize() and be in fallback mode to start dispatch.
01-17 15:25:55.883  1646  2059 W ActivityManager: Unable to start service Intent { cmp=com.google.android.gm/com.android.email.service.AttachmentService } U=0: not found
01-17 15:25:55.894  2755  2788 I Gmail   : Observing account changes for notifications
01-17 15:25:55.940  2755  2755 I Gmail   : Account list changed
01-17 15:25:55.941  2755  2755 I Gmail   : Account list changed
01-17 15:25:55.944  2755  2755 I Exchange: EasService.onCreate
01-17 15:25:55.946  1646  1658 W ActivityManager: Unable to start service Intent { cmp=com.google.android.gm.exchange/com.android.exchange.service.EasService } U=0: not found
01-17 15:25:55.946  2755  2755 I Exchange: EasService.onCreate stoppedOldService=false
01-17 15:25:55.948  2755  2771 I Exchange: RestartPingTask
01-17 15:25:55.953  2755  2792 I Gmail   : No Email application installed
01-17 15:25:55.953  2755  2792 I EmailMigration: No data to migrate
01-17 15:25:55.953  2755  2792 W EmailMigration: No Exchange migration, not the right Email provider version
01-17 15:25:55.955  2755  2772 I Gmail   : getAccountsCursor
01-17 15:25:55.957  2755  2755 I Exchange: RestartPingsTask did not start any pings.
01-17 15:25:55.957  2755  2755 I Exchange: PSS stopIfIdle
01-17 15:25:55.957  2755  2755 I Exchange: PSS has no active accounts; stopping service.
01-17 15:25:55.970  2755  2755 I Exchange: onDestroy
01-17 15:25:55.977  2755  2755 W EasBundling: Gmail: isExchangeLegacy=false action=android.intent.action.BOOT_COMPLETED data=null
01-17 15:25:55.985  2755  2755 I Gmail   : Account list changed
01-17 15:25:55.987  2755  2755 I Exchange: EasService.onCreate
01-17 15:25:55.990  1646  1657 W ActivityManager: Unable to start service Intent { cmp=com.google.android.gm.exchange/com.android.exchange.service.EasService } U=0: not found
01-17 15:25:55.992  2755  2755 I Exchange: EasService.onCreate stoppedOldService=false
01-17 15:25:55.996  2327  2440 E ConfigFileUtils: Failed to read config file: /data/user_de/0/com.google.android.gms/app_chimera/current_modules_init.pb (No such file or directory)
01-17 15:25:55.997  2755  2771 I Exchange: RestartPingTask
01-17 15:25:55.999  2327  2440 E PhenotypeRegOp: Attempting to overwrite config package for com.google.android.gms.car [CONTEXT service_id=231 ]
01-17 15:25:56.010  2755  2755 I Exchange: RestartPingsTask did not start any pings.
01-17 15:25:56.011  2755  2755 I Exchange: PSS stopIfIdle
01-17 15:25:56.011  2755  2755 I Exchange: PSS has no active accounts; stopping service.
01-17 15:25:56.012  2755  2772 I Gmail   : getAccountsCursor
01-17 15:25:56.017  2755  2755 I Exchange: onDestroy
01-17 15:25:56.021  2755  2755 I Gmail   : Account list changed
01-17 15:25:56.043  2327  2440 E PhenotypeRegOp: Attempting to overwrite config package for com.google.android.gms.games [CONTEXT service_id=231 ]
01-17 15:25:56.044  2327  2440 E PhenotypeRegOp: Attempting to overwrite config package for com.google.android.gms.mobile_data_plan [CONTEXT service_id=231 ]
01-17 15:25:56.044  2327  2440 E PhenotypeRegOp: Attempting to overwrite config package for com.google.android.gms.signin [CONTEXT service_id=231 ]
01-17 15:25:56.045  2327  2440 E PhenotypeRegOp: Attempting to overwrite config package for com.google.android.gms.udc [CONTEXT service_id=231 ]
01-17 15:25:56.055  1858  2403 E BluetoothAdapter: Bluetooth binder is null
01-17 15:25:56.075  1646  2059 W ActivityManager: Unable to start service Intent { act=com.google.android.gms.auth.key.retrieval.service.START pkg=com.google.android.gms } U=0: not found
01-17 15:25:56.076  1646  1746 W ActivityManager: Unbind failed: could not find connection for android.os.BinderProxy@45a2325
01-17 15:25:56.077  2327  2409 E GmsClient: unable to connect to service: com.google.android.gms.auth.key.retrieval.service.START on com.google.android.gms
01-17 15:25:56.093  2805  2805 W art     : Unexpected CPU variant for X86 using defaults: x86_64
01-17 15:25:56.097  1646  2151 I ActivityManager: Start proc 2805:com.google.android.onetimeinitializer/u0a17 for broadcast com.google.android.onetimeinitializer/.OneTimeInitializerReceiver
01-17 15:25:56.125  2805  2805 W System  : ClassLoader referenced unknown path: /system/priv-app/GoogleOneTimeInitializer/lib/x86_64
01-17 15:25:56.135  2805  2805 V OneTimeInitializerReceiver: OneTimeInitializerReceiver.onReceive
01-17 15:25:56.144  2805  2819 V OneTimeService: OneTimeService.onHandleIntent
01-17 15:25:56.146  2805  2819 V OneTimeService: Already run, doing nothing.
01-17 15:25:56.170  2826  2826 W art     : Unexpected CPU variant for X86 using defaults: x86_64
01-17 15:25:56.177  1646  1657 I ActivityManager: Start proc 2826:com.google.process.gapps/u0a47 for broadcast com.google.android.syncadapters.contacts/.ContactsSyncAdapterBroadcastReceiver
01-17 15:25:56.203  2826  2826 W System  : ClassLoader referenced unknown path: /system/app/GoogleContactsSyncAdapter/lib/x86_64
01-17 15:25:56.212  1858  1858 I GeofencerStateMachine: sendQueryLocationOptIn
01-17 15:25:56.226  1858  1858 I GeofencerStateMachine: sendQueryLocationOptIn
01-17 15:25:56.239  1858  1858 I GeofencerStateMachine: sendQueryLocationOptIn
01-17 15:25:56.249  1858  1858 I GeofencerStateMachine: sendQueryLocationOptIn
01-17 15:25:56.251  2260  2839 I RlzPingService: Setting next ping for 1737200152626
01-17 15:25:56.262  1858  1858 I GeofencerStateMachine: sendQueryLocationOptIn
01-17 15:25:56.270  2826  2826 I GoogleHttpClient: GMS http client unavailable, use old client
01-17 15:25:56.275  1858  1858 I GeofencerStateMachine: sendQueryLocationOptIn
01-17 15:25:56.288  1858  1858 I GeofencerStateMachine: sendQueryLocationOptIn
01-17 15:25:56.301  2845  2845 W art     : Unexpected CPU variant for X86 using defaults: x86
01-17 15:25:56.304  1646  1742 I ActivityManager: Start proc 2845:com.google.android.talk/u0a52 for broadcast com.google.android.talk/com.google.android.apps.hangouts.service.BootReceiver
01-17 15:25:56.331  2845  2845 W System  : ClassLoader referenced unknown path: /system/app/Hangouts/lib/x86
01-17 15:25:56.584  2845  2845 I Babel_telephony: TeleModule.onApplicationCreate
01-17 15:25:56.616  2845  2845 D BabelGcmRegistration: requestGcmRegistrationId
01-17 15:25:56.622  2845  2872 I Babel_SMS: MmsConfig: mnc/mcc: 310/260
01-17 15:25:56.623  2845  2872 I Babel_SMS: MmsConfig.loadMmsSettings
01-17 15:25:56.623  2845  2872 I Babel_SMS: MmsConfig.loadDeviceMmsSettings from API: mUserAgent=GoldfishNexus, mUaProfUrl=http://gsm.lge.com/html/gsm/Nexus5-M3.xml
01-17 15:25:56.624  2845  2872 I Babel_SMS: MmsConfig.loadFromDatabase
01-17 15:25:56.632  2845  2845 I Babel_Crash: Startup - clean
01-17 15:25:56.632  2845  2872 E SQLiteLog: (1) no such table: mmsconfig
01-17 15:25:56.633  2845  2872 I Babel_SMS: MmsConfig: no mmsconfig table android.database.sqlite.SQLiteException: no such table: mmsconfig (code 1): , while compiling: SELECT key, value, type FROM mmsconfig WHERE numeric=?
01-17 15:25:56.633  2845  2872 I Babel_SMS: MmsConfig.loadFromResources
01-17 15:25:56.636  2845  2872 E Babel_SMS: canonicalizeMccMnc: invalid mccmnc nullnull
01-17 15:25:56.636  2845  2872 W Babel_SMS: MmsConfig: invalid key=userAgent or type=string
01-17 15:25:56.636  2845  2872 W Babel_SMS: MmsConfig: invalid key=uaProfUrl or type=string
01-17 15:25:56.636  2845  2872 I Babel_SMS: MmsConfig.loadMmsSettings: mUserAgent=GoldfishNexus, mUaProfUrl=http://gsm.lge.com/html/gsm/Nexus5-M3.xml
01-17 15:25:56.691  2845  2845 W Babel   : On boot, found 0 ready accounts
01-17 15:25:56.704  2882  2882 W art     : Unexpected CPU variant for X86 using defaults: x86_64
01-17 15:25:56.707  1646  1746 I ActivityManager: Start proc 2882:com.google.android.youtube/u0a70 for broadcast com.google.android.youtube/com.google.android.libraries.youtube.mdx.background.MdxBackgroundScanBootReceiver
01-17 15:25:56.726  2845  2845 D Babel   : onCreate: Shutdown runnable posted in onCreate with a delay of 5000 ms.
01-17 15:25:56.738  2882  2882 W System  : ClassLoader referenced unknown path: /system/app/YouTube/lib/x86_64
01-17 15:25:56.749  2845  2845 W System  : ClassLoader referenced unknown path: /system/priv-app/PrebuiltGmsCore/lib/x86_64
01-17 15:25:56.818  2327  2441 I SystemUpdate: [Installation,ReceiverIntentOperation] Received intent: Intent { act=com.google.android.gms.update.BASE_MODULE_INIT cat=[targeted_intent_op_prefix:.update.control.ReceiverIntentOperation] cmp=com.google.android.gms/.chimera.GmsIntentOperationService }.
01-17 15:25:56.829  2327  2440 I Auth    : [FRP,FrpUpdateIntentOperation] Frp is not supported for this device / user
01-17 15:25:56.830  2327  2406 I Auth    : [WorkAccount] update authenticator enabled for boot or update
01-17 15:25:56.837  2882  2882 W YT      : Last known version:13.23.60
01-17 15:25:56.862  1858  2902 W WakefulBroadcastReceiv.: No active wake lock id #1
01-17 15:25:56.870  1858  2364 I Auth    : [WorkAccountServiceImpl] init work authenticator
01-17 15:25:56.891  2845  2845 W System  : ClassLoader referenced unknown path: /system/priv-app/PrebuiltGmsCore/lib/x86_64
01-17 15:25:56.892  2845  2845 W System  : ClassLoader referenced unknown path: /system/priv-app/PrebuiltGmsCore/lib/x86_64
01-17 15:25:56.896  2845  2845 W GmsNativeLibraryLoader: Unable to load native code from existing library /system/priv-app/PrebuiltGmsCore/PrebuiltGmsCore.apk!/lib/x86_64/libconscrypt_gmscore_jni.so
01-17 15:25:56.896  2845  2845 W GmsNativeLibraryLoader: java.lang.UnsatisfiedLinkError: dlopen failed: "/system/priv-app/PrebuiltGmsCore/PrebuiltGmsCore.apk!/lib/x86_64/libconscrypt_gmscore_jni.so" is 64-bit instead of 32-bit
01-17 15:25:56.896  2845  2845 W GmsNativeLibraryLoader: 	at java.lang.Runtime.load0(Runtime.java:897)
01-17 15:25:56.896  2845  2845 W GmsNativeLibraryLoader: 	at java.lang.System.load(System.java:1505)
01-17 15:25:56.896  2845  2845 W GmsNativeLibraryLoader: 	at ssl.b(:com.google.android.gms@202414023@20.24.14 (040800-319035315):42)
01-17 15:25:56.896  2845  2845 W GmsNativeLibraryLoader: 	at com.google.android.gms.common.security.ProviderInstallerImpl.a(:com.google.android.gms@202414023@20.24.14 (040800-319035315):8)
01-17 15:25:56.896  2845  2845 W GmsNativeLibraryLoader: 	at com.google.android.gms.common.security.ProviderInstallerImpl.insertProvider(:com.google.android.gms@202414023@20.24.14 (040800-319035315):3)
01-17 15:25:56.896  2845  2845 W GmsNativeLibraryLoader: 	at java.lang.reflect.Method.invoke(Native Method)
01-17 15:25:56.896  2845  2845 W GmsNativeLibraryLoader: 	at hnk.a(Unknown Source)
01-17 15:25:56.896  2845  2845 W GmsNativeLibraryLoader: 	at com.google.android.apps.hangouts.requestwriter.RequestWriter.onCreate(SourceFile:220)
01-17 15:25:56.896  2845  2845 W GmsNativeLibraryLoader: 	at android.app.ActivityThread.handleCreateService(ActivityThread.java:3162)
01-17 15:25:56.896  2845  2845 W GmsNativeLibraryLoader: 	at android.app.ActivityThread.-wrap5(ActivityThread.java)
01-17 15:25:56.896  2845  2845 W GmsNativeLibraryLoader: 	at android.app.ActivityThread$H.handleMessage(ActivityThread.java:1550)
01-17 15:25:56.896  2845  2845 W GmsNativeLibraryLoader: 	at android.os.Handler.dispatchMessage(Handler.java:102)
01-17 15:25:56.896  2845  2845 W GmsNativeLibraryLoader: 	at android.os.Looper.loop(Looper.java:154)
01-17 15:25:56.896  2845  2845 W GmsNativeLibraryLoader: 	at android.app.ActivityThread.main(ActivityThread.java:6077)
01-17 15:25:56.896  2845  2845 W GmsNativeLibraryLoader: 	at java.lang.reflect.Method.invoke(Native Method)
01-17 15:25:56.896  2845  2845 W GmsNativeLibraryLoader: 	at com.android.internal.os.ZygoteInit$MethodAndArgsCaller.run(ZygoteInit.java:866)
01-17 15:25:56.896  2845  2845 W GmsNativeLibraryLoader: 	at com.android.internal.os.ZygoteInit.main(ZygoteInit.java:756)
01-17 15:25:56.896  2845  2845 W GmsNativeLibraryLoader: Unable to load native code from existing library /data/user_de/0/com.google.android.gms/app_extracted_libs/x86_64/libconscrypt_gmscore_jni.so
01-17 15:25:56.896  2845  2845 W GmsNativeLibraryLoader: java.lang.UnsatisfiedLinkError: dlopen failed: "/data/user_de/0/com.google.android.gms/app_extracted_libs/x86_64/libconscrypt_gmscore_jni.so" is 64-bit instead of 32-bit
01-17 15:25:56.896  2845  2845 W GmsNativeLibraryLoader: 	at java.lang.Runtime.load0(Runtime.java:897)
01-17 15:25:56.896  2845  2845 W GmsNativeLibraryLoader: 	at java.lang.System.load(System.java:1505)
01-17 15:25:56.896  2845  2845 W GmsNativeLibraryLoader: 	at ssl.b(:com.google.android.gms@202414023@20.24.14 (040800-319035315):56)
01-17 15:25:56.896  2845  2845 W GmsNativeLibraryLoader: 	at com.google.android.gms.common.security.ProviderInstallerImpl.a(:com.google.android.gms@202414023@20.24.14 (040800-319035315):8)
01-17 15:25:56.896  2845  2845 W GmsNativeLibraryLoader: 	at com.google.android.gms.common.security.ProviderInstallerImpl.insertProvider(:com.google.android.gms@202414023@20.24.14 (040800-319035315):3)
01-17 15:25:56.896  2845  2845 W GmsNativeLibraryLoader: 	at java.lang.reflect.Method.invoke(Native Method)
01-17 15:25:56.896  2845  2845 W GmsNativeLibraryLoader: 	at hnk.a(Unknown Source)
01-17 15:25:56.896  2845  2845 W GmsNativeLibraryLoader: 	at com.google.android.apps.hangouts.requestwriter.RequestWriter.onCreate(SourceFile:220)
01-17 15:25:56.896  2845  2845 W GmsNativeLibraryLoader: 	at android.app.ActivityThread.handleCreateService(ActivityThread.java:3162)
01-17 15:25:56.896  2845  2845 W GmsNativeLibraryLoader: 	at android.app.ActivityThread.-wrap5(ActivityThread.java)
01-17 15:25:56.896  2845  2845 W GmsNativeLibraryLoader: 	at android.app.ActivityThread$H.handleMessage(ActivityThread.java:1550)
01-17 15:25:56.896  2845  2845 W GmsNativeLibraryLoader: 	at android.os.Handler.dispatchMessage(Handler.java:102)
01-17 15:25:56.896  2845  2845 W GmsNativeLibraryLoader: 	at android.os.Looper.loop(Looper.java:154)
01-17 15:25:56.896  2845  2845 W GmsNativeLibraryLoader: 	at android.app.ActivityThread.main(ActivityThread.java:6077)
01-17 15:25:56.896  2845  2845 W GmsNativeLibraryLoader: 	at java.lang.reflect.Method.invoke(Native Method)
01-17 15:25:56.896  2845  2845 W GmsNativeLibraryLoader: 	at com.android.internal.os.ZygoteInit$MethodAndArgsCaller.run(ZygoteInit.java:866)
01-17 15:25:56.896  2845  2845 W GmsNativeLibraryLoader: 	at com.android.internal.os.ZygoteInit.main(ZygoteInit.java:756)
01-17 15:25:56.897  2845  2845 E GmsNativeLibraryLoader: Unable to locate conscrypt_gmscore_jni in dalvik.system.PathClassLoader[DexPathList[[zip file "/system/framework/com.android.location.provider.jar", zip file "/system/framework/com.android.media.remotedisplay.jar", zip file "/system/priv-app/PrebuiltGmsCore/PrebuiltGmsCore.apk"],nativeLibraryDirectories=[/system/priv-app/PrebuiltGmsCore/lib/x86_64, /system/priv-app/PrebuiltGmsCore/PrebuiltGmsCore.apk!/lib/x86_64, /system/lib, /vendor/lib, /system/lib, /vendor/lib]]]
01-17 15:25:56.897  2845  2845 E GmsNativeLibraryLoader: java.lang.UnsatisfiedLinkError: dlopen failed: "/system/priv-app/PrebuiltGmsCore/PrebuiltGmsCore.apk!/lib/x86_64/libconscrypt_gmscore_jni.so" is 64-bit instead of 32-bit
01-17 15:25:56.897  2845  2845 E GmsNativeLibraryLoader: 	at java.lang.Runtime.loadLibrary0(Runtime.java:977)
01-17 15:25:56.897  2845  2845 E GmsNativeLibraryLoader: 	at java.lang.System.loadLibrary(System.java:1530)
01-17 15:25:56.897  2845  2845 E GmsNativeLibraryLoader: 	at ssl.b(:com.google.android.gms@202414023@20.24.14 (040800-319035315):63)
01-17 15:25:56.897  2845  2845 E GmsNativeLibraryLoader: 	at com.google.android.gms.common.security.ProviderInstallerImpl.a(:com.google.android.gms@202414023@20.24.14 (040800-319035315):8)
01-17 15:25:56.897  2845  2845 E GmsNativeLibraryLoader: 	at com.google.android.gms.common.security.ProviderInstallerImpl.insertProvider(:com.google.android.gms@202414023@20.24.14 (040800-319035315):3)
01-17 15:25:56.897  2845  2845 E GmsNativeLibraryLoader: 	at java.lang.reflect.Method.invoke(Native Method)
01-17 15:25:56.897  2845  2845 E GmsNativeLibraryLoader: 	at hnk.a(Unknown Source)
01-17 15:25:56.897  2845  2845 E GmsNativeLibraryLoader: 	at com.google.android.apps.hangouts.requestwriter.RequestWriter.onCreate(SourceFile:220)
01-17 15:25:56.897  2845  2845 E GmsNativeLibraryLoader: 	at android.app.ActivityThread.handleCreateService(ActivityThread.java:3162)
01-17 15:25:56.897  2845  2845 E GmsNativeLibraryLoader: 	at android.app.ActivityThread.-wrap5(ActivityThread.java)
01-17 15:25:56.897  2845  2845 E GmsNativeLibraryLoader: 	at android.app.ActivityThread$H.handleMessage(ActivityThread.java:1550)
01-17 15:25:56.897  2845  2845 E GmsNativeLibraryLoader: 	at android.os.Handler.dispatchMessage(Handler.java:102)
01-17 15:25:56.897  2845  2845 E GmsNativeLibraryLoader: 	at android.os.Looper.loop(Looper.java:154)
01-17 15:25:56.897  2845  2845 E GmsNativeLibraryLoader: 	at android.app.ActivityThread.main(ActivityThread.java:6077)
01-17 15:25:56.897  2845  2845 E GmsNativeLibraryLoader: 	at java.lang.reflect.Method.invoke(Native Method)
01-17 15:25:56.897  2845  2845 E GmsNativeLibraryLoader: 	at com.android.internal.os.ZygoteInit$MethodAndArgsCaller.run(ZygoteInit.java:866)
01-17 15:25:56.897  2845  2845 E GmsNativeLibraryLoader: 	at com.android.internal.os.ZygoteInit.main(ZygoteInit.java:756)
01-17 15:25:56.898  2845  2845 E ProviderInstaller: Failed to install provider: null
01-17 15:25:56.898  2845  2845 E Babel_RequestWriter: GPS not available when trying to installIfNeeded
01-17 15:25:56.898  2845  2845 E Babel_RequestWriter: fux
01-17 15:25:56.898  2845  2845 E Babel_RequestWriter: 	at hnk.a(Unknown Source)
01-17 15:25:56.898  2845  2845 E Babel_RequestWriter: 	at com.google.android.apps.hangouts.requestwriter.RequestWriter.onCreate(SourceFile:220)
01-17 15:25:56.898  2845  2845 E Babel_RequestWriter: 	at android.app.ActivityThread.handleCreateService(ActivityThread.java:3162)
01-17 15:25:56.898  2845  2845 E Babel_RequestWriter: 	at android.app.ActivityThread.-wrap5(ActivityThread.java)
01-17 15:25:56.898  2845  2845 E Babel_RequestWriter: 	at android.app.ActivityThread$H.handleMessage(ActivityThread.java:1550)
01-17 15:25:56.898  2845  2845 E Babel_RequestWriter: 	at android.os.Handler.dispatchMessage(Handler.java:102)
01-17 15:25:56.898  2845  2845 E Babel_RequestWriter: 	at android.os.Looper.loop(Looper.java:154)
01-17 15:25:56.898  2845  2845 E Babel_RequestWriter: 	at android.app.ActivityThread.main(ActivityThread.java:6077)
01-17 15:25:56.898  2845  2845 E Babel_RequestWriter: 	at java.lang.reflect.Method.invoke(Native Method)
01-17 15:25:56.898  2845  2845 E Babel_RequestWriter: 	at com.android.internal.os.ZygoteInit$MethodAndArgsCaller.run(ZygoteInit.java:866)
01-17 15:25:56.898  2845  2845 E Babel_RequestWriter: 	at com.android.internal.os.ZygoteInit.main(ZygoteInit.java:756)
01-17 15:25:56.912  2327  2440 I SystemUpdate: [Execution,InstallationEventIntentOperation] Handling event of type 1.
01-17 15:25:56.917  2327  2405 I SystemUpdate: [Execution,InstallationIntentOperation] Received intent: Intent { act=com.google.android.gms.update.INSTALL_UPDATE cat=[targeted_intent_op_prefix:.update.execution.InstallationIntentOperation] cmp=com.google.android.gms/.chimera.GmsIntentOperationService }.
01-17 15:25:56.945  1858  2317 I aorp    : updateFromConfigurations using legacy put method [CONTEXT service_id=204 ]
01-17 15:25:56.946  2327  2405 I SystemUpdate: [Execution,ExecutionManager] Action finished-execution executed for 0.00 seconds.
01-17 15:25:56.954  2327  2406 I Auth    : [SupervisedAccountIntentOperation] onHandleIntent(): android.intent.action.BOOT_COMPLETED
01-17 15:25:56.957  1858  2392 W Conscrypt: Could not set socket write timeout: java.net.SocketException: Socket closed
01-17 15:25:56.962  2845  2907 D Babel   : Idle: Shutdown runnable posted in release with a delay of 5000 ms.
01-17 15:25:56.993  1858  2392 W Conscrypt: 	at com.google.android.gms.org.conscrypt.Platform.setSocketWriteTimeout(:com.google.android.gms@202414023@20.24.14 (040800-319035315):2)
01-17 15:25:56.993  1858  2392 W Conscrypt: 	at com.google.android.gms.org.conscrypt.ConscryptFileDescriptorSocket.setSoWriteTimeout(:com.google.android.gms@202414023@20.24.14 (040800-319035315):0)
01-17 15:25:56.994  1858  1858 E BluetoothAdapter: Bluetooth binder is null
01-17 15:25:56.997  2845  2845 D Babel   : Idle: Shutdown runnable posted in release with a delay of 5000 ms.
01-17 15:25:57.012  1858  2314 W EasyUnlock: [EasyUnlockSupportReporterIntentOperation] Invalid account list.
01-17 15:25:57.014  2327  2441 I Auth    : [AuthManaged,PasswordComplexityHelperImpl] Updating password complexity components state.
01-17 15:25:57.015  2327  2441 I Auth    : [AuthManaged,PasswordComplexityHelperImpl] Enabling com.google.android.gms.auth.managed.ui.SetNewPasswordActivity
01-17 15:25:57.016  2327  2441 I Auth    : [AuthManaged,PasswordComplexityHelperImpl] Enabling com.google.android.gms.auth.managed.admin.DeviceAdminReceiver
01-17 15:25:57.016  2882  2919 W YouTube : Fetching the Gservices key 'failsafe_clear_cache_release_13_02' before the end of the bulk initialization
01-17 15:25:57.028  1646  2076 V KeyValueBackupJob: Scheduling k/v pass in 243 minutes
01-17 15:25:57.042  1858  2317 I aorp    : updateFromConfigurations using legacy put method [CONTEXT service_id=204 ]
01-17 15:25:57.066  2327  2406 I AutofillModuleInitInten: AutofillModuleInitIntentOperation onInitRuntimeState(2) [CONTEXT service_id=177 ]
01-17 15:25:57.112  2327  2927 E GmsRequestQueue: Tried to stop global GMSCore RequestQueue. This is likely unintended, so ignoring.
01-17 15:25:57.113  2327  2441 V Backup  : [SettingsModuleInit] onInitRuntimeState
01-17 15:25:57.118  2327  2441 V Backup  : [NoBackupNotification] Disabled, not scheduling
01-17 15:25:57.134  2327  2406 V Backup  : [MigrateUtil] Clearing migrate temp dir: /data/user/0/com.google.android.gms/files/migrate_dir
01-17 15:25:57.135  2327  2441 V Backup  : [BackupAccountChangedIO] Ignoring received intent, action = android.intent.action.BOOT_COMPLETED
01-17 15:25:57.135  2327  2927 I Authzen : [AuthZenEventHandler] Handling event: android.intent.action.BOOT_COMPLETED
01-17 15:25:57.136  2327  2441 I Backup  : [TargetEnabler] Setting target components to enabled = false
01-17 15:25:57.139  2327  2406 D Backup  : [MigrateCleaner] D2D transport was not selected, not selecting cloud transport.
01-17 15:25:57.139  2327  2927 I Authzen : [TransactionCache] Clearing transaction cache
01-17 15:25:57.144  2327  2441 I Backup  : [SourceEnabler] Setting source components to enabled = true
01-17 15:25:57.144  2327  2441 V Backup  : [MigrateUtil] Using pre-O select transport api
01-17 15:25:57.146  2327  2441 W Backup  : [ComponentEnablerUtil] Unable to set component 'com.google.android.gms.backup.component.D2dMigrateFlowActivity' to enabled=false
01-17 15:25:57.181  2327  2441 V Backup  : [GmsBackupScheduler] Scheduled task to run in 1440 minutes, while idle: true, require charging: true, require wifi: true
01-17 15:25:57.193  1858  2392 W Conscrypt: Could not set socket write timeout: java.net.SocketException: Socket closed
01-17 15:25:57.193  1858  2392 W Conscrypt: 	at com.google.android.gms.org.conscrypt.Platform.setSocketWriteTimeout(:com.google.android.gms@202414023@20.24.14 (040800-319035315):2)
01-17 15:25:57.197  1858  2392 W Conscrypt: 	at com.google.android.gms.org.conscrypt.ConscryptFileDescriptorSocket.setSoWriteTimeout(:com.google.android.gms@202414023@20.24.14 (040800-319035315):0)
01-17 15:25:57.207  2327  2441 V Backup  : [GmsBackupSchedulerLog] Logging to Clearcut eventCode: 30, event: # mob@21d4b901
01-17 15:25:57.229  2327  2441 V Backup  : [MmsBackupScheduler] Scheduled task to run in 1440 minutes, while idle: true, require charging: true, require wifi: true
01-17 15:25:57.255  2327  2406 E JavaBinder: !!! FAILED BINDER TRANSACTION !!!  (parcel size = 1056768)
01-17 15:25:57.258  2327  2406 I ChromeSync: [Sync,SyncIntentOperation] Handling the intent: Intent { act=android.intent.action.BOOT_COMPLETED flg=0x9000010 cmp=com.google.android.gms/.chimera.GmsIntentOperationService (has extras) }.
01-17 15:25:57.289  2882  2916 W art     : Long monitor contention with owner initCrit2-1 (2915) at void wpc.<clinit>()(SourceFile:1) waiters=3 in java.lang.Object amzo.get() for 304ms
01-17 15:25:57.290  2327  2439 I constellation: [intent_handler] Received onBootCompleted intent
01-17 15:25:57.291  2327  2439 I constellation: [reboot_checker] Reboot checker check status.
01-17 15:25:57.301  2327  2439 I constellation: [reboot_checker] Reboot Sync didn't run.
01-17 15:25:57.301  2327  2439 I constellation: [intent_handler] on init with intent Intent { act=android.intent.action.BOOT_COMPLETED flg=0x9000010 cmp=com.google.android.gms/.chimera.GmsIntentOperationService (has extras) }
01-17 15:25:57.334  2327  2441 I Checkin : [EventLogChimeraService] Opted in for usage reporting: false
01-17 15:25:57.373  2327  2438 I Ads     : Parental control value is stale. Refreshing.
01-17 15:25:57.377  2327  2438 W Ads     : Play store is not installed or the service for parental controls is not available.
01-17 15:25:57.378  2327  2438 I Ads     : Initialized AdMob in container 20.24.14 (040800-319035315)
01-17 15:25:57.395  2327  2440 I Fido    : [FidoInitIntentOperation] Initializing Fido module, InitRuntimeState=2
01-17 15:25:57.411  2949  2949 W art     : Unexpected CPU variant for X86 using defaults: x86_64
01-17 15:25:57.433  1646  1658 I ActivityManager: Start proc 2949:com.google.android.gms.unstable/u0a14 for service com.google.android.gms/.droidguard.DroidGuardService
01-17 15:25:57.462  2949  2949 W System  : ClassLoader referenced unknown path: /system/priv-app/PrebuiltGmsCore/lib/x86_64
01-17 15:25:57.467  2327  2441 I Checkin : [EventLogChimeraService] Accumulating logs since 1737127503636
01-17 15:25:57.515  2845  2864 W BabelGcmRegistration: Error registering for GCM
01-17 15:25:57.555  2845  2864 W BabelGcmRegistration: java.io.IOException: DEPRECATED_ENDPOINT
01-17 15:25:57.555  2845  2864 W BabelGcmRegistration: 	at gpx.a(Unknown Source)
01-17 15:25:57.555  2845  2864 W BabelGcmRegistration: 	at hso.a(SourceFile:38)
01-17 15:25:57.555  2845  2864 W BabelGcmRegistration: 	at eih.a(SourceFile:366)
01-17 15:25:57.555  2845  2864 W BabelGcmRegistration: 	at eih.doInBackground(SourceFile:361)
01-17 15:25:57.555  2845  2864 W BabelGcmRegistration: 	at android.os.AsyncTask$2.call(AsyncTask.java:304)
01-17 15:25:57.555  2845  2864 W BabelGcmRegistration: 	at java.util.concurrent.FutureTask.run(FutureTask.java:237)
01-17 15:25:57.555  2845  2864 W BabelGcmRegistration: 	at android.os.AsyncTask$SerialExecutor$1.run(AsyncTask.java:243)
01-17 15:25:57.555  2845  2864 W BabelGcmRegistration: 	at java.util.concurrent.ThreadPoolExecutor.runWorker(ThreadPoolExecutor.java:1133)
01-17 15:25:57.555  2845  2864 W BabelGcmRegistration: 	at java.util.concurrent.ThreadPoolExecutor$Worker.run(ThreadPoolExecutor.java:607)
01-17 15:25:57.555  2845  2864 W BabelGcmRegistration: 	at java.lang.Thread.run(Thread.java:761)
01-17 15:25:57.564  2327  2440 I NewModuleOp: Schedule LanguageProfileGcmTaskChimeraService tasks. [CONTEXT service_id=167 ]
01-17 15:25:57.567  2327  2406 I MobileDataHub: Scheduling periodic tasks
01-17 15:25:57.573  1858  1858 I Fido    : [CableAuthenticatorChimeraService] Registering broadcast receiver.
01-17 15:25:57.587  2949  2949 W DynamiteModule: Local module descriptor class for providerinstaller not found.
01-17 15:25:57.594  2949  2949 W ProviderHelper: Unknown dynamite feature providerinstaller
01-17 15:25:57.597  2949  2949 I DynamiteModule: Considering local module providerinstaller:0 and remote module providerinstaller:0
01-17 15:25:57.598  2949  2949 W ProviderInstaller: Failed to load providerinstaller module: No acceptable module found. Local version is 0 and remote version is 0.
01-17 15:25:57.606  2949  2949 W System  : ClassLoader referenced unknown path: /system/priv-app/PrebuiltGmsCore/lib/x86_64
01-17 15:25:57.606  2949  2949 W System  : ClassLoader referenced unknown path: /system/priv-app/PrebuiltGmsCore/lib/x86_64
01-17 15:25:57.608  2949  2949 V NativeCrypto: Registering com/google/android/gms/org/conscrypt/NativeCrypto's 286 native methods...
01-17 15:25:57.625  2949  2949 D NetworkSecurityConfig: Using Network Security Config from resource network_security_config debugBuild: false
01-17 15:25:57.628  2949  2949 I ProviderInstaller: Installed default security provider GmsCore_OpenSSL
01-17 15:25:57.628  2949  2949 I Safeboot: Checking safeboot...
01-17 15:25:57.629  2949  2949 I Safeboot: Not entering safeboot; wrong process.
01-17 15:25:57.631  2327  2440 I LPGcmTaskChimeraService: Unscheduling sync tasks. [CONTEXT service_id=167 ]
01-17 15:25:57.654  1858  1871 I art     : Background sticky concurrent mark sweep GC freed 36839(3MB) AllocSpace objects, 15(388KB) LOS objects, 20% free, 11MB/14MB, paused 6.507ms total 71.468ms
01-17 15:25:57.665  2882  2924 W art     : Verification of void kzj.onCreate(android.os.Bundle) took 155.978ms
01-17 15:25:57.679  2327  2439 W MagicTether: [MagicTetherInitializer] Invalid account list.
01-17 15:25:57.693  2327  2439 I MdiSyncModule: initializing module...
01-17 15:25:57.701  1858  2317 I Herrevad: [60] absm.a: updateListenState
01-17 15:25:57.753  2327  2453 I GmsSyncPolicyEngine: Periodic sync 3 disabled
01-17 15:25:57.753  2327  2439 I MdiSyncModule: module initialization completed
01-17 15:25:57.840  2949  2949 I Watchcat: Started
01-17 15:25:57.841  2949  2949 I bezb    : Primes not initialized, returning default (no-op) Primes instance which will ignore all calls. Please call Primes.initialize(...) before using any Primes API.
01-17 15:25:58.055  2327  2441 I Checkin : [CheckinOperation] Starting Checkin: Default Task Reason : 1 Force : false UserId : 0 Start time : 18170
01-17 15:25:58.081  2327  2441 I CheckinUtil: Classify the device as Phone. [CONTEXT service_id=130 ]
01-17 15:25:58.087  2327  2440 I MS_Utils: version of com.google.android.apps.maps = 930100020
01-17 15:25:58.101  1858  1871 I art     : Background partial concurrent mark sweep GC freed 37878(2MB) AllocSpace objects, 24(872KB) LOS objects, 25% free, 11MB/15MB, paused 4.936ms total 192.961ms
01-17 15:25:58.106  2327  2449 W MobileDataHub: [Service] appsupload-periodic periodic task disabled
01-17 15:25:58.111  2327  2402 I MS_RegisterService: Tachyon host: www.google.com, Tachyon port: 443
01-17 15:25:58.168  1646  1881 W ActivityManager: Unable to start service Intent { act=com.google.android.gms.nearby.discovery:ACTION_INIT_MESSAGES_PATH cmp=com.google.android.gms/.nearby.discovery.service.DiscoveryService } U=0: not found
01-17 15:25:58.183  2327  2405 I ExposureNotification: ExposureNotificationInitIntentOperation.onInitRuntimeState [CONTEXT service_id=236 ]
01-17 15:25:58.195  2882  2914 W System  : ClassLoader referenced unknown path: /system/priv-app/PrebuiltGmsCore/lib/x86_64
01-17 15:25:58.197  2327  2406 I NearbyDiscovery: FastPair: HeadsetPieceImage, grant permission files:0 [CONTEXT service_id=49 ]
01-17 15:25:58.206  1858  1858 I ExposureNotification: ExposureNotificationInternalService.onCreate, com.google.android.gms.nearby.exposurenotification.service.ExposureNotificationInternalChimeraService@4185cb7 [CONTEXT service_id=236 ]
01-17 15:25:58.207  1858  2965 I LockboxService: Completed task: true [CONTEXT service_id=26 ]
01-17 15:25:58.213  2327  2405 I NearbySharing: Runtime state initialization complete. Sharing is disabled. [CONTEXT service_id=194 ]
01-17 15:25:58.234  1858  1858 I ExposureNotification: ExposureServiceInternalService.onStartCommand, Intent { act=com.google.android.gms.nearby.exposurenotification.service.ACTION_CLIENT_CHANGE cmp=com.google.android.gms/.nearby.exposurenotification.service.ExposureNotificationInternalService } [CONTEXT service_id=236 ]
01-17 15:25:58.234  1858  1858 E BluetoothAdapter: Bluetooth binder is null
01-17 15:25:58.263  1858  1858 I ExposureNotification: Utils#isSupported enabled=false, isDeviceSupported=true, isBluetoothSupported=false, BluetoothAdapter.isMultipleAdvertisementSupported=false [CONTEXT service_id=236 ]
01-17 15:25:58.263  1858  1858 I ExposureNotification: Exposure notifications disabled. [CONTEXT service_id=236 ]
01-17 15:25:58.263  1858  1858 I ExposureNotification: ExposureServiceInternalService.stopTracing [CONTEXT service_id=236 ]
01-17 15:25:58.292  2327  2439 I LT_StubFactory: tachyonHostName = instantmessaging-pa.googleapis.com and tachyonPortNumber = 443
01-17 15:25:58.292  2327  2441 I Checkin : [AndroidCheckinProtoModule] Checkin reason type: 1 attempt count: 1.
01-17 15:25:58.307  1858  1858 I ExposureNotification: AlarmManagerImpl.opportunisticSchedule called, delay=1800000ms [CONTEXT service_id=236 ]
01-17 15:25:58.317  2327  2439 D LT_OkHttpChannelBuilder: Using Spatula header keyless authentication.
01-17 15:25:58.334  1858  1871 I art     : Background sticky concurrent mark sweep GC freed 34813(2MB) AllocSpace objects, 34(1140KB) LOS objects, 17% free, 13MB/15MB, paused 5.116ms total 57.847ms
01-17 15:25:58.340  2327  2406 I DeletedNullContactsCleanup: Scheduling the service.
01-17 15:25:58.351  1858  1858 I ExposureNotification: User turn off scanning. [CONTEXT service_id=236 ]
01-17 15:25:58.351  1858  1858 I ExposureNotification: Not scanning! [CONTEXT service_id=236 ]
01-17 15:25:58.351  1858  1858 W ExposureNotification: stopTracing called but Scanner failed to stop! [CONTEXT service_id=236 ]
01-17 15:25:58.352  2327  2439 W art     : Before Android 4.1, method double java.util.concurrent.ThreadLocalRandom.internalNextDouble(double, double) would have incorrectly overridden the package-private method in java.util.Random
01-17 15:25:58.352  2327  2439 W art     : Before Android 4.1, method int java.util.concurrent.ThreadLocalRandom.internalNextInt(int, int) would have incorrectly overridden the package-private method in java.util.Random
01-17 15:25:58.352  2327  2439 W art     : Before Android 4.1, method long java.util.concurrent.ThreadLocalRandom.internalNextLong(long, long) would have incorrectly overridden the package-private method in java.util.Random
01-17 15:25:58.362  1858  2392 I MagicTether: [HostValidator] InvalidHost. MobileData: true, Tethering: false, whitelist: false, ble: false
01-17 15:25:58.369  2882  2915 W art     : Long monitor contention with owner background1-2 (2914) at java.lang.Object dalvik.system.DexFile.openDexFileNative(java.lang.String, java.lang.String, int, java.lang.ClassLoader, dalvik.system.DexPathList$Element[])(DexFile.java:-2) waiters=0 in java.lang.ClassLoader android.app.LoadedApk.getClassLoader() for 724ms
01-17 15:25:58.396  1858  1858 I ExposureNotification: ThreadSafeLevelDbWrapper: do open LevelDb contact-tracing-self-tracing-key-db [CONTEXT service_id=236 ]
01-17 15:25:58.396  1858  1858 I ExposureNotification: ThreadSafeLevelDbWrapper:contact-tracing-self-tracing-key-db instance ajdk@d12fa66 created [CONTEXT service_id=236 ]
01-17 15:25:58.403  2327  2473 E WakeLock: DG:service ** IS FORCE-RELEASED ON TIMEOUT **
01-17 15:25:58.410  2882  2919 E YouTube : Failed delayed event dispatch, no dispatchers.
01-17 15:25:58.415  1858  1858 I ExposureNotification: ThreadSafeLevelDbWrapper:contact-tracing-self-tracing-key-db instance ajdk@d12fa66 closed [CONTEXT service_id=236 ]
01-17 15:25:58.418  1858  1858 I ExposureNotification: ThreadSafeLevelDbWrapper: do close LevelDb contact-tracing-self-tracing-key-db [CONTEXT service_id=236 ]
01-17 15:25:58.471  2327  2406 I BackupAndSyncValidation: Scheduling the service.
01-17 15:25:58.491  1858  1858 I ExposureNotification: ThreadSafeLevelDbWrapper: do open LevelDb en-matching-request-db [CONTEXT service_id=236 ]
01-17 15:25:58.491  1858  1858 I ExposureNotification: ThreadSafeLevelDbWrapper:en-matching-request-db instance ajdk@5958f9 created [CONTEXT service_id=236 ]
01-17 15:25:58.491  1858  1858 I ExposureNotification: ThreadSafeLevelDbWrapper:en-matching-request-db instance ajdk@5958f9 closed [CONTEXT service_id=236 ]
01-17 15:25:58.491  1858  1858 I ExposureNotification: ThreadSafeLevelDbWrapper: do close LevelDb en-matching-request-db [CONTEXT service_id=236 ]
01-17 15:25:58.496  2327  3024 I LT_PhenotypeApiImplV12: Retrieve experiment configurations for: 
01-17 15:25:58.553  2882  2930 W art     : Long monitor contention with owner background1-4 (2920) at java.lang.String java.lang.Runtime.nativeLoad(java.lang.String, java.lang.ClassLoader, java.lang.String)(Runtime.java:-2) waiters=0 in java.lang.Object apdy.get() for 264ms
01-17 15:25:58.562  1858  1858 I NearbySharing: ReceiveSurfaceService created [CONTEXT service_id=194 ]
01-17 15:25:58.568  2327  2338 I art     : Background partial concurrent mark sweep GC freed 26330(1939KB) AllocSpace objects, 18(360KB) LOS objects, 23% free, 13MB/17MB, paused 2.656ms total 113.770ms
01-17 15:25:58.571  1858  1858 I NearbySharing: ReceiveSurfaceService started [CONTEXT service_id=194 ]
01-17 15:25:58.574  1858  2317 I NetRec  : [60] BootCompletedOrAppUpdatedIntentOperation.onHandleIntent: onBootCompleted()
01-17 15:25:58.579  1858  1858 I ExposureNotification: ExposureServiceInternalService.onDestroy, com.google.android.gms.nearby.exposurenotification.service.ExposureNotificationInternalChimeraService@4185cb7 [CONTEXT service_id=236 ]
01-17 15:25:58.602  2327  2406 I PeopleInitIntentOp: Not initializing debuggability [CONTEXT service_id=5 ]
01-17 15:25:58.603  1858  1858 I NearbySharing: ReceiveSurfaceService destroyed [CONTEXT service_id=194 ]
01-17 15:25:58.651  1858  2446 W GLSUser : [DeviceKeyStore] Cannot load key: Device key file not found.
01-17 15:25:58.658  2327  2439 V SmartDevice: [service,SmartDeviceIntentHandlers] OnUpgradeOrBootOperation got intent: Intent { act=android.intent.action.BOOT_COMPLETED flg=0x9000010 cmp=com.google.android.gms/.chimera.GmsIntentOperationService (has extras) } with flag 2
01-17 15:25:58.680  2882  2914 W System  : ClassLoader referenced unknown path: /system/priv-app/PrebuiltGmsCore/lib/x86_64
01-17 15:25:58.680  2882  2914 W System  : ClassLoader referenced unknown path: /system/priv-app/PrebuiltGmsCore/lib/x86_64
01-17 15:25:58.689  2882  2915 I DynamiteModule: Considering local module com.google.android.gms.ads.dynamite:0 and remote module com.google.android.gms.ads.dynamite:21400
01-17 15:25:58.693  2327  2440 W MDM     : [96] agll.c: Device admin action is a no-op. Action: true
01-17 15:25:58.697  2327  2440 I TelephonySpam: TelephonySpamInit - On boot completed TelephonySpam module initialized
01-17 15:25:58.697  2327  2440 I TelephonySpam: TelephonySpamInit - onModuleUpdated TelephonySpam module initialized
01-17 15:25:58.697  2327  2440 I TelephonySpam: SpamListSync - scheduleSyncTasks
01-17 15:25:58.700  2327  2440 I TelephonySpam: SpamListSync - schedulePeriodicTask
01-17 15:25:58.703  2327  2439 W System  : ClassLoader referenced unknown path: 
01-17 15:25:58.703  2327  2439 W System  : ClassLoader referenced unknown path: /system/priv-app/GoogleServicesFramework/lib/x86_64
01-17 15:25:58.709  2327  2327 I LT_PhenotypeApiImplV12: Phenotype registration succeeded
01-17 15:25:58.722  1858  2317 I NetRec  : [60] BootCompletedOrAppUpdatedIntentOperation.onHandleIntent: Scheduling CleanupDatabaseTask
01-17 15:25:58.724  2327  2439 I SubscribedFeeds: Collected 10 certs in 14ms [CONTEXT service_id=250 ]
01-17 15:25:58.728  2882  2915 I DynamiteModule: Selected remote version of com.google.android.gms.ads.dynamite, version >= 21400
01-17 15:25:58.733  1858  2917 W art     : Long monitor contention with owner netscheduler-queue-handler (2419) at android.os.IBinder android.os.Parcel.nativeReadStrongBinder(long)(Parcel.java:-2) waiters=0 in int aqtk.c(aqqo) for 1.037s
01-17 15:25:58.738  1858  2317 I NetRec  : [60] alod.a: onConfigChanged()
01-17 15:25:58.745  2327  2987 I FA-SVC  : App measurement initialized, version: 202414
01-17 15:25:58.765  1858  2446 W GLSUser : [DeviceKeyStore] Cannot load key: Device key file not found.
01-17 15:25:58.770  2327  2440 I TelephonySpam: SpamListSync - scheduleOneTimeTask
01-17 15:25:58.771  1858  2317 I NetRec  : [60] alod.a: Cancelling all NetRec GCM tasks
01-17 15:25:58.819  2327  2327 D LT_ClntIntrcptrFctryV12: Spatula header: CjYKFmNvbS5nb29nbGUuYW5kcm9pZC5nbXMaHFdPSEVFejkwUWV3OUxDY0NjS0ZJQXRwSHVnND0YutD/zIu+/M08
01-17 15:25:58.824  2882  2914 V NativeCrypto: Registering com/google/android/gms/org/conscrypt/NativeCrypto's 286 native methods...
01-17 15:25:58.848  2882  2915 W System  : ClassLoader referenced unknown path: 
01-17 15:25:58.849  2882  2915 W System  : ClassLoader referenced unknown path: /system/priv-app/PrebuiltGmsCore/lib/x86_64
01-17 15:25:58.862  1858  2316 I aorp    : updateFromConfigurations using legacy put method [CONTEXT service_id=204 ]
