01-17 15:25:46.511  1410  1410 I MediaPlayerService: MediaPlayerService::getOMX
01-17 15:25:46.512  1646  1694 D WifiMonitor: startMonitoring(wlan0) with mConnected = false
01-17 15:25:46.512  1646  1646 I SystemServer: Enabled StrictMode for system server main thread.
01-17 15:25:46.512  1410  1410 I OMXClient: MuxOMX ctor
01-17 15:25:46.512  1407  1418 I OMXMaster: makeComponentInstance(OMX.google.vp9.decoder) in mediacodec process
01-17 15:25:46.515  1646  1646 W ContextImpl: Calling a method in the system process without a qualified user: android.app.ContextImpl.startService:1385 com.android.server.content.SyncManager$13.run:631 android.os.Handler.handleCallback:751 android.os.Handler.dispatchMessage:95 android.os.Looper.loop:154 
01-17 15:25:46.521  1646  1659 W LocationProviderProxy-network: Odd, no component found for service com.android.location.service.v3.NetworkLocationProvider
01-17 15:25:46.522  1646  1659 W GeocoderProxy: Odd, no component found for service com.android.location.service.GeocodeProvider
01-17 15:25:46.522  1646  1659 W GeofenceProxy: Odd, no component found for service com.android.location.service.GeofenceProvider
01-17 15:25:46.522  1646  1659 W ActivityRecognitionProxy: Odd, no component found for service com.android.location.service.ActivityRecognitionProvider
01-17 15:25:46.526  1884  1884 W System  : ClassLoader referenced unknown path: /system/priv-app/TeleService/lib/x86_64
01-17 15:25:46.535  1646  1646 D ConditionProviders.SCP: onConnected
01-17 15:25:46.535  1646  1646 D ZenLog  : set_zen_mode: off,readXml
01-17 15:25:46.537  1646  1646 D ConditionProviders: Subscribing to condition://android/schedule?days=6.7&start=23.30&end=10.0&exitAtAlarm=false with ComponentInfo{android/com.android.server.notification.ScheduleConditionProvider}
01-17 15:25:46.538  1646  1646 D ZenLog  : subscribe: condition://android/schedule?days=6.7&start=23.30&end=10.0&exitAtAlarm=false,ok
01-17 15:25:46.538  1646  1646 D ConditionProviders: Subscribing to condition://android/schedule?days=1.2.3.4.5&start=22.0&end=7.0&exitAtAlarm=false with ComponentInfo{android/com.android.server.notification.ScheduleConditionProvider}
01-17 15:25:46.538  1646  1646 D ZenLog  : subscribe: condition://android/schedule?days=1.2.3.4.5&start=22.0&end=7.0&exitAtAlarm=false,ok
01-17 15:25:46.538  1646  1646 D ConditionProviders: Subscribing to condition://android/event?userId=-10000&calendar=&reply=1 with ComponentInfo{android/com.android.server.notification.EventConditionProvider}
01-17 15:25:46.539  1646  1646 D ZenLog  : subscribe: condition://android/event?userId=-10000&calendar=&reply=1,ok
01-17 15:25:46.542  1901  1901 W System  : ClassLoader referenced unknown path: /system/priv-app/Settings/lib/x86_64
01-17 15:25:46.546  1407  1407 E OMXNodeInstance: getExtensionIndex(57f0014:google.vp9.decoder, OMX.google.android.index.configureVideoTunnelMode) ERROR: UnsupportedIndex(0x8000101a)
01-17 15:25:46.547  1407  1418 W OMXNodeInstance: [57f0014:google.vp9.decoder] component does not support metadata mode; using fallback
01-17 15:25:46.548  1410  1410 I MediaPlayerService: MediaPlayerService::getOMX
01-17 15:25:46.549  1410  1410 I OMXClient: MuxOMX ctor
01-17 15:25:46.549  1407  1822 I OMXMaster: makeComponentInstance(OMX.google.h263.encoder) in mediacodec process
01-17 15:25:46.559  1407  1822 I SoftMPEG4Encoder: Construct SoftMPEG4Encoder
01-17 15:25:46.564  1410  1410 W ACodec  : do not know color format 0x7f000789 = 2130708361
01-17 15:25:46.565  1407  1407 E OMXNodeInstance: getConfig(57f0015:google.h263.encoder, ConfigAndroidIntraRefresh(0x6f60000a)) ERROR: Undefined(0x80001001)
01-17 15:25:46.568  1410  1410 I MediaPlayerService: MediaPlayerService::getOMX
01-17 15:25:46.568  1410  1410 I OMXClient: MuxOMX ctor
01-17 15:25:46.569  1407  1407 I OMXMaster: makeComponentInstance(OMX.google.h264.encoder) in mediacodec process
01-17 15:25:46.592  1410  1410 W ACodec  : do not know color format 0x7f000789 = 2130708361
01-17 15:25:46.594  1410  1410 I MediaPlayerService: MediaPlayerService::getOMX
01-17 15:25:46.596  1410  1410 I OMXClient: MuxOMX ctor
01-17 15:25:46.597  1407  1407 I OMXMaster: makeComponentInstance(OMX.google.mpeg4.encoder) in mediacodec process
01-17 15:25:46.603  1858  1858 W System  : ClassLoader referenced unknown path: /system/priv-app/PrebuiltGmsCore/lib/x86_64
01-17 15:25:46.609  1407  1407 I SoftMPEG4Encoder: Construct SoftMPEG4Encoder
01-17 15:25:46.612  1410  1410 W ACodec  : do not know color format 0x7f000789 = 2130708361
01-17 15:25:46.612  1407  1418 E OMXNodeInstance: getConfig(57f0017:google.mpeg4.encoder, ConfigAndroidIntraRefresh(0x6f60000a)) ERROR: Undefined(0x80001001)
01-17 15:25:46.614  1410  1410 I MediaPlayerService: MediaPlayerService::getOMX
01-17 15:25:46.614  1410  1410 I OMXClient: MuxOMX ctor
01-17 15:25:46.614  1407  1418 I OMXMaster: makeComponentInstance(OMX.google.vp8.encoder) in mediacodec process
01-17 15:25:46.615  1646  1696 I WifiScanningService: wifi driver unloaded
01-17 15:25:46.615  1646  1646 D RttService: SCAN_AVAILABLE : 1
01-17 15:25:46.615  1646  1646 D ZenLog  : set_zen_mode: off,cleanUpZenRules
01-17 15:25:46.615  1646  1697 D RttService: DefaultState got{ when=0 what=160513 target=com.android.internal.util.StateMachine$SmHandler }
01-17 15:25:46.624  1715  1879 I LatinIME:LogUtils: Dictionary info: dictionary = main:en ; version = 54 ; date = 1414726273
01-17 15:25:46.632  1410  1410 W ACodec  : do not know color format 0x7f000789 = 2130708361
01-17 15:25:46.633  1407  1822 E OMXNodeInstance: getConfig(57f0018:google.vp8.encoder, ConfigAndroidIntraRefresh(0x6f60000a)) ERROR: Undefined(0x80001001)
01-17 15:25:46.635  1410  1410 I MediaPlayerService: MediaPlayerService::getOMX
01-17 15:25:46.635  1410  1410 I OMXClient: MuxOMX ctor
01-17 15:25:46.637  1410  1410 I MediaPlayerService: MediaPlayerService::getOMX
01-17 15:25:46.637  1410  1410 I OMXClient: MuxOMX ctor
01-17 15:25:46.637  1410  1410 W MediaCodecList: unable to open media codecs configuration xml file: /data/misc/media/media_codecs_profiling_results.xml
01-17 15:25:46.639  1410  1921 I MediaPlayerService: MediaPlayerService::getOMX
01-17 15:25:46.639  1410  1410 I MediaPlayerService: MediaPlayerService::getOMX
01-17 15:25:46.640  1646  1765 I OMXClient: MuxOMX ctor
01-17 15:25:46.640  1729  1918 I OMXClient: MuxOMX ctor
01-17 15:25:46.642  1407  1822 I OMXMaster: makeComponentInstance(OMX.google.vorbis.decoder) in mediacodec process
01-17 15:25:46.648  1889  1889 I wpa_supplicant: Successfully initialized wpa_supplicant
01-17 15:25:46.650  1646  1646 W System  : ClassLoader referenced unknown path: /system/priv-app/Telecom/lib/x86_64
01-17 15:25:46.651  1884  1884 W System  : ClassLoader referenced unknown path: /system/priv-app/TelephonyProvider/lib/x86_64
01-17 15:25:46.651  1889  1889 I wpa_supplicant: rfkill: Cannot open RFKILL control device
01-17 15:25:46.654  1407  1407 I OMXMaster: makeComponentInstance(OMX.google.vorbis.decoder) in mediacodec process
01-17 15:25:46.656  1889  1889 I wpa_supplicant: nl80211: Could not re-add multicast membership for vendor events: -2 (No such file or directory)
01-17 15:25:46.679  1646  1646 E BluetoothAdapter: Bluetooth binder is null
01-17 15:25:46.687  1646  1646 I Telecom : SystemStateProvider: Registering car mode receiver: android.content.IntentFilter@af8b891: TS.init@AAA
01-17 15:25:46.695  1884  1884 D TelephonyProvider: dbh.onOpen: ok, queried table=siminfo
01-17 15:25:46.696  1884  1884 D TelephonyProvider: dbh.onOpen: ok, queried table=carriers
01-17 15:25:46.696  1646  1945 I Telecom : Telecom: Non-call EVENT: AUDIO_ROUTE, Entering state QuiescentEarpieceRoute
01-17 15:25:46.697  1346  1361 E SurfaceFlinger: ro.sf.lcd_density must be defined as a build property
01-17 15:25:46.702  1646  1948 I Telecom : CallAudioModeStateMachine: Message received: null.: TS.init->CAMSM.pM_1@AAA_0
01-17 15:25:46.705  1646  1950 E ActivityThread: Failed to find provider info for call_log
01-17 15:25:46.705  1646  1646 E BluetoothAdapter: Bluetooth binder is null
01-17 15:25:46.715  1901  1901 D         : HostConnection::get() New Host Connection established 0x7daadc42f100, tid 1901
01-17 15:25:46.729  1410  1805 I MediaPlayerService: MediaPlayerService::getOMX
01-17 15:25:46.729  1646  1952 I OMXClient: MuxOMX ctor
01-17 15:25:46.731  1407  1418 I OMXMaster: makeComponentInstance(OMX.google.vorbis.decoder) in mediacodec process
01-17 15:25:46.735  1646  1646 I Telecom : Class: TelecomSystem.INSTANCE being set
01-17 15:25:46.735  1646  1646 E BluetoothAdapter: Bluetooth binder is null
01-17 15:25:46.750  1889  1889 E wpa_supplicant: global ctrl interface @android:wpa_wlan0 matches ctrl interface wlan0 - do not open per-interface ctrl interface
01-17 15:25:46.756  1729  1729 I vol.Events: writeEvent collection_started
01-17 15:25:46.759  1646  1694 D WifiConfigManager: Loading config and enabling all networks 
01-17 15:25:46.764  1729  1961 I vol.Events: writeEvent external_ringer_mode_changed normal
01-17 15:25:46.765  1729  1961 I vol.Events: writeEvent internal_ringer_mode_changed normal
01-17 15:25:46.782  1646  1694 E WifiNetworkHistory: readNetworkHistory: No config file, revert to default, java.io.FileNotFoundException: /data/misc/wifi/networkHistory.txt (No such file or directory)
01-17 15:25:46.782  1646  1694 E WifiNetworkHistory: java.io.FileNotFoundException: /data/misc/wifi/networkHistory.txt (No such file or directory)
01-17 15:25:46.782  1646  1694 E WifiNetworkHistory: 	at java.io.FileInputStream.open(Native Method)
01-17 15:25:46.782  1646  1694 E WifiNetworkHistory: 	at java.io.FileInputStream.<init>(FileInputStream.java:146)
01-17 15:25:46.782  1646  1694 E WifiNetworkHistory: 	at java.io.FileInputStream.<init>(FileInputStream.java:99)
01-17 15:25:46.782  1646  1694 E WifiNetworkHistory: 	at com.android.server.wifi.WifiNetworkHistory.readNetworkHistory(WifiNetworkHistory.java:331)
01-17 15:25:46.782  1646  1694 E WifiNetworkHistory: 	at com.android.server.wifi.WifiConfigManager.readNetworkHistory(WifiConfigManager.java:1828)
01-17 15:25:46.782  1646  1694 E WifiNetworkHistory: 	at com.android.server.wifi.WifiConfigManager.loadConfiguredNetworks(WifiConfigManager.java:1658)
01-17 15:25:46.782  1646  1694 E WifiNetworkHistory: 	at com.android.server.wifi.WifiConfigManager.loadAndEnableAllNetworks(WifiConfigManager.java:429)
01-17 15:25:46.782  1646  1694 E WifiNetworkHistory: 	at com.android.server.wifi.WifiStateMachine$SupplicantStartingState.processMessage(WifiStateMachine.java:4365)
01-17 15:25:46.782  1646  1694 E WifiNetworkHistory: 	at com.android.internal.util.StateMachine$SmHandler.processMsg(StateMachine.java:980)
01-17 15:25:46.782  1646  1694 E WifiNetworkHistory: 	at com.android.internal.util.StateMachine$SmHandler.handleMessage(StateMachine.java:799)
01-17 15:25:46.782  1646  1694 E WifiNetworkHistory: 	at android.os.Handler.dispatchMessage(Handler.java:102)
01-17 15:25:46.782  1646  1694 E WifiNetworkHistory: 	at android.os.Looper.loop(Looper.java:154)
01-17 15:25:46.782  1646  1694 E WifiNetworkHistory: 	at android.os.HandlerThread.run(HandlerThread.java:61)
01-17 15:25:46.783  1646  1694 D WifiConfigManager: loaded 0 passpoint configs
01-17 15:25:46.784  1646  1694 E IpConfigStore: Error parsing configuration: java.io.FileNotFoundException: /data/misc/wifi/ipconfig.txt (No such file or directory)
01-17 15:25:46.790  1646  1694 D WifiNative-HAL: Setting external_sim to 1
01-17 15:25:46.792  1646  1694 D WifiStateMachine: Setting OUI to DA-A1-19
01-17 15:25:46.793  1646  1694 D WifiCountryCode: Succeeded to set country code to: US
01-17 15:25:46.798  1646  1694 I WifiConnectivityManager: PNO settings: min5GHzRssi -82 min24GHzRssi -85 currentConnectionBonus 16 sameNetworkBonus 24 secureNetworkBonus 80 initialScoreMax 100
01-17 15:25:46.798  1646  1694 I WifiConnectivityManager: ConnectivityScanManager initialized 
01-17 15:25:46.798  1646  1694 E WifiLogger: no ring buffers found
01-17 15:25:46.798  1646  1694 E WifiLogger: Failed to start packet fate monitoring
01-17 15:25:46.801  1646  1646 W System  : ClassLoader referenced unknown path: /system/priv-app/FusedLocation/lib/x86_64
01-17 15:25:46.812  1646  1694 I WifiConnectivityManager: Set WiFi enabled
01-17 15:25:46.812  1646  1694 I WifiConnectivityManager: scheduleWatchdogTimer
01-17 15:25:46.814  1646  1694 W AlarmManager: Unrecognized alarm listener com.android.server.wifi.WifiConnectivityManager$3@dba8245
01-17 15:25:46.814  1646  1694 E WifiScanner: listener cannot be found
01-17 15:25:46.816  1646  1694 D WifiNative-HAL: Failing getSupportedFeatureset because HAL isn't started
01-17 15:25:46.817  1646  1663 E BatteryStatsService: no controller energy info supplied
01-17 15:25:46.817  1646  1663 E KernelCpuSpeedReader: Failed to read cpu-freq: /sys/devices/system/cpu/cpu0/cpufreq/stats/time_in_state (No such file or directory)
01-17 15:25:46.817  1646  1703 D NotificationSQLiteLog: Pruned event entries: 0
01-17 15:25:46.818  1646  1663 E KernelUidCpuTimeReader: Failed to read uid_cputime: /proc/uid_cputime/show_uid_stat (No such file or directory)
01-17 15:25:46.823  1646  1694 E WifiConnectivityManager: SingleScanListener onFailure: reason: -1 description: not available
01-17 15:25:46.823  1646  1694 D WifiNative-HAL: Failing getSupportedFeatureset because HAL isn't started
01-17 15:25:46.824  1646  1663 E BatteryStatsService: no controller energy info supplied
01-17 15:25:46.825  1646  1663 E KernelCpuSpeedReader: Failed to read cpu-freq: /sys/devices/system/cpu/cpu0/cpufreq/stats/time_in_state (No such file or directory)
01-17 15:25:46.825  1646  1663 E KernelUidCpuTimeReader: Failed to read uid_cputime: /proc/uid_cputime/show_uid_stat (No such file or directory)
01-17 15:25:46.834  1646  1646 D GpsNetInitiatedHandler: location enabled :true
01-17 15:25:46.835  1646  1646 V WiredAccessoryManager: notifyWiredAccessoryChanged: when=0 bits= mask=54
01-17 15:25:46.835  1646  1646 V WiredAccessoryManager: newName=h2w newState=0 headsetState=0 prev headsetState=0
01-17 15:25:46.835  1646  1646 E WiredAccessoryManager: No state change.
01-17 15:25:46.835  1646  1646 V WiredAccessoryManager: init()
01-17 15:25:46.853  1901  1947 D         : HostConnection::get() New Host Connection established 0x7daadc570140, tid 1947
01-17 15:25:46.858  1410  1921 I MediaPlayerService: MediaPlayerService::getOMX
01-17 15:25:46.858  1729  1972 I OMXClient: MuxOMX ctor
01-17 15:25:46.859  1410  1427 I MediaPlayerService: MediaPlayerService::getOMX
01-17 15:25:46.859  1646  1973 I OMXClient: MuxOMX ctor
01-17 15:25:46.859  1901  1947 I OpenGLRenderer: Initialized EGL, version 1.4
01-17 15:25:46.859  1901  1947 D OpenGLRenderer: Swap behavior 1
01-17 15:25:46.860  1901  1947 W OpenGLRenderer: Failed to choose config with EGL_SWAP_BEHAVIOR_PRESERVED, retrying without...
01-17 15:25:46.860  1901  1947 D OpenGLRenderer: Swap behavior 0
01-17 15:25:46.861  1407  1822 I OMXMaster: makeComponentInstance(OMX.google.vorbis.decoder) in mediacodec process
01-17 15:25:46.873  1901  1947 D EGL_emulation: eglCreateContext: 0x7daad27b54e0: maj 2 min 0 rcv 2
01-17 15:25:46.881  1646  1646 D AccessibilityManagerService: Ignoring non-encryption-aware service ComponentInfo{com.example.android.apis/com.example.android.apis.accessibility.ClockBackService}
01-17 15:25:46.881  1646  1646 D AccessibilityManagerService: Ignoring non-encryption-aware service ComponentInfo{com.example.android.apis/com.example.android.apis.accessibility.MagnificationService}
01-17 15:25:46.881  1646  1646 D AccessibilityManagerService: Ignoring non-encryption-aware service ComponentInfo{com.example.android.apis/com.example.android.apis.accessibility.TaskBackService}
01-17 15:25:46.882  1901  1947 D EGL_emulation: eglMakeCurrent: 0x7daad27b54e0: ver 2 0 (tinfo 0x7daad27ebec0)
01-17 15:25:46.882  1346  1361 D PermissionCache: checking android.permission.HARDWARE_TEST for uid=1000 => granted (365 us)
01-17 15:25:46.886  1407  1943 I OMXMaster: makeComponentInstance(OMX.google.vorbis.decoder) in mediacodec process
01-17 15:25:46.899  1646  1646 W VibratorService: Tried to stop vibrating but there is no vibrator device.
01-17 15:25:46.902  1646  1646 D ConditionProviders.SCP: onSubscribe condition://android/schedule?days=6.7&start=23.30&end=10.0&exitAtAlarm=false
01-17 15:25:46.903  1646  1646 D ConditionProviders.SCP: setRegistered true
01-17 15:25:46.903  1646  1659 I SyncManager: Got SyncJobService instance.
01-17 15:25:46.904  1646  1646 D ConditionProviders.SCP: notifyCondition condition://android/schedule?days=6.7&start=23.30&end=10.0&exitAtAlarm=false STATE_FALSE reason=!meetsSchedule
01-17 15:25:46.905  1901  1947 D EGL_emulation: eglMakeCurrent: 0x7daad27b54e0: ver 2 0 (tinfo 0x7daad27ebec0)
01-17 15:25:46.907  1646  1646 D ConditionProviders.SCP: Scheduling evaluate for Fri Jan 17 23:30:00 GMT+00:00 2025 (1737156600000), in +8h4m13s96ms, now=Fri Jan 17 15:25:46 GMT+00:00 2025 (1737127546904)
01-17 15:25:46.907  1646  1646 D ConditionProviders.SCP: onSubscribe condition://android/schedule?days=1.2.3.4.5&start=22.0&end=7.0&exitAtAlarm=false
01-17 15:25:46.908  1646  1646 D ConditionProviders.SCP: notifyCondition condition://android/schedule?days=6.7&start=23.30&end=10.0&exitAtAlarm=false STATE_FALSE reason=!meetsSchedule
01-17 15:25:46.908  1646  1646 D ConditionProviders.SCP: notifyCondition condition://android/schedule?days=1.2.3.4.5&start=22.0&end=7.0&exitAtAlarm=false STATE_FALSE reason=!meetsSchedule
01-17 15:25:46.908  1646  1646 D ConditionProviders.SCP: Scheduling evaluate for Fri Jan 17 22:00:00 GMT+00:00 2025 (1737151200000), in +6h34m13s93ms, now=Fri Jan 17 15:25:46 GMT+00:00 2025 (1737127546907)
01-17 15:25:46.914  1646  1646 I Telecom : WiredHeadsetManager: ACTION_HEADSET_PLUG event, plugged in: false, : WHC.oADA@AAE
01-17 15:25:46.917  1646  1704 E ActivityThread: Failed to find provider info for com.android.calendar
01-17 15:25:46.918  1646  1704 E ActivityThread: Failed to find provider info for com.android.calendar
01-17 15:25:46.926  1646  1660 V KeyguardServiceDelegate: *** Keyguard started
01-17 15:25:46.926  1646  1660 W KeyguardServiceDelegate: onScreenTurningOn(): no keyguard service!
01-17 15:25:46.927  1646  1667 I ActivityManager: Displayed com.android.settings/.FallbackHome: +429ms
01-17 15:25:46.929  1646  1646 I ActivityManager: user 0 is still locked. Cannot load recents
01-17 15:25:46.933  1646  1646 D RttService: SCAN_AVAILABLE : 3
01-17 15:25:46.934  1646  1697 D RttService: DefaultState got{ when=-1ms what=160512 target=com.android.internal.util.StateMachine$SmHandler }
01-17 15:25:46.938  1646  1696 I WifiScanningService: wifi driver loaded with scan capabilities: max buckets=16
01-17 15:25:46.945  1646  1646 I FusedLocation: engine started (com.android.location.fused)
01-17 15:25:46.978  1858  1858 W art     : Verification of void rqt.a(boolean, boolean) took 147.873ms
01-17 15:25:46.980  1410  1805 I MediaPlayerService: MediaPlayerService::getOMX
01-17 15:25:46.980  1646  1991 I OMXClient: MuxOMX ctor
01-17 15:25:46.981  1407  1822 I OMXMaster: makeComponentInstance(OMX.google.vorbis.decoder) in mediacodec process
01-17 15:25:47.002  1729  1961 I vol.Events: writeEvent level_changed STREAM_ALARM 6
01-17 15:25:47.003  1729  1961 I vol.Events: writeEvent level_changed STREAM_BLUETOOTH_SCO 7
01-17 15:25:47.004  1729  1961 I vol.Events: writeEvent level_changed STREAM_MUSIC 11
01-17 15:25:47.005  1729  1961 I vol.Events: writeEvent level_changed STREAM_RING 5
01-17 15:25:47.006  1729  1961 I vol.Events: writeEvent level_changed STREAM_SYSTEM 5
01-17 15:25:47.008  1729  1961 I vol.Events: writeEvent level_changed STREAM_VOICE_CALL 4
01-17 15:25:47.009  1410  1427 I MediaPlayerService: MediaPlayerService::getOMX
01-17 15:25:47.009  1729  1995 I OMXClient: MuxOMX ctor
01-17 15:25:47.011  1407  1943 I OMXMaster: makeComponentInstance(OMX.google.vorbis.decoder) in mediacodec process
01-17 15:25:47.016  1346  1363 E SurfaceFlinger: ro.sf.lcd_density must be defined as a build property
01-17 15:25:47.021  1729  1729 D         : HostConnection::get() New Host Connection established 0x7daad27bdde0, tid 1729
01-17 15:25:47.031  1410  1805 I MediaPlayerService: MediaPlayerService::getOMX
01-17 15:25:47.031  1646  2000 I OMXClient: MuxOMX ctor
01-17 15:25:47.032  1407  1407 I OMXMaster: makeComponentInstance(OMX.google.vorbis.decoder) in mediacodec process
01-17 15:25:47.035  1729  1729 D StorageNotification: Notifying about private volume: VolumeInfo{private}:
01-17 15:25:47.035  1729  1729 D StorageNotification:     type=PRIVATE diskId=null partGuid=null mountFlags=0 mountUserId=-1 
01-17 15:25:47.035  1729  1729 D StorageNotification:     state=MOUNTED 
01-17 15:25:47.035  1729  1729 D StorageNotification:     fsType=null fsUuid=null fsLabel=null 
01-17 15:25:47.035  1729  1729 D StorageNotification:     path=/data internalPath=null 
01-17 15:25:47.036  1729  1729 D StorageNotification: Notifying about public volume: VolumeInfo{public:253,64}:
01-17 15:25:47.036  1729  1729 D StorageNotification:     type=PUBLIC diskId=disk:253,64 partGuid=null mountFlags=VISIBLE 
01-17 15:25:47.036  1729  1729 D StorageNotification:     mountUserId=0 state=MOUNTED 
01-17 15:25:47.036  1729  1729 D StorageNotification:     fsType=vfat fsUuid=0000-0000 fsLabel=SDCARD 
01-17 15:25:47.036  1729  1729 D StorageNotification:     path=/storage/0000-0000 internalPath=/mnt/media_rw/0000-0000 
01-17 15:25:47.041  1884  1884 D PhoneSwitcherNetworkRequstListener: Registering NetworkFactory
01-17 15:25:47.042  1646  1698 D ConnectivityService: Got NetworkFactory Messenger for PhoneSwitcherNetworkRequstListener
01-17 15:25:47.045  1646  1698 D ConnectivityService: Got NetworkFactory Messenger for TelephonyNetworkFactory[0]
01-17 15:25:47.065  1884  2005 E ActivityThread: Failed to find provider info for com.android.contacts
01-17 15:25:47.065  1884  2005 W CallerInfoCache: cursor is null
01-17 15:25:47.068  1884  1884 D CarrierConfigLoader: CarrierConfigLoader has started
01-17 15:25:47.069  1884  1884 E BluetoothAdapter: Bluetooth binder is null
01-17 15:25:47.125  1884  1884 I Telephony: TtyManager: updateUiTtyMode -1 -> 0
01-17 15:25:47.129  1410  1410 I MediaPlayerService: MediaPlayerService::getOMX
01-17 15:25:47.131  1646  2008 I OMXClient: MuxOMX ctor
01-17 15:25:47.131  1407  1943 I OMXMaster: makeComponentInstance(OMX.google.vorbis.decoder) in mediacodec process
01-17 15:25:47.143  1646  1646 I GnssLocationProvider: WakeLock acquired by sendMessage(12, 0, null)
01-17 15:25:47.145  1646  1659 I GnssLocationProvider: WakeLock released by handleMessage(12, 0, null)
01-17 15:25:47.151  1646  1661 V KeyguardServiceDelegate: *** Keyguard connected (yay!)
01-17 15:25:47.153  1346  1361 I SurfaceFlinger: Boot is finished (6314 ms)
01-17 15:25:47.156  1646  1881 D AlarmManagerService: Kernel timezone updated to 0 minutes west of GMT
01-17 15:25:47.159  1858  1858 W art     : Verification of void rqt.onCreate() took 124.522ms
01-17 15:25:47.163  1646  1742 D AlarmManagerService: Setting time of day to sec=1737127549
01-17 15:25:49.048  1346  1367 W SurfaceFlinger: Timed out waiting for hw vsync; faking it
01-17 15:25:49.048  1646  1742 W AlarmManagerService: Unable to set rtc to 1737127549: No such device
01-17 15:25:49.048  1346  1365 W SurfaceFlinger: Timed out waiting for hw vsync; faking it
01-17 15:25:49.056  1646  1646 D ConditionProviders.SCP: onReceive android.intent.action.TIME_SET
01-17 15:25:49.056  1646  1646 D ConditionProviders.SCP: notifyCondition condition://android/schedule?days=6.7&start=23.30&end=10.0&exitAtAlarm=false STATE_FALSE reason=!meetsSchedule
01-17 15:25:49.056  1646  1646 D ConditionProviders.SCP: notifyCondition condition://android/schedule?days=1.2.3.4.5&start=22.0&end=7.0&exitAtAlarm=false STATE_FALSE reason=!meetsSchedule
01-17 15:25:49.057  1646  1646 D ConditionProviders.SCP: Scheduling evaluate for Fri Jan 17 22:00:00 GMT+00:00 2025 (1737151200000), in +6h34m10s944ms, now=Fri Jan 17 15:25:49 GMT+00:00 2025 (1737127549056)
01-17 15:25:49.058  1646  1704 E ActivityThread: Failed to find provider info for com.android.calendar
01-17 15:25:49.058  1646  1704 E ActivityThread: Failed to find provider info for com.android.calendar
01-17 15:25:49.067  1646  1657 I StatusBarManagerService: registerStatusBar bar=com.android.internal.statusbar.IStatusBar$Stub$Proxy@19a24b1
01-17 15:25:49.107  1858  1858 E ActivityThread: Failed to find provider info for com.google.android.gsf.gservices
01-17 15:25:49.119  2017  2017 I bootstat: Service started: /system/bin/bootstat --record_boot_complete 
01-17 15:25:49.124  2017  2017 I bootstat: Logging histogram: bootstat_mtime_matches_content 1
01-17 15:25:49.124  2017  2017 I bootstat: Logging histogram: bootstat_mtime_matches_content 1
01-17 15:25:49.125  1884  1884 D PhoneSwitcherNetworkRequstListener: got request NetworkRequest [ id=1, legacyType=-1, [ Capabilities: INTERNET&NOT_RESTRICTED&TRUSTED&NOT_VPN] ] with score 0
01-17 15:25:49.128  1884  1884 D TelephonyDebugService: TelephonyDebugService()
01-17 15:25:49.130  1884  1884 D CarrierConfigLoader: mHandler: 12 phoneId: 0
01-17 15:25:49.135  2018  2018 I bootstat: Service started: /system/bin/bootstat --record_boot_reason 
01-17 15:25:49.135  2018  2018 I bootstat: Unknown boot reason: 
01-17 15:25:49.143  2021  2021 I bootstat: Service started: /system/bin/bootstat --record_time_since_factory_reset 
01-17 15:25:49.143  2021  2021 I bootstat: Logging histogram: factory_reset_current_time 1737127549
01-17 15:25:49.145  2021  2021 I bootstat: Logging histogram: bootstat_mtime_matches_content 1
01-17 15:25:49.145  2021  2021 I bootstat: Logging histogram: factory_reset_record_value 1737113731
01-17 15:25:49.152  2023  2023 I bootstat: Service started: /system/bin/bootstat -l 
01-17 15:25:49.152  2023  2023 I bootstat: Logging histogram: bootstat_mtime_matches_content 1
01-17 15:25:49.153  2023  2023 I bootstat: Logging histogram: bootstat_mtime_matches_content 1
01-17 15:25:49.153  2023  2023 I bootstat: Logging histogram: bootstat_mtime_matches_content 1
01-17 15:25:49.154  2023  2023 I bootstat: Logging histogram: bootstat_mtime_matches_content 1
01-17 15:25:49.155  2023  2023 I bootstat: Logging histogram: bootstat_mtime_matches_content 1
01-17 15:25:49.155  2023  2023 I bootstat: Logging histogram: bootstat_mtime_matches_content 1
01-17 15:25:49.155  2023  2023 I bootstat: Logging histogram: bootstat_mtime_matches_content 1
01-17 15:25:49.155  2023  2023 I bootstat: Logging histogram: bootstat_mtime_matches_content 1
01-17 15:25:49.155  2023  2023 I bootstat: Logging histogram: bootstat_mtime_matches_content 1
01-17 15:25:49.155  2023  2023 I bootstat: Logging histogram: bootstat_mtime_matches_content 1
01-17 15:25:49.155  2023  2023 I bootstat: Logging histogram: bootstat_mtime_matches_content 1
01-17 15:25:49.155  2023  2023 I bootstat: Logging histogram: bootstat_mtime_matches_content 1
01-17 15:25:49.155  2023  2023 I bootstat: Logging histogram: post_decrypt_time_elapsed 3
01-17 15:25:49.155  2023  2023 I bootstat: Logging histogram: build_date 1595313180
01-17 15:25:49.155  2023  2023 I bootstat: Logging histogram: boot_decryption_complete 9
01-17 15:25:49.155  2023  2023 I bootstat: Logging histogram: ota_boot_complete_post_decrypt 19
01-17 15:25:49.155  2023  2023 I bootstat: Logging histogram: ota_boot_complete 71
01-17 15:25:49.156  2023  2023 I bootstat: Logging histogram: boot_reason 1
01-17 15:25:49.156  2023  2023 I bootstat: Logging histogram: factory_reset_current_time 1737127549
01-17 15:25:49.156  2023  2023 I bootstat: Logging histogram: factory_reset 1737113731
01-17 15:25:49.156  2023  2023 I bootstat: Logging histogram: boot_complete_post_decrypt 6
01-17 15:25:49.156  2023  2023 I bootstat: Logging histogram: boot_complete 9
01-17 15:25:49.156  2023  2023 I bootstat: Logging histogram: factory_reset_record_value 1737113731
01-17 15:25:49.156  2023  2023 I bootstat: Logging histogram: time_since_factory_reset 13818
01-17 15:25:49.158  1858  1858 E ActivityThread: Failed to find provider info for com.google.android.gsf.gservices
01-17 15:25:49.159  1858  1858 E ActivityThread: Failed to find provider info for com.google.android.gsf.gservices
01-17 15:25:49.160  1884  1884 E PhoneInterfaceManager: [PhoneIntfMgr] getIccId: No UICC
01-17 15:25:49.161  1858  1858 E ActivityThread: Failed to find provider info for com.google.android.gsf.gservices
01-17 15:25:49.161  1858  1858 E ActivityThread: Failed to find provider info for com.google.android.gsf.gservices
01-17 15:25:49.162  1858  1858 E ActivityThread: Failed to find provider info for com.google.android.gsf.gservices
01-17 15:25:49.162  1858  1858 E ActivityThread: Failed to find provider info for com.google.android.gsf.gservices
01-17 15:25:49.163  1858  1858 E ActivityThread: Failed to find provider info for com.google.android.gsf.gservices
01-17 15:25:49.164  1858  1858 E ActivityThread: Failed to find provider info for com.google.android.gsf.gservices
01-17 15:25:49.164  1646  1658 I Telecom : PhoneAccountRegistrar: New phone account registered: [[ ] PhoneAccount: ComponentInfo{com.android.phone/com.android.services.telephony.TelephonyConnectionService}, [e0184adedf913b076626646d3f52c3b49c39ad6d], UserHandle{0} Capabilities: CallProvider MultiUser PlaceEmerg SimSub  Schemes: tel voicemail  Extras: null]: TSI.rPA@AAM
01-17 15:25:49.166  1646  1658 I Telecom : : Sending phone-account registered intent as user: TSI.rPA@AAM
01-17 15:25:49.168  1858  1858 E ActivityThread: Failed to find provider info for com.google.android.gsf.gservices
01-17 15:25:49.168  1884  1884 I Telephony: AccountEntry: Registered phoneAccount: [[ ] PhoneAccount: ComponentInfo{com.android.phone/com.android.services.telephony.TelephonyConnectionService}, [e0184adedf913b076626646d3f52c3b49c39ad6d], UserHandle{0} Capabilities: CallProvider MultiUser PlaceEmerg SimSub  Schemes: tel voicemail  Extras: null] with handle: ComponentInfo{com.android.phone/com.android.services.telephony.TelephonyConnectionService}, [e0184adedf913b076626646d3f52c3b49c39ad6d], UserHandle{0}
01-17 15:25:49.168  1858  1858 E ActivityThread: Failed to find provider info for com.google.android.gsf.gservices
01-17 15:25:49.169  1884  1884 I Telephony: PstnIncomingCallNotifier: Registering: Handler (com.android.internal.telephony.GsmCdmaPhone) {4933eaf}
01-17 15:25:49.169  1858  1858 E ActivityThread: Failed to find provider info for com.google.android.gsf.gservices
01-17 15:25:49.170  1858  1858 E ActivityThread: Failed to find provider info for com.google.android.gsf.gservices
01-17 15:25:49.171  1858  1858 E ActivityThread: Failed to find provider info for com.google.android.gsf.gservices
01-17 15:25:49.171  1858  1858 E ActivityThread: Failed to find provider info for com.google.android.gsf.gservices
01-17 15:25:49.172  1858  1858 E ActivityThread: Failed to find provider info for com.google.android.gsf.gservices
01-17 15:25:49.173  1884  1884 I Telephony: TelecomAccountRegistry: Unregistering phone account ComponentInfo{com.android.phone/com.android.services.telephony.TelephonyConnectionService}, [e2f7d48dd2b5ca523e7313cf4ba0f6ea830b6281], UserHandle{0}.
01-17 15:25:49.175  1646  1657 I Telecom : : Sending phone-account unregistered intent as user: TSI.uPA@AAU
01-17 15:25:49.184  1858  1858 W DirectBootExitBR: User is in direct boot mode.
01-17 15:25:49.184  1858  1858 E ActivityThread: Failed to find provider info for com.google.android.gsf.gservices
01-17 15:25:49.185  1858  1858 E ActivityThread: Failed to find provider info for com.google.android.gsf.gservices
01-17 15:25:49.188  1646  1646 I GnssLocationProvider: WakeLock acquired by sendMessage(12, 0, null)
01-17 15:25:49.189  1646  1659 I GnssLocationProvider: WakeLock released by handleMessage(12, 0, null)
01-17 15:25:49.189  1884  1884 D MccTable: updateMccMncConfiguration mccmnc='310260' fromServiceState=true
01-17 15:25:49.190  1884  1884 D MccTable: updateMccMncConfiguration defaultMccMnc=
01-17 15:25:49.190  1884  1884 D MccTable: updateMccMncConfiguration: mcc=310, mnc=260
01-17 15:25:49.190  1884  1884 D MccTable: WIFI_COUNTRY_CODE set to us
01-17 15:25:49.192  1646  1881 I WifiService: WifiService trying to set country code to us with persist set to true
01-17 15:25:49.192  1646  1881 D WifiCountryCode: Succeeded to set country code to: US
01-17 15:25:49.196  1858  1858 E ActivityThread: Failed to find provider info for com.google.android.gsf.gservices
01-17 15:25:49.197  1858  1858 E ActivityThread: Failed to find provider info for com.google.android.gsf.gservices
01-17 15:25:49.197  1858  1858 E ActivityThread: Failed to find provider info for com.google.android.gsf.gservices
01-17 15:25:49.209  1884  1884 I Telephony: PstnIncomingCallNotifier: Unregistering: Handler (com.android.internal.telephony.GsmCdmaPhone) {4933eaf}
01-17 15:25:49.209  1884  1884 E PhoneInterfaceManager: [PhoneIntfMgr] getIccId: No UICC
01-17 15:25:49.213  1646  1657 I Telecom : PhoneAccountRegistrar: [ComponentInfo{com.android.phone/com.android.services.telephony.TelephonyConnectionService}, [e0184adedf913b076626646d3f52c3b49c39ad6d], UserHandle{0}(icon: Icon(typ=BITMAP size=50x63) -> Icon(typ=BITMAP size=50x63))]: TSI.rPA@AAg
01-17 15:25:49.219  1646  1657 I Telecom : : Sending phone-account registered intent as user: TSI.rPA@AAg
01-17 15:25:49.221  1884  1884 I Telephony: AccountEntry: Registered phoneAccount: [[ ] PhoneAccount: ComponentInfo{com.android.phone/com.android.services.telephony.TelephonyConnectionService}, [e0184adedf913b076626646d3f52c3b49c39ad6d], UserHandle{0} Capabilities: CallProvider MultiUser PlaceEmerg SimSub  Schemes: tel voicemail  Extras: null] with handle: ComponentInfo{com.android.phone/com.android.services.telephony.TelephonyConnectionService}, [e0184adedf913b076626646d3f52c3b49c39ad6d], UserHandle{0}
01-17 15:25:49.221  1884  1884 I Telephony: PstnIncomingCallNotifier: Registering: Handler (com.android.internal.telephony.GsmCdmaPhone) {4933eaf}
01-17 15:25:49.250  1729  1729 W System  : ClassLoader referenced unknown path: 
01-17 15:25:49.250  1729  1729 W System  : ClassLoader referenced unknown path: /system/priv-app/Dialer/lib/x86_64
01-17 15:25:49.259  1646  1667 I SystemServiceManager: Starting phase 1000
01-17 15:25:49.273  2027  2027 W art     : Unexpected CPU variant for X86 using defaults: x86_64
01-17 15:25:49.273  1646  1667 I ActivityManager: Start proc 2027:com.google.android.ext.services/u0a15 for on-hold
01-17 15:25:49.277  1646  1667 D ActivityManager: Finishing user boot 0
01-17 15:25:49.278  1646  1667 D CryptdConnector: SND -> {3 cryptfs prepare_user_storage ! 0 0 2}
01-17 15:25:49.278  1300  1337 D vold    : e4crypt_prepare_user_storage for volume null, user 0, serial 0, flags 2
01-17 15:25:49.278  1300  1337 D vold    : Preparing: /data/system_ce/0
01-17 15:25:49.279  1300  1337 D vold    : Preparing: /data/misc_ce/0
01-17 15:25:49.279  1300  1337 D vold    : Preparing: /data/media/0
01-17 15:25:49.279  1300  1337 D vold    : Preparing: /data/data
01-17 15:25:49.279  1646  1687 D CryptdConnector: RCV <- {200 3 Command succeeded}
01-17 15:25:49.279  1646  1667 V UserManagerService: Found /data/user/0 with serial number 0
01-17 15:25:49.279  1646  1667 V UserManagerService: Found /data/system_ce/0 with serial number 0
01-17 15:25:49.280  1646  1667 V PackageManager: reconcileAppsData for null u0 0x2
01-17 15:25:49.318  1405  1405 W cutils  : Expected path /data/data/com.google.android.gms with mode 700 but found 711
01-17 15:25:49.319  1405  1405 W cutils  : Expected path /data/data/com.google.android.gms with mode 700 but found 711
01-17 15:25:49.364  1646  1667 V PackageManager: reconcileAppsData finished 99 packages; restoreconNeeded was false
01-17 15:25:49.373  1884  1884 D MccTable: updateMccMncConfiguration mccmnc='310260' fromServiceState=false
01-17 15:25:49.374  1884  1884 D MccTable: updateMccMncConfiguration defaultMccMnc=
01-17 15:25:49.374  1884  1884 D MccTable: updateMccMncConfiguration: mcc=310, mnc=260
01-17 15:25:49.374  1884  1884 D MccTable: updateMccMncConfiguration updateConfig config={1.0 310mcc260mnc ?localeList ?layoutDir ?swdp ?wdp ?hdp ?density ?lsize ?long ?orien ?uimode ?night ?touch ?keyb/?/? ?nav/?}
01-17 15:25:49.375  2027  2027 W System  : ClassLoader referenced unknown path: /system/priv-app/GoogleExtServices/lib/x86_64
01-17 15:25:49.377  2046  2046 W art     : Unexpected CPU variant for X86 using defaults: x86_64
01-17 15:25:49.379  1646  1746 I ActivityManager: Start proc 2046:com.google.process.gapps/u0a14 for content provider com.google.android.gsf/.gservices.GservicesProvider
01-17 15:25:49.380  1646  1742 I ActivityManager: Config changes=3 {1.0 310mcc260mnc [en_US] ldltr sw411dp w411dp h842dp 420dpi nrml long port finger qwerty/v/v dpad/v s.6}
01-17 15:25:49.393  1901  1947 D EGL_emulation: eglMakeCurrent: 0x7daad27b54e0: ver 2 0 (tinfo 0x7daad27ebec0)
01-17 15:25:49.401  1646  1881 I WindowManager: Destroying surface Surface(name=com.android.settings/com.android.settings.FallbackHome) called by com.android.server.wm.WindowStateAnimator.destroySurface:2016 com.android.server.wm.WindowStateAnimator.destroySurfaceLocked:882 com.android.server.wm.WindowState.removeLocked:1456 com.android.server.wm.WindowManagerService.removeWindowInnerLocked:2484 com.android.server.wm.WindowManagerService.removeWindowLocked:2442 com.android.server.wm.WindowManagerService.removeWindowLocked:2311 com.android.server.wm.WindowManagerService.removeWindow:2306 com.android.server.wm.Session.remove:202 
01-17 15:25:49.410  1646  1646 I GnssLocationProvider: WakeLock acquired by sendMessage(12, 0, null)
01-17 15:25:49.412  1646  1659 I GnssLocationProvider: WakeLock released by handleMessage(12, 0, null)
01-17 15:25:49.415  1884  1884 I Telephony: PstnIncomingCallNotifier: Unregistering: Handler (com.android.internal.telephony.GsmCdmaPhone) {4933eaf}
01-17 15:25:49.416  1646  1660 D MountService: onUnlockUser 0
01-17 15:25:49.416  1646  1660 D VoldConnector: SND -> {7 volume user_started 0}
01-17 15:25:49.416  1729  1729 E BluetoothAdapter: Bluetooth binder is null
01-17 15:25:49.417  1884  1884 E PhoneInterfaceManager: [PhoneIntfMgr] getIccId: No UICC
01-17 15:25:49.417  1300  1336 D vold    : Linking /storage/emulated/0 to /mnt/user/0/primary
01-17 15:25:49.417  1646  1686 D VoldConnector: RCV <- {200 7 Command succeeded}
01-17 15:25:49.418  1646  1685 D MountService: Volume public:253,64 broadcasting mounted to UserHandle{0}
01-17 15:25:49.421  1646  1685 D MountService: Volume emulated broadcasting mounted to UserHandle{0}
01-17 15:25:49.422  1646  2059 I Telecom : PhoneAccountRegistrar: [ComponentInfo{com.android.phone/com.android.services.telephony.TelephonyConnectionService}, [e0184adedf913b076626646d3f52c3b49c39ad6d], UserHandle{0}(addr: tel:************ -> tel:)(icon: Icon(typ=BITMAP size=50x63) -> Icon(typ=BITMAP size=50x63))(subAddr: tel:************ -> tel:)]: TSI.rPA@AAw
01-17 15:25:49.426  1646  2059 I Telecom : : Sending phone-account registered intent as user: TSI.rPA@AAw
01-17 15:25:49.428  2046  2046 W System  : ClassLoader referenced unknown path: /system/priv-app/GoogleServicesFramework/lib/x86_64
01-17 15:25:49.432  1884  1884 I Telephony: AccountEntry: Registered phoneAccount: [[ ] PhoneAccount: ComponentInfo{com.android.phone/com.android.services.telephony.TelephonyConnectionService}, [e0184adedf913b076626646d3f52c3b49c39ad6d], UserHandle{0} Capabilities: CallProvider MultiUser PlaceEmerg SimSub  Schemes: tel voicemail  Extras: null] with handle: ComponentInfo{com.android.phone/com.android.services.telephony.TelephonyConnectionService}, [e0184adedf913b076626646d3f52c3b49c39ad6d], UserHandle{0}
01-17 15:25:49.432  1884  1884 I Telephony: PstnIncomingCallNotifier: Registering: Handler (com.android.internal.telephony.GsmCdmaPhone) {4933eaf}
01-17 15:25:49.435  1729  1729 I CameraManagerGlobal: Connecting to camera service
01-17 15:25:49.438  1403  1403 V EmulatedCamera_Camera: getCameraInfo
01-17 15:25:49.438  1403  1403 V EmulatedCamera_BaseCamera: getCameraInfo
01-17 15:25:49.438  1403  1403 I CameraService: getCameraCharacteristics: Switching to HAL1 shim implementation...
01-17 15:25:49.438  1403  1403 V EmulatedCamera_Camera: getCameraInfo
01-17 15:25:49.439  1403  1403 V EmulatedCamera_BaseCamera: getCameraInfo
01-17 15:25:49.439  1403  1403 I CameraService: CameraService::connect call (PID -1 "cameraserver", camera ID 0) for HAL version default and Camera API version 1
01-17 15:25:49.439  1403  1403 E CameraService: getCameraPriorityFromProcState: Received invalid process state -1 from ActivityManagerService!
01-17 15:25:49.439  1403  1403 V EmulatedCamera_Camera: getCameraInfo
01-17 15:25:49.439  1403  1403 V EmulatedCamera_BaseCamera: getCameraInfo
01-17 15:25:49.444  1646  1646 I GnssLocationProvider: WakeLock acquired by sendMessage(12, 0, null)
01-17 15:25:49.445  1410  2067 E WVMExtractor: Failed to open libwvm.so: dlopen failed: library "libwvm.so" not found
01-17 15:25:49.447  1646  1659 I GnssLocationProvider: WakeLock released by handleMessage(12, 0, null)
01-17 15:25:49.447  1715  1715 I InputAttributes: InputType.TYPE_NULL is specified
01-17 15:25:49.448  1410  2065 D NuPlayerDriver: notifyListener_l(0xe860c4e0), (1, 0, 0), loop setting(0, 0)
01-17 15:25:49.448  1884  1884 I Telephony: PstnIncomingCallNotifier: Unregistering: Handler (com.android.internal.telephony.GsmCdmaPhone) {4933eaf}
01-17 15:25:49.449  1884  1884 E PhoneInterfaceManager: [PhoneIntfMgr] getIccId: No UICC
01-17 15:25:49.453  1646  1881 I Telecom : PhoneAccountRegistrar: [ComponentInfo{com.android.phone/com.android.services.telephony.TelephonyConnectionService}, [e0184adedf913b076626646d3f52c3b49c39ad6d], UserHandle{0}(icon: Icon(typ=BITMAP size=50x63) -> Icon(typ=BITMAP size=50x63))]: TSI.rPA@ABA
01-17 15:25:49.454  1646  1881 I Telecom : : Sending phone-account registered intent as user: TSI.rPA@ABA
01-17 15:25:49.455  1410  2070 D NuPlayerDriver: notifyListener_l(0xe860c5a0), (1, 0, 0), loop setting(0, 0)
01-17 15:25:49.457  1884  1884 I Telephony: AccountEntry: Registered phoneAccount: [[ ] PhoneAccount: ComponentInfo{com.android.phone/com.android.services.telephony.TelephonyConnectionService}, [e0184adedf913b076626646d3f52c3b49c39ad6d], UserHandle{0} Capabilities: CallProvider MultiUser PlaceEmerg SimSub  Schemes: tel voicemail  Extras: null] with handle: ComponentInfo{com.android.phone/com.android.services.telephony.TelephonyConnectionService}, [e0184adedf913b076626646d3f52c3b49c39ad6d], UserHandle{0}
01-17 15:25:49.457  1884  1884 I Telephony: PstnIncomingCallNotifier: Registering: Handler (com.android.internal.telephony.GsmCdmaPhone) {4933eaf}
01-17 15:25:49.459  1901  1947 D EGL_emulation: eglMakeCurrent: 0x7daad27b54e0: ver 2 0 (tinfo 0x7daad27ebec0)
01-17 15:25:49.474  2046  2046 I GservicesProvider: Gservices pushing to system: true; secure/global: true
01-17 15:25:49.475  1410  2072 D NuPlayerDriver: notifyListener_l(0xe860c900), (1, 0, 0), loop setting(0, 0)
01-17 15:25:49.479  1403  1403 I CameraFlashlight: Opening camera 0
01-17 15:25:49.479  1403  1403 V EmulatedCamera_Camera: getCameraInfo
01-17 15:25:49.479  1403  1403 V EmulatedCamera_BaseCamera: getCameraInfo
01-17 15:25:49.479  1403  1403 V EmulatedCamera_Camera: connectCamera
01-17 15:25:49.479  1403  1403 V EmulatedCamera_QemuDevice: connectDevice
01-17 15:25:49.479  1403  1403 V EmulatedCamera_QemuDevice: connectDevice: Connected to device 'virtualscene'
01-17 15:25:49.479  1403  1403 V EmulatedCamera_CallbackNotifier: setCallbacks: 0xf60b1d30, 0xf60b1d80, 0xf60b1ea0, 0xf60b1fc0 (0xf58c3280)
01-17 15:25:49.479  1403  1403 V EmulatedCamera_CallbackNotifier: enableMessage: msg_type = 0xc0d
01-17 15:25:49.479  1403  1403 V EmulatedCamera_CallbackNotifier:     CAMERA_MSG_ERROR
01-17 15:25:49.479  1403  1403 V EmulatedCamera_CallbackNotifier:     CAMERA_MSG_FOCUS
01-17 15:25:49.479  1403  1403 V EmulatedCamera_CallbackNotifier:     CAMERA_MSG_ZOOM
01-17 15:25:49.479  1403  1403 V EmulatedCamera_CallbackNotifier:     CAMERA_MSG_PREVIEW_METADATA
01-17 15:25:49.479  1403  1403 V EmulatedCamera_CallbackNotifier: **** Currently enabled messages:
01-17 15:25:49.479  1403  1403 V EmulatedCamera_CallbackNotifier:     CAMERA_MSG_ERROR
01-17 15:25:49.479  1403  1403 V EmulatedCamera_CallbackNotifier:     CAMERA_MSG_FOCUS
01-17 15:25:49.479  1403  1403 V EmulatedCamera_CallbackNotifier:     CAMERA_MSG_ZOOM
01-17 15:25:49.479  1403  1403 V EmulatedCamera_CallbackNotifier:     CAMERA_MSG_PREVIEW_METADATA
01-17 15:25:49.479  1403  1403 V EmulatedCamera_CallbackNotifier: disableMessage: msg_type = 0xffff
01-17 15:25:49.479  1403  1403 V EmulatedCamera_CallbackNotifier:     CAMERA_MSG_ERROR
01-17 15:25:49.479  1403  1403 V EmulatedCamera_CallbackNotifier:     CAMERA_MSG_SHUTTER
01-17 15:25:49.479  1403  1403 V EmulatedCamera_CallbackNotifier:     CAMERA_MSG_FOCUS
01-17 15:25:49.479  1403  1403 V EmulatedCamera_CallbackNotifier:     CAMERA_MSG_ZOOM
01-17 15:25:49.479  1403  1403 V EmulatedCamera_CallbackNotifier:     CAMERA_MSG_PREVIEW_FRAME
01-17 15:25:49.480  1403  1403 V EmulatedCamera_CallbackNotifier:     CAMERA_MSG_VIDEO_FRAME
01-17 15:25:49.480  1403  1403 V EmulatedCamera_CallbackNotifier:     CAMERA_MSG_POSTVIEW_FRAME
01-17 15:25:49.480  1403  1403 V EmulatedCamera_CallbackNotifier:     CAMERA_MSG_RAW_IMAGE
01-17 15:25:49.480  1403  1403 V EmulatedCamera_CallbackNotifier:     CAMERA_MSG_COMPRESSED_IMAGE
01-17 15:25:49.480  1403  1403 V EmulatedCamera_CallbackNotifier:     CAMERA_MSG_RAW_IMAGE_NOTIFY
01-17 15:25:49.480  1403  1403 V EmulatedCamera_CallbackNotifier:     CAMERA_MSG_PREVIEW_METADATA
01-17 15:25:49.480  1403  1403 V EmulatedCamera_CallbackNotifier: **** Currently enabled messages:
01-17 15:25:49.480  1403  1403 V EmulatedCamera_Preview: setPreviewWindow: current: 0x0 -> new: 0x0
01-17 15:25:49.480  1403  1403 V EmulatedCamera_Camera: doStopPreview
01-17 15:25:49.480  1403  1403 V EmulatedCamera_Camera: cancelPicture
01-17 15:25:49.480  1403  1403 V EmulatedCamera_Camera: releaseCamera
01-17 15:25:49.480  1403  1403 V EmulatedCamera_Camera: doStopPreview
01-17 15:25:49.480  1403  1403 V EmulatedCamera_QemuDevice: disconnectDevice
01-17 15:25:49.480  1403  1403 V EmulatedCamera_QemuDevice: disconnectDevice: Disonnected from device 'virtualscene'
01-17 15:25:49.480  1403  1403 V EmulatedCamera_Device: initializeWhiteBalanceModes with auto, 1.000000, 1.000000
01-17 15:25:49.480  1403  1403 V EmulatedCamera_Device: initializeWhiteBalanceModes with incandescent, 1.380000, 0.600000
01-17 15:25:49.480  1403  1403 V EmulatedCamera_Device: initializeWhiteBalanceModes with daylight, 1.090000, 0.920000
01-17 15:25:49.480  1403  1403 V EmulatedCamera_Device: initializeWhiteBalanceModes with twilight, 0.920000, 1.220000
01-17 15:25:49.480  1403  1403 V EmulatedCamera_Device: setWhiteBalanceMode with white balance auto
01-17 15:25:49.480  1403  1403 I CameraFlashlight: Destroying camera 0
01-17 15:25:49.481  1403  1403 V EmulatedCamera_Camera: closeCamera
01-17 15:25:49.481  1403  1403 V EmulatedCamera_Camera: doStopPreview
01-17 15:25:49.481  1403  1403 V EmulatedCamera_Device: initializeWhiteBalanceModes with auto, 1.000000, 1.000000
01-17 15:25:49.481  1403  1403 V EmulatedCamera_Device: initializeWhiteBalanceModes with incandescent, 1.380000, 0.600000
01-17 15:25:49.481  1403  1403 V EmulatedCamera_Device: initializeWhiteBalanceModes with daylight, 1.090000, 0.920000
01-17 15:25:49.481  1403  1403 V EmulatedCamera_Device: initializeWhiteBalanceModes with twilight, 0.920000, 1.220000
01-17 15:25:49.481  1403  1403 V EmulatedCamera_Device: setWhiteBalanceMode with white balance auto
01-17 15:25:49.483  1403  1403 I CameraService: disconnect: Disconnected client for camera 0 for PID 1403
01-17 15:25:49.483  1410  1805 D NuPlayerDriver: reset(0xe860c4e0) at state 4
01-17 15:25:49.483  1410  1805 D NuPlayerDriver: notifyListener_l(0xe860c4e0), (8, 0, 0), loop setting(0, 0)
01-17 15:25:49.484  1410  2065 D NuPlayerDriver: notifyResetComplete(0xe860c4e0)
01-17 15:25:49.485  1410  1410 D NuPlayerDriver: reset(0xe860c5a0) at state 4
01-17 15:25:49.485  1410  1410 D NuPlayerDriver: notifyListener_l(0xe860c5a0), (8, 0, 0), loop setting(0, 0)
01-17 15:25:49.486  1410  2070 D NuPlayerDriver: notifyResetComplete(0xe860c5a0)
01-17 15:25:49.487  1410  1921 D NuPlayerDriver: reset(0xe860c900) at state 4
01-17 15:25:49.487  1410  1921 D NuPlayerDriver: notifyListener_l(0xe860c900), (8, 0, 0), loop setting(0, 0)
01-17 15:25:49.487  1410  2072 D NuPlayerDriver: notifyResetComplete(0xe860c900)
01-17 15:25:49.488  1403  1709 V EmulatedCamera_Camera: getCameraInfo
01-17 15:25:49.488  1403  1709 V EmulatedCamera_BaseCamera: getCameraInfo
01-17 15:25:49.488  1403  1709 I CameraService: getCameraCharacteristics: Switching to HAL1 shim implementation...
01-17 15:25:49.488  1403  1709 V EmulatedCamera_Camera: getCameraInfo
01-17 15:25:49.488  1403  1709 V EmulatedCamera_BaseCamera: getCameraInfo
01-17 15:25:49.488  1403  1709 I CameraService: CameraService::connect call (PID -1 "cameraserver", camera ID 1) for HAL version default and Camera API version 1
01-17 15:25:49.489  1403  1709 E CameraService: getCameraPriorityFromProcState: Received invalid process state -1 from ActivityManagerService!
01-17 15:25:49.489  1403  1709 V EmulatedCamera_Camera: getCameraInfo
01-17 15:25:49.489  1403  1709 V EmulatedCamera_BaseCamera: getCameraInfo
01-17 15:25:49.500  1646  1660 V BackupManagerService: No ancestral data
01-17 15:25:49.504  1410  2074 D NuPlayerDriver: notifyListener_l(0xe860cc00), (1, 0, 0), loop setting(0, 0)
01-17 15:25:49.517  1410  2077 D NuPlayerDriver: notifyListener_l(0xe9e28f60), (1, 0, 0), loop setting(0, 0)
01-17 15:25:49.523  1646  1660 V KeyValueBackupJob: Scheduling k/v pass in 249 minutes
